============================================================
Currently Loaded Modulefiles:
 1) intel/oneapi/2023.2.0  
MKLROOT=/apps/support/intel_spr_rocky8.9/oneapi/2023.2.0/mkl/2023.2.0
============================================================
Job ID: tyy
Job name: tyy
Number of nodes: 1
Number of processors: 32
Task is running on the following nodes:
qhcn147
OMP_NUM_THREADS = 1
============================================================


The number of threads in each node for OpenMP parallelization is 1.


*******************************************************
*******************************************************
 Welcome to OpenMX   Ver. 3.9.9                           
 Copyright (C), 2002-2019, T. Ozaki                    
 OpenMX comes with ABSOLUTELY NO WARRANTY.             
 This is free software, and you are welcome to         
 redistribute it under the constitution of the GNU-GPL.
*******************************************************
*******************************************************



<Input_std>  Your input file was normally read.
<Input_std>  The system includes 1 species and 98 atoms.

*******************************************************
                     PAO and VPS                       
*******************************************************

<SetPara_DFT>  PAOs of species C were normally found.
<SetPara_DFT>  VPSs of species C were normally found.
               C_PBE19.vps is j-dependent.
               In case of scf.SpinOrbit.Coupling=off,
               j-dependent pseudo potentials are averaged by j-degeneracy,
               which corresponds to a scalar relativistic treatment.

*******************************************************
     Fourier transform of PAO and projectors of VNL    
*******************************************************

<FT_PAO>          Fourier transform of pseudo atomic orbitals
<FT_NLP>          Fourier transform of non-local projectors

*******************************************************
  Allocation of atoms to processors at MD_iter=    1     
*******************************************************

 proc =   0  # of atoms=   3  estimated weight=         3.00000
 proc =   1  # of atoms=   3  estimated weight=         3.00000
 proc =   2  # of atoms=   3  estimated weight=         3.00000
 proc =   3  # of atoms=   3  estimated weight=         3.00000
 proc =   4  # of atoms=   3  estimated weight=         3.00000
 proc =   5  # of atoms=   3  estimated weight=         3.00000
 proc =   6  # of atoms=   3  estimated weight=         3.00000
 proc =   7  # of atoms=   3  estimated weight=         3.00000
 proc =   8  # of atoms=   3  estimated weight=         3.00000
 proc =   9  # of atoms=   3  estimated weight=         3.00000
 proc =  10  # of atoms=   3  estimated weight=         3.00000
 proc =  11  # of atoms=   3  estimated weight=         3.00000
 proc =  12  # of atoms=   3  estimated weight=         3.00000
 proc =  13  # of atoms=   3  estimated weight=         3.00000
 proc =  14  # of atoms=   3  estimated weight=         3.00000
 proc =  15  # of atoms=   4  estimated weight=         4.00000
 proc =  16  # of atoms=   3  estimated weight=         3.00000
 proc =  17  # of atoms=   3  estimated weight=         3.00000
 proc =  18  # of atoms=   3  estimated weight=         3.00000
 proc =  19  # of atoms=   3  estimated weight=         3.00000
 proc =  20  # of atoms=   3  estimated weight=         3.00000
 proc =  21  # of atoms=   3  estimated weight=         3.00000
 proc =  22  # of atoms=   3  estimated weight=         3.00000
 proc =  23  # of atoms=   3  estimated weight=         3.00000
 proc =  24  # of atoms=   3  estimated weight=         3.00000
 proc =  25  # of atoms=   3  estimated weight=         3.00000
 proc =  26  # of atoms=   3  estimated weight=         3.00000
 proc =  27  # of atoms=   3  estimated weight=         3.00000
 proc =  28  # of atoms=   3  estimated weight=         3.00000
 proc =  29  # of atoms=   3  estimated weight=         3.00000
 proc =  30  # of atoms=   3  estimated weight=         3.00000
 proc =  31  # of atoms=   4  estimated weight=         4.00000




*******************************************************
        Analysis of neighbors and setting of grids        
*******************************************************

TFNAN=    4410   Average FNAN=  45.00000
TSNAN=       0   Average SNAN=   0.00000
<truncation> CpyCell= 1 ct_AN=   1 FNAN SNAN  45   0
<truncation> CpyCell= 1 ct_AN=   2 FNAN SNAN  45   0
<truncation> CpyCell= 1 ct_AN=   3 FNAN SNAN  45   0
<truncation> CpyCell= 1 ct_AN=   4 FNAN SNAN  45   0
<truncation> CpyCell= 1 ct_AN=   5 FNAN SNAN  45   0
<truncation> CpyCell= 1 ct_AN=   6 FNAN SNAN  45   0
<truncation> CpyCell= 1 ct_AN=   7 FNAN SNAN  45   0
<truncation> CpyCell= 1 ct_AN=   8 FNAN SNAN  45   0
<truncation> CpyCell= 1 ct_AN=   9 FNAN SNAN  45   0
<truncation> CpyCell= 1 ct_AN=  10 FNAN SNAN  45   0
<truncation> CpyCell= 1 ct_AN=  11 FNAN SNAN  45   0
<truncation> CpyCell= 1 ct_AN=  12 FNAN SNAN  45   0
<truncation> CpyCell= 1 ct_AN=  13 FNAN SNAN  45   0
<truncation> CpyCell= 1 ct_AN=  14 FNAN SNAN  45   0
<truncation> CpyCell= 1 ct_AN=  15 FNAN SNAN  45   0
<truncation> CpyCell= 1 ct_AN=  16 FNAN SNAN  45   0
<truncation> CpyCell= 1 ct_AN=  17 FNAN SNAN  45   0
<truncation> CpyCell= 1 ct_AN=  18 FNAN SNAN  45   0
<truncation> CpyCell= 1 ct_AN=  19 FNAN SNAN  45   0
<truncation> CpyCell= 1 ct_AN=  20 FNAN SNAN  45   0
     ..........
     ......

TFNAN=    4410   Average FNAN=  45.00000
TSNAN=       0   Average SNAN=   0.00000
<truncation> CpyCell= 2 ct_AN=   1 FNAN SNAN  45   0
<truncation> CpyCell= 2 ct_AN=   2 FNAN SNAN  45   0
<truncation> CpyCell= 2 ct_AN=   3 FNAN SNAN  45   0
<truncation> CpyCell= 2 ct_AN=   4 FNAN SNAN  45   0
<truncation> CpyCell= 2 ct_AN=   5 FNAN SNAN  45   0
<truncation> CpyCell= 2 ct_AN=   6 FNAN SNAN  45   0
<truncation> CpyCell= 2 ct_AN=   7 FNAN SNAN  45   0
<truncation> CpyCell= 2 ct_AN=   8 FNAN SNAN  45   0
<truncation> CpyCell= 2 ct_AN=   9 FNAN SNAN  45   0
<truncation> CpyCell= 2 ct_AN=  10 FNAN SNAN  45   0
<truncation> CpyCell= 2 ct_AN=  11 FNAN SNAN  45   0
<truncation> CpyCell= 2 ct_AN=  12 FNAN SNAN  45   0
<truncation> CpyCell= 2 ct_AN=  13 FNAN SNAN  45   0
<truncation> CpyCell= 2 ct_AN=  14 FNAN SNAN  45   0
<truncation> CpyCell= 2 ct_AN=  15 FNAN SNAN  45   0
<truncation> CpyCell= 2 ct_AN=  16 FNAN SNAN  45   0
<truncation> CpyCell= 2 ct_AN=  17 FNAN SNAN  45   0
<truncation> CpyCell= 2 ct_AN=  18 FNAN SNAN  45   0
<truncation> CpyCell= 2 ct_AN=  19 FNAN SNAN  45   0
<truncation> CpyCell= 2 ct_AN=  20 FNAN SNAN  45   0
     ..........
     ......

TFNAN=    4410   Average FNAN=  45.00000
TSNAN=       0   Average SNAN=   0.00000
<truncation> CpyCell= 2 ct_AN=   1 FNAN SNAN  45   0
<truncation> CpyCell= 2 ct_AN=   2 FNAN SNAN  45   0
<truncation> CpyCell= 2 ct_AN=   3 FNAN SNAN  45   0
<truncation> CpyCell= 2 ct_AN=   4 FNAN SNAN  45   0
<truncation> CpyCell= 2 ct_AN=   5 FNAN SNAN  45   0
<truncation> CpyCell= 2 ct_AN=   6 FNAN SNAN  45   0
<truncation> CpyCell= 2 ct_AN=   7 FNAN SNAN  45   0
<truncation> CpyCell= 2 ct_AN=   8 FNAN SNAN  45   0
<truncation> CpyCell= 2 ct_AN=   9 FNAN SNAN  45   0
<truncation> CpyCell= 2 ct_AN=  10 FNAN SNAN  45   0
<truncation> CpyCell= 2 ct_AN=  11 FNAN SNAN  45   0
<truncation> CpyCell= 2 ct_AN=  12 FNAN SNAN  45   0
<truncation> CpyCell= 2 ct_AN=  13 FNAN SNAN  45   0
<truncation> CpyCell= 2 ct_AN=  14 FNAN SNAN  45   0
<truncation> CpyCell= 2 ct_AN=  15 FNAN SNAN  45   0
<truncation> CpyCell= 2 ct_AN=  16 FNAN SNAN  45   0
<truncation> CpyCell= 2 ct_AN=  17 FNAN SNAN  45   0
<truncation> CpyCell= 2 ct_AN=  18 FNAN SNAN  45   0
<truncation> CpyCell= 2 ct_AN=  19 FNAN SNAN  45   0
<truncation> CpyCell= 2 ct_AN=  20 FNAN SNAN  45   0
     ..........
     ......

<Check_System> The system is slab.
lattice vectors (bohr)
A  = 32.541081523329,  0.000000000000,  0.000000000000
B  = -16.270540761665, 28.181403265827,  0.000000000000
C  =  0.000000000000,  0.000000000000, 22.676711862947
reciprocal lattice vectors (bohr^-1)
RA =  0.193084710558,  0.111477509617, -0.000000000000
RB =  0.000000000000,  0.222955019234,  0.000000000000
RC =  0.000000000000, -0.000000000000,  0.277076559651
Grid_Origin -1.104072408827 -0.570337923238 -11.237120610657
Cell_Volume =  20795.754379419846 (Bohr^3)
GridVol     =      0.009473284612 (Bohr^3)
Grid_Origin -1.104072408827 -0.570337923238 -11.237120610657
Cell_Volume =  20795.754379419846 (Bohr^3)
GridVol     =      0.009473284612 (Bohr^3)
<UCell_Box> Info. of cutoff energy and num. of grids
lattice vectors (bohr)
A  = 32.541081523329,  0.000000000000,  0.000000000000
B  = -16.270540761665, 28.181403265827,  0.000000000000
C  =  0.000000000000,  0.000000000000, 22.676711862947
reciprocal lattice vectors (bohr^-1)
RA =  0.193084710558,  0.111477509617, -0.000000000000
RB =  0.000000000000,  0.222955019234,  0.000000000000
RC =  0.000000000000, -0.000000000000,  0.277076559651
Required cutoff energy (Ryd) for 3D-grids = 250.0000
    Used cutoff energy (Ryd) for 3D-grids = 243.5738, 243.5738, 240.7552
Num. of grids of a-, b-, and c-axes = 140, 140, 112
Grid_Origin -1.104072408827 -0.570337923238 -11.237120610657
Cell_Volume =  20795.754379419846 (Bohr^3)
GridVol     =      0.009473284612 (Bohr^3)
Cell vectors (bohr) of the grid cell (gtv)
  gtv_a =  0.232436296595,  0.000000000000,  0.000000000000
  gtv_b = -0.116218148298,  0.201295737613,  0.000000000000
  gtv_c =  0.000000000000,  0.000000000000,  0.202470641633
  |gtv_a| =  0.232436296595
  |gtv_b| =  0.232436296595
  |gtv_c| =  0.202470641633
Num. of grids overlapping with atom    1 = 95490
Num. of grids overlapping with atom    2 = 95490
Num. of grids overlapping with atom    3 = 95490
Num. of grids overlapping with atom    4 = 95490
Num. of grids overlapping with atom    5 = 95490
Num. of grids overlapping with atom    6 = 95490
Num. of grids overlapping with atom    7 = 95490
Num. of grids overlapping with atom    8 = 95490
Num. of grids overlapping with atom    9 = 95490
Num. of grids overlapping with atom   10 = 95490
Num. of grids overlapping with atom   11 = 95490
Num. of grids overlapping with atom   12 = 95490
Num. of grids overlapping with atom   13 = 95490
Num. of grids overlapping with atom   14 = 95490
Num. of grids overlapping with atom   15 = 95490
Num. of grids overlapping with atom   16 = 95490
Num. of grids overlapping with atom   17 = 95490
Num. of grids overlapping with atom   18 = 95490
Num. of grids overlapping with atom   19 = 95490
Num. of grids overlapping with atom   20 = 95490
     ..........
     ......


*******************************************************
             SCF calculation at MD = 1                
*******************************************************

<MD= 1>  Calculation of the overlap matrix
<MD= 1>  Calculation of the nonlocal matrix

******************* MD= 1  SCF= 1 *******************
<Cluster>  Solving the eigenvalue problem...
    1    C  MulP   2.0000  2.0000 sum   4.0000
    2    C  MulP   2.0000  2.0000 sum   4.0000
    3    C  MulP   2.0000  2.0000 sum   4.0000
    4    C  MulP   2.0000  2.0000 sum   4.0000
    5    C  MulP   2.0000  2.0000 sum   4.0000
    6    C  MulP   2.0000  2.0000 sum   4.0000
    7    C  MulP   2.0000  2.0000 sum   4.0000
    8    C  MulP   2.0000  2.0000 sum   4.0000
    9    C  MulP   2.0000  2.0000 sum   4.0000
   10    C  MulP   2.0000  2.0000 sum   4.0000
   11    C  MulP   2.0000  2.0000 sum   4.0000
   12    C  MulP   2.0000  2.0000 sum   4.0000
   13    C  MulP   2.0000  2.0000 sum   4.0000
   14    C  MulP   2.0000  2.0000 sum   4.0000
   15    C  MulP   2.0000  2.0000 sum   4.0000
   16    C  MulP   2.0000  2.0000 sum   4.0000
   17    C  MulP   2.0000  2.0000 sum   4.0000
   18    C  MulP   2.0000  2.0000 sum   4.0000
   19    C  MulP   2.0000  2.0000 sum   4.0000
   20    C  MulP   2.0000  2.0000 sum   4.0000
     ..........
     ......

 Sum of MulP: up   =   196.00000 down          =   196.00000
              total=   392.00000 ideal(neutral)=   392.00000
<DFT>  Total Spin Moment (muB) =  0.000000000000
<DFT>  Mixing_weight= 0.300000000000
<DFT>  Uele   = -159.188910702475  dUele     =   1.000000000000
<DFT>  NormRD =    1.000000000000  Criterion =   0.000000001000

******************* MD= 1  SCF= 2 *******************
<Poisson>  Poisson's equation using FFT...
<Set_Hamiltonian>  Hamiltonian matrix for VNA+dVH+Vxc...
<Cluster>  Solving the eigenvalue problem...
    1    C  MulP   2.0000  2.0000 sum   4.0000
    2    C  MulP   2.0000  2.0000 sum   4.0000
    3    C  MulP   2.0000  2.0000 sum   4.0000
    4    C  MulP   2.0000  2.0000 sum   4.0000
    5    C  MulP   2.0000  2.0000 sum   4.0000
    6    C  MulP   2.0000  2.0000 sum   4.0000
    7    C  MulP   2.0000  2.0000 sum   4.0000
    8    C  MulP   2.0000  2.0000 sum   4.0000
    9    C  MulP   2.0000  2.0000 sum   4.0000
   10    C  MulP   2.0000  2.0000 sum   4.0000
   11    C  MulP   2.0000  2.0000 sum   4.0000
   12    C  MulP   2.0000  2.0000 sum   4.0000
   13    C  MulP   2.0000  2.0000 sum   4.0000
   14    C  MulP   2.0000  2.0000 sum   4.0000
   15    C  MulP   2.0000  2.0000 sum   4.0000
   16    C  MulP   2.0000  2.0000 sum   4.0000
   17    C  MulP   2.0000  2.0000 sum   4.0000
   18    C  MulP   2.0000  2.0000 sum   4.0000
   19    C  MulP   2.0000  2.0000 sum   4.0000
   20    C  MulP   2.0000  2.0000 sum   4.0000
     ..........
     ......

 Sum of MulP: up   =   196.00000 down          =   196.00000
              total=   392.00000 ideal(neutral)=   392.00000
<DFT>  Total Spin Moment (muB) =  0.000000000000
<DFT>  Mixing_weight= 0.400000000000
<DFT>  Uele   = -175.798548003739  dUele     =  16.609637301264
<DFT>  NormRD =    0.507128548151  Criterion =   0.000000001000

******************* MD= 1  SCF= 3 *******************
<Poisson>  Poisson's equation using FFT...
<Set_Hamiltonian>  Hamiltonian matrix for VNA+dVH+Vxc...
<Cluster>  Solving the eigenvalue problem...
    1    C  MulP   2.0000  2.0000 sum   4.0000
    2    C  MulP   2.0000  2.0000 sum   4.0000
    3    C  MulP   2.0000  2.0000 sum   4.0000
    4    C  MulP   2.0000  2.0000 sum   4.0000
    5    C  MulP   2.0000  2.0000 sum   4.0000
    6    C  MulP   2.0000  2.0000 sum   4.0000
    7    C  MulP   2.0000  2.0000 sum   4.0000
    8    C  MulP   2.0000  2.0000 sum   4.0000
    9    C  MulP   2.0000  2.0000 sum   4.0000
   10    C  MulP   2.0000  2.0000 sum   4.0000
   11    C  MulP   2.0000  2.0000 sum   4.0000
   12    C  MulP   2.0000  2.0000 sum   4.0000
   13    C  MulP   2.0000  2.0000 sum   4.0000
   14    C  MulP   2.0000  2.0000 sum   4.0000
   15    C  MulP   2.0000  2.0000 sum   4.0000
   16    C  MulP   2.0000  2.0000 sum   4.0000
   17    C  MulP   2.0000  2.0000 sum   4.0000
   18    C  MulP   2.0000  2.0000 sum   4.0000
   19    C  MulP   2.0000  2.0000 sum   4.0000
   20    C  MulP   2.0000  2.0000 sum   4.0000
     ..........
     ......

 Sum of MulP: up   =   196.00000 down          =   196.00000
              total=   392.00000 ideal(neutral)=   392.00000
<DFT>  Total Spin Moment (muB) =  0.000000000000
<DFT>  Mixing_weight= 0.400000000000
<DFT>  Uele   = -182.202585276838  dUele     =   6.404037273099
<DFT>  NormRD =    0.192020392872  Criterion =   0.000000001000

******************* MD= 1  SCF= 4 *******************
<Poisson>  Poisson's equation using FFT...
<Set_Hamiltonian>  Hamiltonian matrix for VNA+dVH+Vxc...
<Cluster>  Solving the eigenvalue problem...
    1    C  MulP   2.0000  2.0000 sum   4.0000
    2    C  MulP   2.0000  2.0000 sum   4.0000
    3    C  MulP   2.0000  2.0000 sum   4.0000
    4    C  MulP   2.0000  2.0000 sum   4.0000
    5    C  MulP   2.0000  2.0000 sum   4.0000
    6    C  MulP   2.0000  2.0000 sum   4.0000
    7    C  MulP   2.0000  2.0000 sum   4.0000
    8    C  MulP   2.0000  2.0000 sum   4.0000
    9    C  MulP   2.0000  2.0000 sum   4.0000
   10    C  MulP   2.0000  2.0000 sum   4.0000
   11    C  MulP   2.0000  2.0000 sum   4.0000
   12    C  MulP   2.0000  2.0000 sum   4.0000
   13    C  MulP   2.0000  2.0000 sum   4.0000
   14    C  MulP   2.0000  2.0000 sum   4.0000
   15    C  MulP   2.0000  2.0000 sum   4.0000
   16    C  MulP   2.0000  2.0000 sum   4.0000
   17    C  MulP   2.0000  2.0000 sum   4.0000
   18    C  MulP   2.0000  2.0000 sum   4.0000
   19    C  MulP   2.0000  2.0000 sum   4.0000
   20    C  MulP   2.0000  2.0000 sum   4.0000
     ..........
     ......

 Sum of MulP: up   =   196.00000 down          =   196.00000
              total=   392.00000 ideal(neutral)=   392.00000
<DFT>  Total Spin Moment (muB) =  0.000000000000
<DFT>  Mixing_weight= 0.400000000000
<DFT>  Uele   = -184.643549777649  dUele     =   2.440964500811
<DFT>  NormRD =    0.071740209642  Criterion =   0.000000001000

******************* MD= 1  SCF= 5 *******************
<Poisson>  Poisson's equation using FFT...
<Set_Hamiltonian>  Hamiltonian matrix for VNA+dVH+Vxc...
<Cluster>  Solving the eigenvalue problem...
    1    C  MulP   2.0000  2.0000 sum   4.0000
    2    C  MulP   2.0000  2.0000 sum   4.0000
    3    C  MulP   2.0000  2.0000 sum   4.0000
    4    C  MulP   2.0000  2.0000 sum   4.0000
    5    C  MulP   2.0000  2.0000 sum   4.0000
    6    C  MulP   2.0000  2.0000 sum   4.0000
    7    C  MulP   2.0000  2.0000 sum   4.0000
    8    C  MulP   2.0000  2.0000 sum   4.0000
    9    C  MulP   2.0000  2.0000 sum   4.0000
   10    C  MulP   2.0000  2.0000 sum   4.0000
   11    C  MulP   2.0000  2.0000 sum   4.0000
   12    C  MulP   2.0000  2.0000 sum   4.0000
   13    C  MulP   2.0000  2.0000 sum   4.0000
   14    C  MulP   2.0000  2.0000 sum   4.0000
   15    C  MulP   2.0000  2.0000 sum   4.0000
   16    C  MulP   2.0000  2.0000 sum   4.0000
   17    C  MulP   2.0000  2.0000 sum   4.0000
   18    C  MulP   2.0000  2.0000 sum   4.0000
   19    C  MulP   2.0000  2.0000 sum   4.0000
   20    C  MulP   2.0000  2.0000 sum   4.0000
     ..........
     ......

 Sum of MulP: up   =   196.00000 down          =   196.00000
              total=   392.00000 ideal(neutral)=   392.00000
<DFT>  Total Spin Moment (muB) =  0.000000000000
<DFT>  Mixing_weight= 0.400000000000
<DFT>  Uele   = -185.539194500636  dUele     =   0.895644722987
<DFT>  NormRD =    0.025696596391  Criterion =   0.000000001000

******************* MD= 1  SCF= 6 *******************
<Poisson>  Poisson's equation using FFT...
<Set_Hamiltonian>  Hamiltonian matrix for VNA+dVH+Vxc...
<Cluster>  Solving the eigenvalue problem...
    1    C  MulP   2.0000  2.0000 sum   4.0000
    2    C  MulP   2.0000  2.0000 sum   4.0000
    3    C  MulP   2.0000  2.0000 sum   4.0000
    4    C  MulP   2.0000  2.0000 sum   4.0000
    5    C  MulP   2.0000  2.0000 sum   4.0000
    6    C  MulP   2.0000  2.0000 sum   4.0001
    7    C  MulP   2.0000  2.0000 sum   4.0001
    8    C  MulP   2.0000  2.0000 sum   4.0001
    9    C  MulP   2.0000  2.0000 sum   4.0001
   10    C  MulP   2.0000  2.0000 sum   4.0000
   11    C  MulP   2.0000  2.0000 sum   4.0000
   12    C  MulP   2.0000  2.0000 sum   4.0000
   13    C  MulP   2.0000  2.0000 sum   4.0000
   14    C  MulP   2.0000  2.0000 sum   4.0000
   15    C  MulP   2.0000  2.0000 sum   4.0000
   16    C  MulP   2.0000  2.0000 sum   4.0000
   17    C  MulP   2.0000  2.0000 sum   3.9999
   18    C  MulP   2.0000  2.0000 sum   4.0000
   19    C  MulP   2.0000  2.0000 sum   4.0000
   20    C  MulP   2.0000  2.0000 sum   4.0000
     ..........
     ......

 Sum of MulP: up   =   196.00000 down          =   196.00000
              total=   392.00000 ideal(neutral)=   392.00000
<DFT>  Total Spin Moment (muB) =  0.000000000000
<DFT>  Mixing_weight= 0.022670060715
<DFT>  Uele   = -186.298669167451  dUele     =   0.759474666816
<DFT>  NormRD =    0.104835867791  Criterion =   0.000000001000

******************* MD= 1  SCF= 7 *******************
<Poisson>  Poisson's equation using FFT...
<Set_Hamiltonian>  Hamiltonian matrix for VNA+dVH+Vxc...
<Cluster>  Solving the eigenvalue problem...
    1    C  MulP   2.0000  2.0000 sum   4.0000
    2    C  MulP   2.0000  2.0000 sum   4.0000
    3    C  MulP   2.0000  2.0000 sum   4.0000
    4    C  MulP   2.0000  2.0000 sum   4.0000
    5    C  MulP   2.0000  2.0000 sum   4.0000
    6    C  MulP   2.0000  2.0000 sum   3.9999
    7    C  MulP   2.0000  2.0000 sum   3.9999
    8    C  MulP   2.0000  2.0000 sum   3.9999
    9    C  MulP   2.0000  2.0000 sum   3.9999
   10    C  MulP   2.0000  2.0000 sum   4.0000
   11    C  MulP   2.0000  2.0000 sum   4.0000
   12    C  MulP   2.0000  2.0000 sum   4.0000
   13    C  MulP   2.0000  2.0000 sum   4.0000
   14    C  MulP   2.0000  2.0000 sum   4.0000
   15    C  MulP   2.0000  2.0000 sum   4.0000
   16    C  MulP   2.0000  2.0000 sum   4.0000
   17    C  MulP   2.0000  2.0000 sum   4.0001
   18    C  MulP   2.0000  2.0000 sum   4.0000
   19    C  MulP   2.0000  2.0000 sum   4.0000
   20    C  MulP   2.0000  2.0000 sum   3.9999
     ..........
     ......

 Sum of MulP: up   =   196.00000 down          =   196.00000
              total=   392.00000 ideal(neutral)=   392.00000
<DFT>  Total Spin Moment (muB) =  0.000000000000
<DFT>  Mixing_weight= 0.010046378115
<DFT>  Uele   = -186.856994343943  dUele     =   0.558325176491
<DFT>  NormRD =    0.117516315859  Criterion =   0.000000001000

******************* MD= 1  SCF= 8 *******************
<Poisson>  Poisson's equation using FFT...
<Set_Hamiltonian>  Hamiltonian matrix for VNA+dVH+Vxc...
<Cluster>  Solving the eigenvalue problem...
    1    C  MulP   2.0000  2.0000 sum   4.0000
    2    C  MulP   2.0000  2.0000 sum   4.0000
    3    C  MulP   2.0000  2.0000 sum   4.0000
    4    C  MulP   2.0000  2.0000 sum   4.0000
    5    C  MulP   2.0000  2.0000 sum   4.0000
    6    C  MulP   2.0000  2.0000 sum   3.9999
    7    C  MulP   2.0000  2.0000 sum   3.9999
    8    C  MulP   2.0000  2.0000 sum   3.9999
    9    C  MulP   2.0000  2.0000 sum   3.9999
   10    C  MulP   2.0000  2.0000 sum   4.0000
   11    C  MulP   2.0000  2.0000 sum   4.0000
   12    C  MulP   2.0000  2.0000 sum   4.0000
   13    C  MulP   2.0000  2.0000 sum   4.0000
   14    C  MulP   2.0000  2.0000 sum   4.0000
   15    C  MulP   2.0000  2.0000 sum   4.0000
   16    C  MulP   2.0000  2.0000 sum   4.0000
   17    C  MulP   2.0000  2.0000 sum   4.0001
   18    C  MulP   2.0000  2.0000 sum   4.0000
   19    C  MulP   2.0000  2.0000 sum   4.0000
   20    C  MulP   2.0000  2.0000 sum   3.9999
     ..........
     ......

 Sum of MulP: up   =   196.00000 down          =   196.00000
              total=   392.00000 ideal(neutral)=   392.00000
<DFT>  Total Spin Moment (muB) =  0.000000000000
<DFT>  Mixing_weight= 0.379042065522
<DFT>  Uele   = -186.842730790846  dUele     =   0.014263553097
<DFT>  NormRD =    0.115948492904  Criterion =   0.000000001000

******************* MD= 1  SCF= 9 *******************
<Poisson>  Poisson's equation using FFT...
<Set_Hamiltonian>  Hamiltonian matrix for VNA+dVH+Vxc...
<Cluster>  Solving the eigenvalue problem...
    1    C  MulP   2.0000  2.0000 sum   4.0000
    2    C  MulP   2.0000  2.0000 sum   4.0000
    3    C  MulP   2.0000  2.0000 sum   4.0000
    4    C  MulP   2.0000  2.0000 sum   4.0000
    5    C  MulP   2.0000  2.0000 sum   4.0000
    6    C  MulP   2.0000  2.0000 sum   4.0001
    7    C  MulP   2.0000  2.0000 sum   4.0001
    8    C  MulP   2.0000  2.0000 sum   4.0000
    9    C  MulP   2.0000  2.0000 sum   4.0001
   10    C  MulP   2.0000  2.0000 sum   4.0000
   11    C  MulP   2.0000  2.0000 sum   4.0000
   12    C  MulP   2.0000  2.0000 sum   4.0000
   13    C  MulP   2.0000  2.0000 sum   4.0000
   14    C  MulP   2.0000  2.0000 sum   4.0000
   15    C  MulP   2.0000  2.0000 sum   4.0000
   16    C  MulP   2.0000  2.0000 sum   4.0000
   17    C  MulP   2.0000  2.0000 sum   4.0000
   18    C  MulP   2.0000  2.0000 sum   4.0000
   19    C  MulP   2.0000  2.0000 sum   4.0000
   20    C  MulP   2.0000  2.0000 sum   4.0000
     ..........
     ......

 Sum of MulP: up   =   196.00000 down          =   196.00000
              total=   392.00000 ideal(neutral)=   392.00000
<DFT>  Total Spin Moment (muB) =  0.000000000000
<DFT>  Mixing_weight= 0.400000000000
<DFT>  Uele   = -186.312510655476  dUele     =   0.530220135369
<DFT>  NormRD =    0.057725352233  Criterion =   0.000000001000

******************* MD= 1  SCF=10 *******************
<Poisson>  Poisson's equation using FFT...
<Set_Hamiltonian>  Hamiltonian matrix for VNA+dVH+Vxc...
<Cluster>  Solving the eigenvalue problem...
    1    C  MulP   2.0000  2.0000 sum   4.0000
    2    C  MulP   2.0000  2.0000 sum   4.0000
    3    C  MulP   2.0000  2.0000 sum   4.0000
    4    C  MulP   2.0000  2.0000 sum   4.0000
    5    C  MulP   2.0000  2.0000 sum   4.0000
    6    C  MulP   2.0000  2.0000 sum   3.9999
    7    C  MulP   2.0000  2.0000 sum   3.9999
    8    C  MulP   2.0000  2.0000 sum   3.9999
    9    C  MulP   2.0000  2.0000 sum   3.9999
   10    C  MulP   2.0000  2.0000 sum   4.0000
   11    C  MulP   2.0000  2.0000 sum   4.0000
   12    C  MulP   2.0000  2.0000 sum   4.0000
   13    C  MulP   2.0000  2.0000 sum   4.0000
   14    C  MulP   2.0000  2.0000 sum   4.0000
   15    C  MulP   2.0000  2.0000 sum   4.0000
   16    C  MulP   2.0000  2.0000 sum   4.0000
   17    C  MulP   2.0000  2.0000 sum   4.0000
   18    C  MulP   2.0000  2.0000 sum   4.0000
   19    C  MulP   2.0000  2.0000 sum   4.0000
   20    C  MulP   2.0000  2.0000 sum   3.9999
     ..........
     ......

 Sum of MulP: up   =   196.00000 down          =   196.00000
              total=   392.00000 ideal(neutral)=   392.00000
<DFT>  Total Spin Moment (muB) =  0.000000000000
<DFT>  Mixing_weight= 0.400000000000
<DFT>  Uele   = -186.063650601566  dUele     =   0.248860053910
<DFT>  NormRD =    0.027947430531  Criterion =   0.000000001000

******************* MD= 1  SCF=11 *******************
<Poisson>  Poisson's equation using FFT...
<Set_Hamiltonian>  Hamiltonian matrix for VNA+dVH+Vxc...
<Cluster>  Solving the eigenvalue problem...
    1    C  MulP   2.0000  2.0000 sum   4.0000
    2    C  MulP   2.0000  2.0000 sum   4.0000
    3    C  MulP   2.0000  2.0000 sum   4.0000
    4    C  MulP   2.0000  2.0000 sum   4.0000
    5    C  MulP   2.0000  2.0000 sum   4.0000
    6    C  MulP   2.0000  2.0000 sum   4.0000
    7    C  MulP   2.0000  2.0000 sum   4.0001
    8    C  MulP   2.0000  2.0000 sum   4.0001
    9    C  MulP   2.0000  2.0000 sum   4.0001
   10    C  MulP   2.0000  2.0000 sum   4.0000
   11    C  MulP   2.0000  2.0000 sum   4.0000
   12    C  MulP   2.0000  2.0000 sum   4.0000
   13    C  MulP   2.0000  2.0000 sum   4.0000
   14    C  MulP   2.0000  2.0000 sum   4.0000
   15    C  MulP   2.0000  2.0000 sum   4.0000
   16    C  MulP   2.0000  2.0000 sum   4.0000
   17    C  MulP   2.0000  2.0000 sum   4.0000
   18    C  MulP   2.0000  2.0000 sum   4.0000
   19    C  MulP   2.0000  2.0000 sum   4.0000
   20    C  MulP   2.0000  2.0000 sum   4.0000
     ..........
     ......

 Sum of MulP: up   =   196.00000 down          =   196.00000
              total=   392.00000 ideal(neutral)=   392.00000
<DFT>  Total Spin Moment (muB) =  0.000000000000
<DFT>  Mixing_weight= 0.400000000000
<DFT>  Uele   = -185.960786709114  dUele     =   0.102863892452
<DFT>  NormRD =    0.014003785479  Criterion =   0.000000001000

******************* MD= 1  SCF=12 *******************
<Poisson>  Poisson's equation using FFT...
<Set_Hamiltonian>  Hamiltonian matrix for VNA+dVH+Vxc...
<Cluster>  Solving the eigenvalue problem...
    1    C  MulP   2.0001  2.0001 sum   4.0003
    2    C  MulP   2.0001  2.0001 sum   4.0001
    3    C  MulP   2.0001  2.0001 sum   4.0002
    4    C  MulP   1.9999  1.9999 sum   3.9999
    5    C  MulP   1.9999  1.9999 sum   3.9998
    6    C  MulP   1.9998  1.9998 sum   3.9996
    7    C  MulP   1.9997  1.9997 sum   3.9995
    8    C  MulP   1.9998  1.9998 sum   3.9995
    9    C  MulP   1.9997  1.9997 sum   3.9994
   10    C  MulP   1.9999  1.9999 sum   3.9997
   11    C  MulP   1.9998  1.9998 sum   3.9997
   12    C  MulP   2.0000  2.0000 sum   3.9999
   13    C  MulP   2.0000  2.0000 sum   4.0000
   14    C  MulP   2.0001  2.0001 sum   4.0001
   15    C  MulP   2.0001  2.0001 sum   4.0002
   16    C  MulP   2.0001  2.0001 sum   4.0001
   17    C  MulP   2.0001  2.0001 sum   4.0002
   18    C  MulP   1.9999  1.9999 sum   3.9999
   19    C  MulP   1.9999  1.9999 sum   3.9999
   20    C  MulP   1.9998  1.9998 sum   3.9996
     ..........
     ......

 Sum of MulP: up   =   196.00000 down          =   196.00000
              total=   392.00000 ideal(neutral)=   392.00000
<DFT>  Total Spin Moment (muB) =  0.000000000000
<DFT>  Mixing_weight= 0.400000000000
<DFT>  Uele   = -185.893527822825  dUele     =   0.067258886289
<DFT>  NormRD =    0.004928533717  Criterion =   0.000000001000

******************* MD= 1  SCF=13 *******************
<Poisson>  Poisson's equation using FFT...
<Set_Hamiltonian>  Hamiltonian matrix for VNA+dVH+Vxc...
<Cluster>  Solving the eigenvalue problem...
    1    C  MulP   1.9999  1.9999 sum   3.9999
    2    C  MulP   2.0000  2.0000 sum   4.0000
    3    C  MulP   2.0000  2.0000 sum   4.0000
    4    C  MulP   2.0000  2.0000 sum   4.0001
    5    C  MulP   2.0000  2.0000 sum   4.0001
    6    C  MulP   2.0001  2.0001 sum   4.0002
    7    C  MulP   2.0001  2.0001 sum   4.0002
    8    C  MulP   2.0001  2.0001 sum   4.0002
    9    C  MulP   2.0001  2.0001 sum   4.0002
   10    C  MulP   2.0001  2.0001 sum   4.0001
   11    C  MulP   2.0001  2.0001 sum   4.0001
   12    C  MulP   2.0000  2.0000 sum   4.0000
   13    C  MulP   2.0000  2.0000 sum   4.0000
   14    C  MulP   2.0000  2.0000 sum   3.9999
   15    C  MulP   2.0000  2.0000 sum   3.9999
   16    C  MulP   2.0000  2.0000 sum   4.0000
   17    C  MulP   2.0000  2.0000 sum   3.9999
   18    C  MulP   2.0000  2.0000 sum   4.0001
   19    C  MulP   2.0000  2.0000 sum   4.0001
   20    C  MulP   2.0001  2.0001 sum   4.0001
     ..........
     ......

 Sum of MulP: up   =   196.00000 down          =   196.00000
              total=   392.00000 ideal(neutral)=   392.00000
<DFT>  Total Spin Moment (muB) =  0.000000000000
<DFT>  Mixing_weight= 0.400000000000
<DFT>  Uele   = -185.898141979986  dUele     =   0.004614157161
<DFT>  NormRD =    0.001869349688  Criterion =   0.000000001000

******************* MD= 1  SCF=14 *******************
<Poisson>  Poisson's equation using FFT...
<Set_Hamiltonian>  Hamiltonian matrix for VNA+dVH+Vxc...
<Cluster>  Solving the eigenvalue problem...
    1    C  MulP   2.0000  2.0000 sum   4.0000
    2    C  MulP   2.0000  2.0000 sum   4.0000
    3    C  MulP   2.0000  2.0000 sum   4.0000
    4    C  MulP   2.0000  2.0000 sum   4.0000
    5    C  MulP   2.0000  2.0000 sum   4.0000
    6    C  MulP   2.0000  2.0000 sum   4.0000
    7    C  MulP   2.0000  2.0000 sum   4.0000
    8    C  MulP   2.0000  2.0000 sum   4.0000
    9    C  MulP   2.0000  2.0000 sum   3.9999
   10    C  MulP   2.0000  2.0000 sum   4.0000
   11    C  MulP   2.0000  2.0000 sum   4.0000
   12    C  MulP   2.0000  2.0000 sum   4.0000
   13    C  MulP   2.0000  2.0000 sum   4.0000
   14    C  MulP   2.0000  2.0000 sum   4.0000
   15    C  MulP   2.0000  2.0000 sum   4.0000
   16    C  MulP   2.0000  2.0000 sum   3.9999
   17    C  MulP   2.0000  2.0000 sum   4.0000
   18    C  MulP   2.0000  2.0000 sum   4.0000
   19    C  MulP   2.0000  2.0000 sum   4.0000
   20    C  MulP   2.0000  2.0000 sum   4.0000
     ..........
     ......

 Sum of MulP: up   =   196.00000 down          =   196.00000
              total=   392.00000 ideal(neutral)=   392.00000
<DFT>  Total Spin Moment (muB) =  0.000000000000
<DFT>  Mixing_weight= 0.400000000000
<DFT>  Uele   = -185.888735982867  dUele     =   0.009405997119
<DFT>  NormRD =    0.000376619142  Criterion =   0.000000001000

******************* MD= 1  SCF=15 *******************
<Poisson>  Poisson's equation using FFT...
<Set_Hamiltonian>  Hamiltonian matrix for VNA+dVH+Vxc...
<Cluster>  Solving the eigenvalue problem...
    1    C  MulP   2.0000  2.0000 sum   4.0000
    2    C  MulP   2.0000  2.0000 sum   4.0000
    3    C  MulP   2.0000  2.0000 sum   4.0000
    4    C  MulP   2.0000  2.0000 sum   4.0000
    5    C  MulP   2.0000  2.0000 sum   4.0000
    6    C  MulP   2.0000  2.0000 sum   4.0000
    7    C  MulP   2.0000  2.0000 sum   4.0000
    8    C  MulP   2.0000  2.0000 sum   4.0000
    9    C  MulP   2.0000  2.0000 sum   4.0000
   10    C  MulP   2.0000  2.0000 sum   4.0000
   11    C  MulP   2.0000  2.0000 sum   4.0000
   12    C  MulP   2.0000  2.0000 sum   4.0000
   13    C  MulP   2.0000  2.0000 sum   4.0000
   14    C  MulP   2.0000  2.0000 sum   4.0000
   15    C  MulP   2.0000  2.0000 sum   4.0000
   16    C  MulP   2.0000  2.0000 sum   4.0000
   17    C  MulP   2.0000  2.0000 sum   4.0000
   18    C  MulP   2.0000  2.0000 sum   4.0000
   19    C  MulP   2.0000  2.0000 sum   4.0000
   20    C  MulP   2.0000  2.0000 sum   4.0000
     ..........
     ......

 Sum of MulP: up   =   196.00000 down          =   196.00000
              total=   392.00000 ideal(neutral)=   392.00000
<DFT>  Total Spin Moment (muB) =  0.000000000000
<DFT>  Mixing_weight= 0.400000000000
<DFT>  Uele   = -185.888708736303  dUele     =   0.000027246564
<DFT>  NormRD =    0.000022710728  Criterion =   0.000000001000

******************* MD= 1  SCF=16 *******************
<Poisson>  Poisson's equation using FFT...
<Set_Hamiltonian>  Hamiltonian matrix for VNA+dVH+Vxc...
<Cluster>  Solving the eigenvalue problem...
    1    C  MulP   2.0000  2.0000 sum   4.0000
    2    C  MulP   2.0000  2.0000 sum   4.0000
    3    C  MulP   2.0000  2.0000 sum   4.0000
    4    C  MulP   2.0000  2.0000 sum   4.0000
    5    C  MulP   2.0000  2.0000 sum   4.0000
    6    C  MulP   2.0000  2.0000 sum   4.0000
    7    C  MulP   2.0000  2.0000 sum   4.0000
    8    C  MulP   2.0000  2.0000 sum   4.0000
    9    C  MulP   2.0000  2.0000 sum   4.0000
   10    C  MulP   2.0000  2.0000 sum   4.0000
   11    C  MulP   2.0000  2.0000 sum   4.0000
   12    C  MulP   2.0000  2.0000 sum   4.0000
   13    C  MulP   2.0000  2.0000 sum   4.0000
   14    C  MulP   2.0000  2.0000 sum   4.0000
   15    C  MulP   2.0000  2.0000 sum   4.0000
   16    C  MulP   2.0000  2.0000 sum   4.0000
   17    C  MulP   2.0000  2.0000 sum   4.0000
   18    C  MulP   2.0000  2.0000 sum   4.0000
   19    C  MulP   2.0000  2.0000 sum   4.0000
   20    C  MulP   2.0000  2.0000 sum   4.0000
     ..........
     ......

 Sum of MulP: up   =   196.00000 down          =   196.00000
              total=   392.00000 ideal(neutral)=   392.00000
<DFT>  Total Spin Moment (muB) =  0.000000000000
<DFT>  Mixing_weight= 0.400000000000
<DFT>  Uele   = -185.888873507352  dUele     =   0.000164771049
<DFT>  NormRD =    0.000017176201  Criterion =   0.000000001000

******************* MD= 1  SCF=17 *******************
<Poisson>  Poisson's equation using FFT...
<Set_Hamiltonian>  Hamiltonian matrix for VNA+dVH+Vxc...
<Cluster>  Solving the eigenvalue problem...
    1    C  MulP   2.0000  2.0000 sum   4.0000
    2    C  MulP   2.0000  2.0000 sum   4.0000
    3    C  MulP   2.0000  2.0000 sum   4.0000
    4    C  MulP   2.0000  2.0000 sum   4.0000
    5    C  MulP   2.0000  2.0000 sum   4.0000
    6    C  MulP   2.0000  2.0000 sum   4.0000
    7    C  MulP   2.0000  2.0000 sum   4.0000
    8    C  MulP   2.0000  2.0000 sum   4.0000
    9    C  MulP   2.0000  2.0000 sum   4.0000
   10    C  MulP   2.0000  2.0000 sum   4.0000
   11    C  MulP   2.0000  2.0000 sum   4.0000
   12    C  MulP   2.0000  2.0000 sum   4.0000
   13    C  MulP   2.0000  2.0000 sum   4.0000
   14    C  MulP   2.0000  2.0000 sum   4.0000
   15    C  MulP   2.0000  2.0000 sum   4.0000
   16    C  MulP   2.0000  2.0000 sum   4.0000
   17    C  MulP   2.0000  2.0000 sum   4.0000
   18    C  MulP   2.0000  2.0000 sum   4.0000
   19    C  MulP   2.0000  2.0000 sum   4.0000
   20    C  MulP   2.0000  2.0000 sum   4.0000
     ..........
     ......

 Sum of MulP: up   =   196.00000 down          =   196.00000
              total=   392.00000 ideal(neutral)=   392.00000
<DFT>  Total Spin Moment (muB) =  0.000000000000
<DFT>  Mixing_weight= 0.400000000000
<DFT>  Uele   = -185.888879465303  dUele     =   0.000005957951
<DFT>  NormRD =    0.000001581280  Criterion =   0.000000001000

******************* MD= 1  SCF=18 *******************
<Poisson>  Poisson's equation using FFT...
<Set_Hamiltonian>  Hamiltonian matrix for VNA+dVH+Vxc...
<Cluster>  Solving the eigenvalue problem...
    1    C  MulP   2.0000  2.0000 sum   4.0000
    2    C  MulP   2.0000  2.0000 sum   4.0000
    3    C  MulP   2.0000  2.0000 sum   4.0000
    4    C  MulP   2.0000  2.0000 sum   4.0000
    5    C  MulP   2.0000  2.0000 sum   4.0000
    6    C  MulP   2.0000  2.0000 sum   4.0000
    7    C  MulP   2.0000  2.0000 sum   4.0000
    8    C  MulP   2.0000  2.0000 sum   4.0000
    9    C  MulP   2.0000  2.0000 sum   4.0000
   10    C  MulP   2.0000  2.0000 sum   4.0000
   11    C  MulP   2.0000  2.0000 sum   4.0000
   12    C  MulP   2.0000  2.0000 sum   4.0000
   13    C  MulP   2.0000  2.0000 sum   4.0000
   14    C  MulP   2.0000  2.0000 sum   4.0000
   15    C  MulP   2.0000  2.0000 sum   4.0000
   16    C  MulP   2.0000  2.0000 sum   4.0000
   17    C  MulP   2.0000  2.0000 sum   4.0000
   18    C  MulP   2.0000  2.0000 sum   4.0000
   19    C  MulP   2.0000  2.0000 sum   4.0000
   20    C  MulP   2.0000  2.0000 sum   4.0000
     ..........
     ......

 Sum of MulP: up   =   196.00000 down          =   196.00000
              total=   392.00000 ideal(neutral)=   392.00000
<DFT>  Total Spin Moment (muB) =  0.000000000000
<DFT>  Mixing_weight= 0.400000000000
<DFT>  Uele   = -185.888882283099  dUele     =   0.000002817796
<DFT>  NormRD =    0.000001649109  Criterion =   0.000000001000

******************* MD= 1  SCF=19 *******************
<Poisson>  Poisson's equation using FFT...
<Set_Hamiltonian>  Hamiltonian matrix for VNA+dVH+Vxc...
<Cluster>  Solving the eigenvalue problem...
    1    C  MulP   2.0000  2.0000 sum   4.0000
    2    C  MulP   2.0000  2.0000 sum   4.0000
    3    C  MulP   2.0000  2.0000 sum   4.0000
    4    C  MulP   2.0000  2.0000 sum   4.0000
    5    C  MulP   2.0000  2.0000 sum   4.0000
    6    C  MulP   2.0000  2.0000 sum   4.0000
    7    C  MulP   2.0000  2.0000 sum   4.0000
    8    C  MulP   2.0000  2.0000 sum   4.0000
    9    C  MulP   2.0000  2.0000 sum   4.0000
   10    C  MulP   2.0000  2.0000 sum   4.0000
   11    C  MulP   2.0000  2.0000 sum   4.0000
   12    C  MulP   2.0000  2.0000 sum   4.0000
   13    C  MulP   2.0000  2.0000 sum   4.0000
   14    C  MulP   2.0000  2.0000 sum   4.0000
   15    C  MulP   2.0000  2.0000 sum   4.0000
   16    C  MulP   2.0000  2.0000 sum   4.0000
   17    C  MulP   2.0000  2.0000 sum   4.0000
   18    C  MulP   2.0000  2.0000 sum   4.0000
   19    C  MulP   2.0000  2.0000 sum   4.0000
   20    C  MulP   2.0000  2.0000 sum   4.0000
     ..........
     ......

 Sum of MulP: up   =   196.00000 down          =   196.00000
              total=   392.00000 ideal(neutral)=   392.00000
<DFT>  Total Spin Moment (muB) =  0.000000000000
<DFT>  Mixing_weight= 0.400000000000
<DFT>  Uele   = -185.888884388984  dUele     =   0.000002105886
<DFT>  NormRD =    0.000000501639  Criterion =   0.000000001000

******************* MD= 1  SCF=20 *******************
<Poisson>  Poisson's equation using FFT...
<Set_Hamiltonian>  Hamiltonian matrix for VNA+dVH+Vxc...
<Cluster>  Solving the eigenvalue problem...
    1    C  MulP   2.0000  2.0000 sum   4.0000
    2    C  MulP   2.0000  2.0000 sum   4.0000
    3    C  MulP   2.0000  2.0000 sum   4.0000
    4    C  MulP   2.0000  2.0000 sum   4.0000
    5    C  MulP   2.0000  2.0000 sum   4.0000
    6    C  MulP   2.0000  2.0000 sum   4.0000
    7    C  MulP   2.0000  2.0000 sum   4.0000
    8    C  MulP   2.0000  2.0000 sum   4.0000
    9    C  MulP   2.0000  2.0000 sum   4.0000
   10    C  MulP   2.0000  2.0000 sum   4.0000
   11    C  MulP   2.0000  2.0000 sum   4.0000
   12    C  MulP   2.0000  2.0000 sum   4.0000
   13    C  MulP   2.0000  2.0000 sum   4.0000
   14    C  MulP   2.0000  2.0000 sum   4.0000
   15    C  MulP   2.0000  2.0000 sum   4.0000
   16    C  MulP   2.0000  2.0000 sum   4.0000
   17    C  MulP   2.0000  2.0000 sum   4.0000
   18    C  MulP   2.0000  2.0000 sum   4.0000
   19    C  MulP   2.0000  2.0000 sum   4.0000
   20    C  MulP   2.0000  2.0000 sum   4.0000
     ..........
     ......

 Sum of MulP: up   =   196.00000 down          =   196.00000
              total=   392.00000 ideal(neutral)=   392.00000
<DFT>  Total Spin Moment (muB) =  0.000000000000
<DFT>  Mixing_weight= 0.400000000000
<DFT>  Uele   = -185.888884450722  dUele     =   0.000000061738
<DFT>  NormRD =    0.000000049137  Criterion =   0.000000001000

******************* MD= 1  SCF=21 *******************
<Poisson>  Poisson's equation using FFT...
<Set_Hamiltonian>  Hamiltonian matrix for VNA+dVH+Vxc...
<Cluster>  Solving the eigenvalue problem...
    1    C  MulP   2.0000  2.0000 sum   4.0000
    2    C  MulP   2.0000  2.0000 sum   4.0000
    3    C  MulP   2.0000  2.0000 sum   4.0000
    4    C  MulP   2.0000  2.0000 sum   4.0000
    5    C  MulP   2.0000  2.0000 sum   4.0000
    6    C  MulP   2.0000  2.0000 sum   4.0000
    7    C  MulP   2.0000  2.0000 sum   4.0000
    8    C  MulP   2.0000  2.0000 sum   4.0000
    9    C  MulP   2.0000  2.0000 sum   4.0000
   10    C  MulP   2.0000  2.0000 sum   4.0000
   11    C  MulP   2.0000  2.0000 sum   4.0000
   12    C  MulP   2.0000  2.0000 sum   4.0000
   13    C  MulP   2.0000  2.0000 sum   4.0000
   14    C  MulP   2.0000  2.0000 sum   4.0000
   15    C  MulP   2.0000  2.0000 sum   4.0000
   16    C  MulP   2.0000  2.0000 sum   4.0000
   17    C  MulP   2.0000  2.0000 sum   4.0000
   18    C  MulP   2.0000  2.0000 sum   4.0000
   19    C  MulP   2.0000  2.0000 sum   4.0000
   20    C  MulP   2.0000  2.0000 sum   4.0000
     ..........
     ......

 Sum of MulP: up   =   196.00000 down          =   196.00000
              total=   392.00000 ideal(neutral)=   392.00000
<DFT>  Total Spin Moment (muB) =  0.000000000000
<DFT>  Mixing_weight= 0.400000000000
<DFT>  Uele   = -185.888884445993  dUele     =   0.000000004729
<DFT>  NormRD =    0.000000049061  Criterion =   0.000000001000

******************* MD= 1  SCF=22 *******************
<Poisson>  Poisson's equation using FFT...
<Set_Hamiltonian>  Hamiltonian matrix for VNA+dVH+Vxc...
<Cluster>  Solving the eigenvalue problem...
    1    C  MulP   2.0000  2.0000 sum   4.0000
    2    C  MulP   2.0000  2.0000 sum   4.0000
    3    C  MulP   2.0000  2.0000 sum   4.0000
    4    C  MulP   2.0000  2.0000 sum   4.0000
    5    C  MulP   2.0000  2.0000 sum   4.0000
    6    C  MulP   2.0000  2.0000 sum   4.0000
    7    C  MulP   2.0000  2.0000 sum   4.0000
    8    C  MulP   2.0000  2.0000 sum   4.0000
    9    C  MulP   2.0000  2.0000 sum   4.0000
   10    C  MulP   2.0000  2.0000 sum   4.0000
   11    C  MulP   2.0000  2.0000 sum   4.0000
   12    C  MulP   2.0000  2.0000 sum   4.0000
   13    C  MulP   2.0000  2.0000 sum   4.0000
   14    C  MulP   2.0000  2.0000 sum   4.0000
   15    C  MulP   2.0000  2.0000 sum   4.0000
   16    C  MulP   2.0000  2.0000 sum   4.0000
   17    C  MulP   2.0000  2.0000 sum   4.0000
   18    C  MulP   2.0000  2.0000 sum   4.0000
   19    C  MulP   2.0000  2.0000 sum   4.0000
   20    C  MulP   2.0000  2.0000 sum   4.0000
     ..........
     ......

 Sum of MulP: up   =   196.00000 down          =   196.00000
              total=   392.00000 ideal(neutral)=   392.00000
<DFT>  Total Spin Moment (muB) =  0.000000000000
<DFT>  Mixing_weight= 0.400000000000
<DFT>  Uele   = -185.888884443489  dUele     =   0.000000002504
<DFT>  NormRD =    0.000000038104  Criterion =   0.000000001000

******************* MD= 1  SCF=23 *******************
<Poisson>  Poisson's equation using FFT...
<Set_Hamiltonian>  Hamiltonian matrix for VNA+dVH+Vxc...
<Cluster>  Solving the eigenvalue problem...
    1    C  MulP   2.0000  2.0000 sum   4.0000
    2    C  MulP   2.0000  2.0000 sum   4.0000
    3    C  MulP   2.0000  2.0000 sum   4.0000
    4    C  MulP   2.0000  2.0000 sum   4.0000
    5    C  MulP   2.0000  2.0000 sum   4.0000
    6    C  MulP   2.0000  2.0000 sum   4.0000
    7    C  MulP   2.0000  2.0000 sum   4.0000
    8    C  MulP   2.0000  2.0000 sum   4.0000
    9    C  MulP   2.0000  2.0000 sum   4.0000
   10    C  MulP   2.0000  2.0000 sum   4.0000
   11    C  MulP   2.0000  2.0000 sum   4.0000
   12    C  MulP   2.0000  2.0000 sum   4.0000
   13    C  MulP   2.0000  2.0000 sum   4.0000
   14    C  MulP   2.0000  2.0000 sum   4.0000
   15    C  MulP   2.0000  2.0000 sum   4.0000
   16    C  MulP   2.0000  2.0000 sum   4.0000
   17    C  MulP   2.0000  2.0000 sum   4.0000
   18    C  MulP   2.0000  2.0000 sum   4.0000
   19    C  MulP   2.0000  2.0000 sum   4.0000
   20    C  MulP   2.0000  2.0000 sum   4.0000
     ..........
     ......

 Sum of MulP: up   =   196.00000 down          =   196.00000
              total=   392.00000 ideal(neutral)=   392.00000
<DFT>  Total Spin Moment (muB) =  0.000000000000
<DFT>  Mixing_weight= 0.400000000000
<DFT>  Uele   = -185.888884443001  dUele     =   0.000000000488
<DFT>  NormRD =    0.000000032690  Criterion =   0.000000001000
<MD= 1>  Force calculation
  Force calculation #1
  Force calculation #2
  Force calculation #3
  Force calculation #4
  Force calculation #5
<MD= 1>  Total Energy
  Force calculation #6
  Force calculation #7

*******************************************************
                  Dipole moment (Debye)                 
*******************************************************

 Absolute D        0.00205944

                      Dx                Dy                Dz
 Total             -0.00054567        0.00198583       -0.00000001
 Core            6947.74256987    13371.12893819        0.00000000
 Electron       -6947.74311555   -13371.12695236       -0.00000001
 Back ground       -0.00000000       -0.00000000        0.00000000

*******************************************************
                Total Energy (Hartree) at MD = 1        
*******************************************************

  Uele  =    -185.888884443001

  Ukin  =     409.923051075648
  UH0   =   -5638.648178910025
  UH1   =       1.331779238800
  Una   =    -288.504278280307
  Unl   =     -52.634609767239
  Uxc0  =     -95.138618503745
  Uxc1  =     -95.138618503745
  Ucore =    5186.233484127440
  Uhub  =       0.000000000000
  Ucs   =       0.000000000000
  Uzs   =       0.000000000000
  Uzo   =       0.000000000000
  Uef   =       0.000000000000
  UvdW  =       0.000000000000
  Uch   =       0.000000000000
  Utot  =    -572.575989523173

  UpV   =       0.000000000000
  Enpy  =    -572.575989523173
  Note:

  Uele:   band energy
  Ukin:   kinetic energy
  UH0:    electric part of screened Coulomb energy
  UH1:    difference electron-electron Coulomb energy
  Una:    neutral atom potential energy
  Unl:    non-local potential energy
  Uxc0:   exchange-correlation energy for alpha spin
  Uxc1:   exchange-correlation energy for beta spin
  Ucore:  core-core Coulomb energy
  Uhub:   LDA+U energy
  Ucs:    constraint energy for spin orientation
  Uzs:    Zeeman term for spin magnetic moment
  Uzo:    Zeeman term for orbital magnetic moment
  Uef:    electric energy by electric field
  UvdW:   semi-empirical vdW energy 
  Uch:    penalty term to create a core hole
  UpV:    pressure times volume
  Enpy:   Enthalpy = Utot + UpV
  (see also PRB 72, 045121(2005) for the energy contributions)


*******************************************************
           Computational times (s) at MD = 1            
*******************************************************

  DFT in total      =   18.31316

  Set_OLP_Kin       =    0.82349
  Set_Nonlocal      =    1.96650
  Set_ProExpn_VNA   =    0.00000
  Set_Hamiltonian   =    5.89758
  Poisson           =    0.10669
  diagonalization   =    2.72140
  Mixing_DM         =    0.03789
  Force             =    0.71827
  Total_Energy      =    1.17810
  Set_Aden_Grid     =    0.03758
  Set_Orbitals_Grid =    0.34357
  Set_Density_Grid  =    3.71509
  RestartFileDFT    =    0.17641
  Mulliken_Charge   =    0.12605
  FFT(2D)_Density   =    0.00000

The SCF was achieved at MD=   1

*******************************************************
             MD or geometry opt. at MD = 1              
*******************************************************


outputting data on grids to files...

Save the scfout file (.//openmx.scfout)

***********************************************************
***********************************************************
               Computational Time (second)                 
***********************************************************
***********************************************************

                               Min_ID   Min_Time       Max_ID   Max_Time
   Total Computational Time =    14       22.018          0       22.227
   readfile                 =     2        1.232          0        1.260
   truncation               =    26        0.933         15        0.968
   MD_pac                   =     0        0.075         26        0.088
   OutData                  =    26        0.000          0        0.022
   DFT                      =    15       18.245          0       18.313

*** In DFT ***

   Set_OLP_Kin              =    10        0.822         15        1.115
   Set_Nonlocal             =    15        1.677         10        1.969
   Set_ProExpn_VNA          =     0        0.000          0        0.000
   Set_Hamiltonian          =     6        5.898          1        5.898
   Poisson                  =    26        0.107          3        0.107
   Diagonalization          =     4        2.721         27        2.721
   Mixing_DM                =     6        0.038         27        0.038
   Force                    =     0        0.718         13        0.718
   Total_Energy             =    14        1.140          0        1.178
   Set_Aden_Grid            =     7        0.036          3        0.038
   Set_Orbitals_Grid        =     1        0.343         31        0.452
   Set_Density_Grid         =    13        2.856         21        3.718
   RestartFileDFT           =    17        0.159         18        0.222
   Mulliken_Charge          =     7        0.126          3        0.127
   FFT(2D)_Density          =     0        0.000          0        0.000
   Others                   =    31        0.326         13        1.305

The calculation was normally finished.
