============================================================
Currently Loaded Modulefiles:
 1) intel/oneapi/2023.2.0  
MKLROOT=/apps/support/intel_spr_rocky8.9/oneapi/2023.2.0/mkl/2023.2.0
============================================================
Job ID: namd-cy
Job name: namd-cy
Number of nodes: 1
Number of processors: 16
Task is running on the following nodes:
qhcn011
OMP_NUM_THREADS = 1
============================================================

5 996 0 2
dkcx = 0.000000, dkcy = 0.000000, dkcz = 0.000000
dkdx = 0.000000, dkdy = 0.000000, dkdz = 0.000000
dkx = 0, dky = 0, dkz = 0
Read epc time: 0.026439s.
Sample 0, EPCTXT time: 0.015921s.
TimeProp in 0 fs: 0.02948s.
TimeProp in 1 fs: 0.00696s.
TimeProp in 2 fs: 0.00695s.
TimeProp in 3 fs: 0.00684s.
TimeProp in 4 fs: 0.00692s.
TimeProp in 5 fs: 0.00684s.
TimeProp in 6 fs: 0.00690s.
TimeProp in 7 fs: 0.00685s.
TimeProp in 8 fs: 0.00686s.
TimeProp in 9 fs: 0.00681s.
TimeProp in 10 fs: 0.00696s.
TimeProp in 11 fs: 0.00685s.
TimeProp in 12 fs: 0.00687s.
TimeProp in 13 fs: 0.00688s.
TimeProp in 14 fs: 0.00680s.
TimeProp in 15 fs: 0.00689s.
TimeProp in 16 fs: 0.00687s.
TimeProp in 17 fs: 0.00681s.
TimeProp in 18 fs: 0.00684s.
TimeProp in 19 fs: 0.00688s.
TimeProp in 20 fs: 0.00680s.
TimeProp in 21 fs: 0.00688s.
TimeProp in 22 fs: 0.00687s.
TimeProp in 23 fs: 0.00685s.
TimeProp in 24 fs: 0.00703s.
TimeProp in 25 fs: 0.00681s.
TimeProp in 26 fs: 0.00686s.
TimeProp in 27 fs: 0.00685s.
TimeProp in 28 fs: 0.00684s.
TimeProp in 29 fs: 0.00687s.
TimeProp in 30 fs: 0.00684s.
TimeProp in 31 fs: 0.00687s.
TimeProp in 32 fs: 0.00688s.
TimeProp in 33 fs: 0.00688s.
TimeProp in 34 fs: 0.00687s.
TimeProp in 35 fs: 0.00681s.
TimeProp in 36 fs: 0.00687s.
TimeProp in 37 fs: 0.00687s.
TimeProp in 38 fs: 0.00688s.
TimeProp in 39 fs: 0.00682s.
TimeProp in 40 fs: 0.00685s.
TimeProp in 41 fs: 0.00683s.
TimeProp in 42 fs: 0.00683s.
TimeProp in 43 fs: 0.00687s.
TimeProp in 44 fs: 0.00682s.
TimeProp in 45 fs: 0.00682s.
TimeProp in 46 fs: 0.00683s.
TimeProp in 47 fs: 0.00678s.
TimeProp in 48 fs: 0.00684s.
TimeProp in 49 fs: 0.00677s.
TimeProp in 50 fs: 0.00686s.
TimeProp in 51 fs: 0.00686s.
TimeProp in 52 fs: 0.00681s.
TimeProp in 53 fs: 0.00688s.
TimeProp in 54 fs: 0.00686s.
TimeProp in 55 fs: 0.00689s.
TimeProp in 56 fs: 0.00687s.
TimeProp in 57 fs: 0.00691s.
TimeProp in 58 fs: 0.00690s.
TimeProp in 59 fs: 0.00684s.
TimeProp in 60 fs: 0.00691s.
TimeProp in 61 fs: 0.00685s.
TimeProp in 62 fs: 0.00688s.
TimeProp in 63 fs: 0.00685s.
TimeProp in 64 fs: 0.00692s.
TimeProp in 65 fs: 0.00690s.
TimeProp in 66 fs: 0.00700s.
TimeProp in 67 fs: 0.00679s.
TimeProp in 68 fs: 0.00690s.
TimeProp in 69 fs: 0.00678s.
TimeProp in 70 fs: 0.00690s.
TimeProp in 71 fs: 0.00686s.
TimeProp in 72 fs: 0.00696s.
TimeProp in 73 fs: 0.00677s.
TimeProp in 74 fs: 0.00685s.
TimeProp in 75 fs: 0.00683s.
TimeProp in 76 fs: 0.00687s.
TimeProp in 77 fs: 0.00685s.
TimeProp in 78 fs: 0.00682s.
TimeProp in 79 fs: 0.00686s.
TimeProp in 80 fs: 0.00694s.
TimeProp in 81 fs: 0.00693s.
TimeProp in 82 fs: 0.00688s.
TimeProp in 83 fs: 0.00683s.
TimeProp in 84 fs: 0.00687s.
TimeProp in 85 fs: 0.00687s.
TimeProp in 86 fs: 0.00688s.
TimeProp in 87 fs: 0.00689s.
TimeProp in 88 fs: 0.00683s.
TimeProp in 89 fs: 0.00685s.
TimeProp in 90 fs: 0.00685s.
TimeProp in 91 fs: 0.00686s.
TimeProp in 92 fs: 0.00685s.
TimeProp in 93 fs: 0.00691s.
TimeProp in 94 fs: 0.00689s.
TimeProp in 95 fs: 0.00688s.
TimeProp in 96 fs: 0.00690s.
TimeProp in 97 fs: 0.00687s.
TimeProp in 98 fs: 0.00691s.
TimeProp in 99 fs: 0.00698s.
TimeProp in 100 fs: 0.00688s.
TimeProp in 101 fs: 0.00719s.
TimeProp in 102 fs: 0.00692s.
TimeProp in 103 fs: 0.00679s.
TimeProp in 104 fs: 0.00682s.
TimeProp in 105 fs: 0.00680s.
TimeProp in 106 fs: 0.00684s.
TimeProp in 107 fs: 0.00674s.
TimeProp in 108 fs: 0.00681s.
TimeProp in 109 fs: 0.00678s.
TimeProp in 110 fs: 0.00681s.
TimeProp in 111 fs: 0.00672s.
TimeProp in 112 fs: 0.00681s.
TimeProp in 113 fs: 0.00713s.
TimeProp in 114 fs: 0.00679s.
TimeProp in 115 fs: 0.00684s.
TimeProp in 116 fs: 0.00686s.
TimeProp in 117 fs: 0.00675s.
TimeProp in 118 fs: 0.00669s.
TimeProp in 119 fs: 0.00669s.
TimeProp in 120 fs: 0.00672s.
TimeProp in 121 fs: 0.00666s.
TimeProp in 122 fs: 0.00665s.
TimeProp in 123 fs: 0.00670s.
TimeProp in 124 fs: 0.00672s.
TimeProp in 125 fs: 0.00663s.
TimeProp in 126 fs: 0.00669s.
TimeProp in 127 fs: 0.00666s.
TimeProp in 128 fs: 0.00667s.
TimeProp in 129 fs: 0.00663s.
TimeProp in 130 fs: 0.00667s.
TimeProp in 131 fs: 0.00666s.
TimeProp in 132 fs: 0.00669s.
TimeProp in 133 fs: 0.00670s.
TimeProp in 134 fs: 0.00672s.
TimeProp in 135 fs: 0.00668s.
TimeProp in 136 fs: 0.00678s.
TimeProp in 137 fs: 0.00665s.
TimeProp in 138 fs: 0.00670s.
TimeProp in 139 fs: 0.00667s.
TimeProp in 140 fs: 0.00669s.
TimeProp in 141 fs: 0.00668s.
TimeProp in 142 fs: 0.00669s.
TimeProp in 143 fs: 0.00672s.
TimeProp in 144 fs: 0.00684s.
TimeProp in 145 fs: 0.00668s.
TimeProp in 146 fs: 0.00673s.
TimeProp in 147 fs: 0.00667s.
TimeProp in 148 fs: 0.00670s.
TimeProp in 149 fs: 0.00668s.
TimeProp in 150 fs: 0.00670s.
TimeProp in 151 fs: 0.00672s.
TimeProp in 152 fs: 0.00677s.
TimeProp in 153 fs: 0.00674s.
TimeProp in 154 fs: 0.00669s.
TimeProp in 155 fs: 0.00673s.
TimeProp in 156 fs: 0.00666s.
TimeProp in 157 fs: 0.00670s.
TimeProp in 158 fs: 0.00672s.
TimeProp in 159 fs: 0.00668s.
TimeProp in 160 fs: 0.00674s.
TimeProp in 161 fs: 0.00671s.
TimeProp in 162 fs: 0.00667s.
TimeProp in 163 fs: 0.00670s.
TimeProp in 164 fs: 0.00677s.
TimeProp in 165 fs: 0.00679s.
TimeProp in 166 fs: 0.00677s.
TimeProp in 167 fs: 0.00666s.
TimeProp in 168 fs: 0.00683s.
TimeProp in 169 fs: 0.00669s.
TimeProp in 170 fs: 0.00669s.
TimeProp in 171 fs: 0.00667s.
TimeProp in 172 fs: 0.00664s.
TimeProp in 173 fs: 0.00669s.
TimeProp in 174 fs: 0.00670s.
TimeProp in 175 fs: 0.00670s.
TimeProp in 176 fs: 0.00670s.
TimeProp in 177 fs: 0.00671s.
TimeProp in 178 fs: 0.00666s.
TimeProp in 179 fs: 0.00668s.
TimeProp in 180 fs: 0.00669s.
TimeProp in 181 fs: 0.00669s.
TimeProp in 182 fs: 0.00665s.
TimeProp in 183 fs: 0.00673s.
TimeProp in 184 fs: 0.00662s.
TimeProp in 185 fs: 0.00667s.
TimeProp in 186 fs: 0.00670s.
TimeProp in 187 fs: 0.00664s.
TimeProp in 188 fs: 0.00671s.
TimeProp in 189 fs: 0.00666s.
TimeProp in 190 fs: 0.00671s.
TimeProp in 191 fs: 0.00665s.
TimeProp in 192 fs: 0.00660s.
TimeProp in 193 fs: 0.00662s.
TimeProp in 194 fs: 0.00669s.
TimeProp in 195 fs: 0.00672s.
TimeProp in 196 fs: 0.00665s.
TimeProp in 197 fs: 0.00670s.
TimeProp in 198 fs: 0.00665s.
TimeProp in 199 fs: 0.00672s.
TimeProp in 200 fs: 0.00665s.
TimeProp in 201 fs: 0.00667s.
TimeProp in 202 fs: 0.00665s.
TimeProp in 203 fs: 0.00665s.
TimeProp in 204 fs: 0.00667s.
TimeProp in 205 fs: 0.00677s.
TimeProp in 206 fs: 0.00669s.
TimeProp in 207 fs: 0.00670s.
TimeProp in 208 fs: 0.00666s.
TimeProp in 209 fs: 0.00674s.
TimeProp in 210 fs: 0.00670s.
TimeProp in 211 fs: 0.00670s.
TimeProp in 212 fs: 0.00662s.
TimeProp in 213 fs: 0.00672s.
TimeProp in 214 fs: 0.00669s.
TimeProp in 215 fs: 0.00671s.
TimeProp in 216 fs: 0.00670s.
TimeProp in 217 fs: 0.00685s.
TimeProp in 218 fs: 0.00664s.
TimeProp in 219 fs: 0.00668s.
TimeProp in 220 fs: 0.00672s.
TimeProp in 221 fs: 0.00670s.
TimeProp in 222 fs: 0.00669s.
TimeProp in 223 fs: 0.00673s.
TimeProp in 224 fs: 0.00669s.
TimeProp in 225 fs: 0.00679s.
TimeProp in 226 fs: 0.00670s.
TimeProp in 227 fs: 0.00664s.
TimeProp in 228 fs: 0.00673s.
TimeProp in 229 fs: 0.00669s.
TimeProp in 230 fs: 0.00671s.
TimeProp in 231 fs: 0.00670s.
TimeProp in 232 fs: 0.00670s.
TimeProp in 233 fs: 0.00681s.
TimeProp in 234 fs: 0.00676s.
TimeProp in 235 fs: 0.00670s.
TimeProp in 236 fs: 0.00673s.
TimeProp in 237 fs: 0.00665s.
TimeProp in 238 fs: 0.00671s.
TimeProp in 239 fs: 0.00666s.
TimeProp in 240 fs: 0.00670s.
TimeProp in 241 fs: 0.00675s.
TimeProp in 242 fs: 0.00670s.
TimeProp in 243 fs: 0.00668s.
TimeProp in 244 fs: 0.00670s.
TimeProp in 245 fs: 0.00671s.
TimeProp in 246 fs: 0.00672s.
TimeProp in 247 fs: 0.00679s.
TimeProp in 248 fs: 0.00673s.
TimeProp in 249 fs: 0.00672s.
TimeProp in 250 fs: 0.00669s.
TimeProp in 251 fs: 0.00671s.
TimeProp in 252 fs: 0.00674s.
TimeProp in 253 fs: 0.00664s.
TimeProp in 254 fs: 0.00667s.
TimeProp in 255 fs: 0.00673s.
TimeProp in 256 fs: 0.00672s.
TimeProp in 257 fs: 0.00673s.
TimeProp in 258 fs: 0.00674s.
TimeProp in 259 fs: 0.00665s.
TimeProp in 260 fs: 0.00677s.
TimeProp in 261 fs: 0.00749s.
TimeProp in 262 fs: 0.00661s.
TimeProp in 263 fs: 0.00671s.
TimeProp in 264 fs: 0.00664s.
TimeProp in 265 fs: 0.00670s.
TimeProp in 266 fs: 0.00666s.
TimeProp in 267 fs: 0.00670s.
TimeProp in 268 fs: 0.00665s.
TimeProp in 269 fs: 0.00671s.
TimeProp in 270 fs: 0.00671s.
TimeProp in 271 fs: 0.00676s.
TimeProp in 272 fs: 0.00679s.
TimeProp in 273 fs: 0.00675s.
TimeProp in 274 fs: 0.00673s.
TimeProp in 275 fs: 0.00668s.
TimeProp in 276 fs: 0.00671s.
TimeProp in 277 fs: 0.00669s.
TimeProp in 278 fs: 0.00675s.
TimeProp in 279 fs: 0.00671s.
TimeProp in 280 fs: 0.00678s.
TimeProp in 281 fs: 0.00669s.
TimeProp in 282 fs: 0.00680s.
TimeProp in 283 fs: 0.00668s.
TimeProp in 284 fs: 0.00673s.
TimeProp in 285 fs: 0.00672s.
TimeProp in 286 fs: 0.00674s.
TimeProp in 287 fs: 0.00667s.
TimeProp in 288 fs: 0.00675s.
TimeProp in 289 fs: 0.00665s.
TimeProp in 290 fs: 0.00673s.
TimeProp in 291 fs: 0.00666s.
TimeProp in 292 fs: 0.00672s.
TimeProp in 293 fs: 0.00665s.
TimeProp in 294 fs: 0.00679s.
TimeProp in 295 fs: 0.00664s.
TimeProp in 296 fs: 0.00676s.
TimeProp in 297 fs: 0.00674s.
TimeProp in 298 fs: 0.00677s.
TimeProp in 299 fs: 0.00670s.
TimeProp in 300 fs: 0.00672s.
TimeProp in 301 fs: 0.00669s.
TimeProp in 302 fs: 0.00671s.
TimeProp in 303 fs: 0.00670s.
TimeProp in 304 fs: 0.00676s.
TimeProp in 305 fs: 0.00671s.
TimeProp in 306 fs: 0.00679s.
TimeProp in 307 fs: 0.00669s.
TimeProp in 308 fs: 0.00678s.
TimeProp in 309 fs: 0.00674s.
TimeProp in 310 fs: 0.00669s.
TimeProp in 311 fs: 0.00671s.
TimeProp in 312 fs: 0.00668s.
TimeProp in 313 fs: 0.00679s.
TimeProp in 314 fs: 0.00663s.
TimeProp in 315 fs: 0.00674s.
TimeProp in 316 fs: 0.00670s.
TimeProp in 317 fs: 0.00667s.
TimeProp in 318 fs: 0.00666s.
TimeProp in 319 fs: 0.00671s.
TimeProp in 320 fs: 0.00665s.
TimeProp in 321 fs: 0.00670s.
TimeProp in 322 fs: 0.00670s.
TimeProp in 323 fs: 0.00670s.
TimeProp in 324 fs: 0.00672s.
TimeProp in 325 fs: 0.00673s.
TimeProp in 326 fs: 0.00673s.
TimeProp in 327 fs: 0.00675s.
TimeProp in 328 fs: 0.00682s.
TimeProp in 329 fs: 0.00668s.
TimeProp in 330 fs: 0.00675s.
TimeProp in 331 fs: 0.00675s.
TimeProp in 332 fs: 0.00667s.
TimeProp in 333 fs: 0.00671s.
TimeProp in 334 fs: 0.00667s.
TimeProp in 335 fs: 0.00669s.
TimeProp in 336 fs: 0.00673s.
TimeProp in 337 fs: 0.00667s.
TimeProp in 338 fs: 0.00668s.
TimeProp in 339 fs: 0.00670s.
TimeProp in 340 fs: 0.00678s.
TimeProp in 341 fs: 0.00672s.
TimeProp in 342 fs: 0.00671s.
TimeProp in 343 fs: 0.00671s.
TimeProp in 344 fs: 0.00669s.
TimeProp in 345 fs: 0.00667s.
TimeProp in 346 fs: 0.00669s.
TimeProp in 347 fs: 0.00670s.
TimeProp in 348 fs: 0.00674s.
TimeProp in 349 fs: 0.00672s.
TimeProp in 350 fs: 0.00675s.
TimeProp in 351 fs: 0.00670s.
TimeProp in 352 fs: 0.00675s.
TimeProp in 353 fs: 0.00667s.
TimeProp in 354 fs: 0.00678s.
TimeProp in 355 fs: 0.00673s.
TimeProp in 356 fs: 0.00666s.
TimeProp in 357 fs: 0.00665s.
TimeProp in 358 fs: 0.00673s.
TimeProp in 359 fs: 0.00670s.
TimeProp in 360 fs: 0.00672s.
TimeProp in 361 fs: 0.00670s.
TimeProp in 362 fs: 0.00671s.
TimeProp in 363 fs: 0.00670s.
TimeProp in 364 fs: 0.00672s.
TimeProp in 365 fs: 0.00692s.
TimeProp in 366 fs: 0.00672s.
TimeProp in 367 fs: 0.00673s.
TimeProp in 368 fs: 0.00666s.
TimeProp in 369 fs: 0.00675s.
TimeProp in 370 fs: 0.00664s.
TimeProp in 371 fs: 0.00680s.
TimeProp in 372 fs: 0.00665s.
TimeProp in 373 fs: 0.00669s.
TimeProp in 374 fs: 0.00667s.
TimeProp in 375 fs: 0.00666s.
TimeProp in 376 fs: 0.00664s.
TimeProp in 377 fs: 0.00668s.
TimeProp in 378 fs: 0.00669s.
TimeProp in 379 fs: 0.00670s.
TimeProp in 380 fs: 0.00664s.
TimeProp in 381 fs: 0.00671s.
TimeProp in 382 fs: 0.00669s.
TimeProp in 383 fs: 0.00677s.
TimeProp in 384 fs: 0.00665s.
TimeProp in 385 fs: 0.00671s.
TimeProp in 386 fs: 0.00666s.
TimeProp in 387 fs: 0.00670s.
TimeProp in 388 fs: 0.00667s.
TimeProp in 389 fs: 0.00672s.
TimeProp in 390 fs: 0.00669s.
TimeProp in 391 fs: 0.00674s.
TimeProp in 392 fs: 0.00672s.
TimeProp in 393 fs: 0.00666s.
TimeProp in 394 fs: 0.00670s.
TimeProp in 395 fs: 0.00666s.
TimeProp in 396 fs: 0.00672s.
TimeProp in 397 fs: 0.00670s.
TimeProp in 398 fs: 0.00674s.
TimeProp in 399 fs: 0.00670s.
TimeProp in 400 fs: 0.00673s.
TimeProp in 401 fs: 0.00674s.
TimeProp in 402 fs: 0.00669s.
TimeProp in 403 fs: 0.00678s.
TimeProp in 404 fs: 0.00665s.
TimeProp in 405 fs: 0.00674s.
TimeProp in 406 fs: 0.00673s.
TimeProp in 407 fs: 0.00670s.
TimeProp in 408 fs: 0.00670s.
TimeProp in 409 fs: 0.00668s.
TimeProp in 410 fs: 0.00701s.
TimeProp in 411 fs: 0.00675s.
TimeProp in 412 fs: 0.00673s.
TimeProp in 413 fs: 0.00669s.
TimeProp in 414 fs: 0.00673s.
TimeProp in 415 fs: 0.00670s.
TimeProp in 416 fs: 0.00663s.
TimeProp in 417 fs: 0.00673s.
TimeProp in 418 fs: 0.00673s.
TimeProp in 419 fs: 0.00665s.
TimeProp in 420 fs: 0.00668s.
TimeProp in 421 fs: 0.00677s.
TimeProp in 422 fs: 0.00669s.
TimeProp in 423 fs: 0.00671s.
TimeProp in 424 fs: 0.00666s.
TimeProp in 425 fs: 0.00672s.
TimeProp in 426 fs: 0.00677s.
TimeProp in 427 fs: 0.00676s.
TimeProp in 428 fs: 0.00665s.
TimeProp in 429 fs: 0.00669s.
TimeProp in 430 fs: 0.00676s.
TimeProp in 431 fs: 0.00669s.
TimeProp in 432 fs: 0.00682s.
TimeProp in 433 fs: 0.00672s.
TimeProp in 434 fs: 0.00678s.
TimeProp in 435 fs: 0.00672s.
TimeProp in 436 fs: 0.00671s.
TimeProp in 437 fs: 0.00674s.
TimeProp in 438 fs: 0.00668s.
TimeProp in 439 fs: 0.00670s.
TimeProp in 440 fs: 0.00670s.
TimeProp in 441 fs: 0.00671s.
TimeProp in 442 fs: 0.00670s.
TimeProp in 443 fs: 0.00671s.
TimeProp in 444 fs: 0.00680s.
TimeProp in 445 fs: 0.00681s.
TimeProp in 446 fs: 0.00667s.
TimeProp in 447 fs: 0.00672s.
TimeProp in 448 fs: 0.00671s.
TimeProp in 449 fs: 0.00684s.
TimeProp in 450 fs: 0.00669s.
TimeProp in 451 fs: 0.00671s.
TimeProp in 452 fs: 0.00669s.
TimeProp in 453 fs: 0.00672s.
TimeProp in 454 fs: 0.00668s.
TimeProp in 455 fs: 0.00676s.
TimeProp in 456 fs: 0.00668s.
TimeProp in 457 fs: 0.00669s.
TimeProp in 458 fs: 0.00671s.
TimeProp in 459 fs: 0.00669s.
TimeProp in 460 fs: 0.00672s.
TimeProp in 461 fs: 0.00668s.
TimeProp in 462 fs: 0.00671s.
TimeProp in 463 fs: 0.00667s.
TimeProp in 464 fs: 0.00667s.
TimeProp in 465 fs: 0.00670s.
TimeProp in 466 fs: 0.00667s.
TimeProp in 467 fs: 0.00667s.
TimeProp in 468 fs: 0.00679s.
TimeProp in 469 fs: 0.00669s.
TimeProp in 470 fs: 0.00668s.
TimeProp in 471 fs: 0.00673s.
TimeProp in 472 fs: 0.00670s.
TimeProp in 473 fs: 0.00672s.
TimeProp in 474 fs: 0.00672s.
TimeProp in 475 fs: 0.00671s.
TimeProp in 476 fs: 0.00668s.
TimeProp in 477 fs: 0.00674s.
TimeProp in 478 fs: 0.00672s.
TimeProp in 479 fs: 0.00666s.
TimeProp in 480 fs: 0.00671s.
TimeProp in 481 fs: 0.00666s.
TimeProp in 482 fs: 0.00672s.
TimeProp in 483 fs: 0.00671s.
TimeProp in 484 fs: 0.00669s.
TimeProp in 485 fs: 0.00674s.
TimeProp in 486 fs: 0.00668s.
TimeProp in 487 fs: 0.00667s.
TimeProp in 488 fs: 0.00673s.
TimeProp in 489 fs: 0.00676s.
TimeProp in 490 fs: 0.00667s.
TimeProp in 491 fs: 0.00669s.
TimeProp in 492 fs: 0.00671s.
TimeProp in 493 fs: 0.00673s.
TimeProp in 494 fs: 0.00662s.
TimeProp in 495 fs: 0.00681s.
TimeProp in 496 fs: 0.00664s.
TimeProp in 497 fs: 0.00671s.
TimeProp in 498 fs: 0.00668s.
TimeProp in 499 fs: 0.00673s.
TimeProp in 500 fs: 0.00683s.
TimeProp in 501 fs: 0.00669s.
TimeProp in 502 fs: 0.00682s.
TimeProp in 503 fs: 0.00655s.
TimeProp in 504 fs: 0.00675s.
TimeProp in 505 fs: 0.00662s.
TimeProp in 506 fs: 0.00675s.
TimeProp in 507 fs: 0.00662s.
TimeProp in 508 fs: 0.00671s.
TimeProp in 509 fs: 0.00668s.
TimeProp in 510 fs: 0.00670s.
TimeProp in 511 fs: 0.00674s.
TimeProp in 512 fs: 0.00672s.
TimeProp in 513 fs: 0.00672s.
TimeProp in 514 fs: 0.00669s.
TimeProp in 515 fs: 0.00672s.
TimeProp in 516 fs: 0.00670s.
TimeProp in 517 fs: 0.00671s.
TimeProp in 518 fs: 0.00665s.
TimeProp in 519 fs: 0.00676s.
TimeProp in 520 fs: 0.00671s.
TimeProp in 521 fs: 0.00669s.
TimeProp in 522 fs: 0.00662s.
TimeProp in 523 fs: 0.00670s.
TimeProp in 524 fs: 0.00672s.
TimeProp in 525 fs: 0.00666s.
TimeProp in 526 fs: 0.00669s.
TimeProp in 527 fs: 0.00665s.
TimeProp in 528 fs: 0.00673s.
TimeProp in 529 fs: 0.00676s.
TimeProp in 530 fs: 0.00675s.
TimeProp in 531 fs: 0.00669s.
TimeProp in 532 fs: 0.00679s.
TimeProp in 533 fs: 0.00674s.
TimeProp in 534 fs: 0.00670s.
TimeProp in 535 fs: 0.00671s.
TimeProp in 536 fs: 0.00667s.
TimeProp in 537 fs: 0.00675s.
TimeProp in 538 fs: 0.00666s.
TimeProp in 539 fs: 0.00671s.
TimeProp in 540 fs: 0.00668s.
TimeProp in 541 fs: 0.00670s.
TimeProp in 542 fs: 0.00672s.
TimeProp in 543 fs: 0.00668s.
TimeProp in 544 fs: 0.00669s.
TimeProp in 545 fs: 0.00671s.
TimeProp in 546 fs: 0.00672s.
TimeProp in 547 fs: 0.00669s.
TimeProp in 548 fs: 0.00669s.
TimeProp in 549 fs: 0.00677s.
TimeProp in 550 fs: 0.00663s.
TimeProp in 551 fs: 0.00679s.
TimeProp in 552 fs: 0.00661s.
TimeProp in 553 fs: 0.00675s.
TimeProp in 554 fs: 0.00666s.
TimeProp in 555 fs: 0.00672s.
TimeProp in 556 fs: 0.00669s.
TimeProp in 557 fs: 0.00671s.
TimeProp in 558 fs: 0.00679s.
TimeProp in 559 fs: 0.00667s.
TimeProp in 560 fs: 0.00675s.
TimeProp in 561 fs: 0.00671s.
TimeProp in 562 fs: 0.00669s.
TimeProp in 563 fs: 0.00669s.
TimeProp in 564 fs: 0.00676s.
TimeProp in 565 fs: 0.00667s.
TimeProp in 566 fs: 0.00672s.
TimeProp in 567 fs: 0.00672s.
TimeProp in 568 fs: 0.00666s.
TimeProp in 569 fs: 0.00668s.
TimeProp in 570 fs: 0.00666s.
TimeProp in 571 fs: 0.00669s.
TimeProp in 572 fs: 0.00673s.
TimeProp in 573 fs: 0.00665s.
TimeProp in 574 fs: 0.00667s.
TimeProp in 575 fs: 0.00672s.
TimeProp in 576 fs: 0.00664s.
TimeProp in 577 fs: 0.00675s.
TimeProp in 578 fs: 0.00662s.
TimeProp in 579 fs: 0.00672s.
TimeProp in 580 fs: 0.00661s.
TimeProp in 581 fs: 0.00669s.
TimeProp in 582 fs: 0.00660s.
TimeProp in 583 fs: 0.00665s.
TimeProp in 584 fs: 0.00666s.
TimeProp in 585 fs: 0.00666s.
TimeProp in 586 fs: 0.00674s.
TimeProp in 587 fs: 0.00664s.
TimeProp in 588 fs: 0.00671s.
TimeProp in 589 fs: 0.00673s.
TimeProp in 590 fs: 0.00666s.
TimeProp in 591 fs: 0.00667s.
TimeProp in 592 fs: 0.00667s.
TimeProp in 593 fs: 0.00674s.
TimeProp in 594 fs: 0.00662s.
TimeProp in 595 fs: 0.00671s.
TimeProp in 596 fs: 0.00667s.
TimeProp in 597 fs: 0.00668s.
TimeProp in 598 fs: 0.00671s.
TimeProp in 599 fs: 0.00671s.
TimeProp in 600 fs: 0.00664s.
TimeProp in 601 fs: 0.00672s.
TimeProp in 602 fs: 0.00674s.
TimeProp in 603 fs: 0.00672s.
TimeProp in 604 fs: 0.00681s.
TimeProp in 605 fs: 0.00666s.
TimeProp in 606 fs: 0.00677s.
TimeProp in 607 fs: 0.00662s.
TimeProp in 608 fs: 0.00678s.
TimeProp in 609 fs: 0.00672s.
TimeProp in 610 fs: 0.00670s.
TimeProp in 611 fs: 0.00672s.
TimeProp in 612 fs: 0.00681s.
TimeProp in 613 fs: 0.00672s.
TimeProp in 614 fs: 0.00672s.
TimeProp in 615 fs: 0.00675s.
TimeProp in 616 fs: 0.00665s.
TimeProp in 617 fs: 0.00680s.
TimeProp in 618 fs: 0.00671s.
TimeProp in 619 fs: 0.00675s.
TimeProp in 620 fs: 0.00667s.
TimeProp in 621 fs: 0.00671s.
TimeProp in 622 fs: 0.00668s.
TimeProp in 623 fs: 0.00666s.
TimeProp in 624 fs: 0.00671s.
TimeProp in 625 fs: 0.00674s.
TimeProp in 626 fs: 0.00667s.
TimeProp in 627 fs: 0.00676s.
TimeProp in 628 fs: 0.00668s.
TimeProp in 629 fs: 0.00676s.
TimeProp in 630 fs: 0.00665s.
TimeProp in 631 fs: 0.00673s.
TimeProp in 632 fs: 0.00688s.
TimeProp in 633 fs: 0.00668s.
TimeProp in 634 fs: 0.00674s.
TimeProp in 635 fs: 0.00669s.
TimeProp in 636 fs: 0.00675s.
TimeProp in 637 fs: 0.00668s.
TimeProp in 638 fs: 0.00674s.
TimeProp in 639 fs: 0.00665s.
TimeProp in 640 fs: 0.00669s.
TimeProp in 641 fs: 0.00678s.
TimeProp in 642 fs: 0.00675s.
TimeProp in 643 fs: 0.00668s.
TimeProp in 644 fs: 0.00674s.
TimeProp in 645 fs: 0.00669s.
TimeProp in 646 fs: 0.00669s.
TimeProp in 647 fs: 0.00665s.
TimeProp in 648 fs: 0.00688s.
TimeProp in 649 fs: 0.00669s.
TimeProp in 650 fs: 0.00667s.
TimeProp in 651 fs: 0.00668s.
TimeProp in 652 fs: 0.00671s.
TimeProp in 653 fs: 0.00670s.
TimeProp in 654 fs: 0.00674s.
TimeProp in 655 fs: 0.00670s.
TimeProp in 656 fs: 0.00672s.
TimeProp in 657 fs: 0.00673s.
TimeProp in 658 fs: 0.00667s.
TimeProp in 659 fs: 0.00674s.
TimeProp in 660 fs: 0.00669s.
TimeProp in 661 fs: 0.00669s.
TimeProp in 662 fs: 0.00670s.
TimeProp in 663 fs: 0.00672s.
TimeProp in 664 fs: 0.00668s.
TimeProp in 665 fs: 0.00671s.
TimeProp in 666 fs: 0.00667s.
TimeProp in 667 fs: 0.00687s.
TimeProp in 668 fs: 0.00675s.
TimeProp in 669 fs: 0.00678s.
TimeProp in 670 fs: 0.00670s.
TimeProp in 671 fs: 0.00670s.
TimeProp in 672 fs: 0.00668s.
TimeProp in 673 fs: 0.00668s.
TimeProp in 674 fs: 0.00671s.
TimeProp in 675 fs: 0.00666s.
TimeProp in 676 fs: 0.00667s.
TimeProp in 677 fs: 0.00667s.
TimeProp in 678 fs: 0.00667s.
TimeProp in 679 fs: 0.00671s.
TimeProp in 680 fs: 0.00669s.
TimeProp in 681 fs: 0.00666s.
TimeProp in 682 fs: 0.00671s.
TimeProp in 683 fs: 0.00669s.
TimeProp in 684 fs: 0.00664s.
TimeProp in 685 fs: 0.00668s.
TimeProp in 686 fs: 0.00670s.
TimeProp in 687 fs: 0.00666s.
TimeProp in 688 fs: 0.00680s.
TimeProp in 689 fs: 0.00672s.
TimeProp in 690 fs: 0.00665s.
TimeProp in 691 fs: 0.00665s.
TimeProp in 692 fs: 0.00666s.
TimeProp in 693 fs: 0.00670s.
TimeProp in 694 fs: 0.00685s.
TimeProp in 695 fs: 0.00673s.
TimeProp in 696 fs: 0.00676s.
TimeProp in 697 fs: 0.00669s.
TimeProp in 698 fs: 0.00669s.
TimeProp in 699 fs: 0.00672s.
TimeProp in 700 fs: 0.00671s.
TimeProp in 701 fs: 0.00673s.
TimeProp in 702 fs: 0.00671s.
TimeProp in 703 fs: 0.00666s.
TimeProp in 704 fs: 0.00665s.
TimeProp in 705 fs: 0.00671s.
TimeProp in 706 fs: 0.00686s.
TimeProp in 707 fs: 0.00661s.
TimeProp in 708 fs: 0.00671s.
TimeProp in 709 fs: 0.00664s.
TimeProp in 710 fs: 0.00684s.
TimeProp in 711 fs: 0.00667s.
TimeProp in 712 fs: 0.00678s.
TimeProp in 713 fs: 0.00672s.
TimeProp in 714 fs: 0.00680s.
TimeProp in 715 fs: 0.00673s.
TimeProp in 716 fs: 0.00672s.
TimeProp in 717 fs: 0.00665s.
TimeProp in 718 fs: 0.00674s.
TimeProp in 719 fs: 0.00669s.
TimeProp in 720 fs: 0.00676s.
TimeProp in 721 fs: 0.00673s.
TimeProp in 722 fs: 0.00679s.
TimeProp in 723 fs: 0.00669s.
TimeProp in 724 fs: 0.00673s.
TimeProp in 725 fs: 0.00675s.
TimeProp in 726 fs: 0.00667s.
TimeProp in 727 fs: 0.00669s.
TimeProp in 728 fs: 0.00671s.
TimeProp in 729 fs: 0.00671s.
TimeProp in 730 fs: 0.00673s.
TimeProp in 731 fs: 0.00672s.
TimeProp in 732 fs: 0.00669s.
TimeProp in 733 fs: 0.00668s.
TimeProp in 734 fs: 0.00672s.
TimeProp in 735 fs: 0.00671s.
TimeProp in 736 fs: 0.00675s.
TimeProp in 737 fs: 0.00674s.
TimeProp in 738 fs: 0.00671s.
TimeProp in 739 fs: 0.00666s.
TimeProp in 740 fs: 0.00669s.
TimeProp in 741 fs: 0.00670s.
TimeProp in 742 fs: 0.00670s.
TimeProp in 743 fs: 0.00672s.
TimeProp in 744 fs: 0.00673s.
TimeProp in 745 fs: 0.00673s.
TimeProp in 746 fs: 0.00680s.
TimeProp in 747 fs: 0.00674s.
TimeProp in 748 fs: 0.00667s.
TimeProp in 749 fs: 0.00671s.
TimeProp in 750 fs: 0.00678s.
TimeProp in 751 fs: 0.00662s.
TimeProp in 752 fs: 0.00674s.
TimeProp in 753 fs: 0.00663s.
TimeProp in 754 fs: 0.00676s.
TimeProp in 755 fs: 0.00662s.
TimeProp in 756 fs: 0.00670s.
TimeProp in 757 fs: 0.00666s.
TimeProp in 758 fs: 0.00674s.
TimeProp in 759 fs: 0.00666s.
TimeProp in 760 fs: 0.00666s.
TimeProp in 761 fs: 0.00674s.
TimeProp in 762 fs: 0.00668s.
TimeProp in 763 fs: 0.00667s.
TimeProp in 764 fs: 0.00673s.
TimeProp in 765 fs: 0.00672s.
TimeProp in 766 fs: 0.00670s.
TimeProp in 767 fs: 0.00672s.
TimeProp in 768 fs: 0.00671s.
TimeProp in 769 fs: 0.00671s.
TimeProp in 770 fs: 0.00668s.
TimeProp in 771 fs: 0.00669s.
TimeProp in 772 fs: 0.00665s.
TimeProp in 773 fs: 0.00670s.
TimeProp in 774 fs: 0.00679s.
TimeProp in 775 fs: 0.00675s.
TimeProp in 776 fs: 0.00663s.
TimeProp in 777 fs: 0.00673s.
TimeProp in 778 fs: 0.00668s.
TimeProp in 779 fs: 0.00665s.
TimeProp in 780 fs: 0.00685s.
TimeProp in 781 fs: 0.00663s.
TimeProp in 782 fs: 0.00668s.
TimeProp in 783 fs: 0.00665s.
TimeProp in 784 fs: 0.00675s.
TimeProp in 785 fs: 0.00668s.
TimeProp in 786 fs: 0.00672s.
TimeProp in 787 fs: 0.00669s.
TimeProp in 788 fs: 0.00671s.
TimeProp in 789 fs: 0.00673s.
TimeProp in 790 fs: 0.00677s.
TimeProp in 791 fs: 0.00674s.
TimeProp in 792 fs: 0.00677s.
TimeProp in 793 fs: 0.00669s.
TimeProp in 794 fs: 0.00668s.
TimeProp in 795 fs: 0.00670s.
TimeProp in 796 fs: 0.00673s.
TimeProp in 797 fs: 0.00674s.
TimeProp in 798 fs: 0.00671s.
TimeProp in 799 fs: 0.00671s.
TimeProp in 800 fs: 0.00670s.
TimeProp in 801 fs: 0.00670s.
TimeProp in 802 fs: 0.00669s.
TimeProp in 803 fs: 0.00668s.
TimeProp in 804 fs: 0.00670s.
TimeProp in 805 fs: 0.00670s.
TimeProp in 806 fs: 0.00673s.
TimeProp in 807 fs: 0.00686s.
TimeProp in 808 fs: 0.00666s.
TimeProp in 809 fs: 0.00672s.
TimeProp in 810 fs: 0.00673s.
TimeProp in 811 fs: 0.00668s.
TimeProp in 812 fs: 0.00679s.
TimeProp in 813 fs: 0.00672s.
TimeProp in 814 fs: 0.00673s.
TimeProp in 815 fs: 0.00666s.
TimeProp in 816 fs: 0.00672s.
TimeProp in 817 fs: 0.00675s.
TimeProp in 818 fs: 0.00668s.
TimeProp in 819 fs: 0.00673s.
TimeProp in 820 fs: 0.00668s.
TimeProp in 821 fs: 0.00668s.
TimeProp in 822 fs: 0.00669s.
TimeProp in 823 fs: 0.00677s.
TimeProp in 824 fs: 0.00662s.
TimeProp in 825 fs: 0.00679s.
TimeProp in 826 fs: 0.00671s.
TimeProp in 827 fs: 0.00670s.
TimeProp in 828 fs: 0.00669s.
TimeProp in 829 fs: 0.00673s.
TimeProp in 830 fs: 0.00670s.
TimeProp in 831 fs: 0.00673s.
TimeProp in 832 fs: 0.00675s.
TimeProp in 833 fs: 0.00679s.
TimeProp in 834 fs: 0.00679s.
TimeProp in 835 fs: 0.00675s.
TimeProp in 836 fs: 0.00679s.
TimeProp in 837 fs: 0.00665s.
TimeProp in 838 fs: 0.00669s.
TimeProp in 839 fs: 0.00672s.
TimeProp in 840 fs: 0.00667s.
TimeProp in 841 fs: 0.00670s.
TimeProp in 842 fs: 0.00666s.
TimeProp in 843 fs: 0.00676s.
TimeProp in 844 fs: 0.00668s.
TimeProp in 845 fs: 0.00669s.
TimeProp in 846 fs: 0.00676s.
TimeProp in 847 fs: 0.00672s.
TimeProp in 848 fs: 0.00667s.
TimeProp in 849 fs: 0.00673s.
TimeProp in 850 fs: 0.00672s.
TimeProp in 851 fs: 0.00667s.
TimeProp in 852 fs: 0.00667s.
TimeProp in 853 fs: 0.00670s.
TimeProp in 854 fs: 0.00684s.
TimeProp in 855 fs: 0.00674s.
TimeProp in 856 fs: 0.00673s.
TimeProp in 857 fs: 0.00671s.
TimeProp in 858 fs: 0.00670s.
TimeProp in 859 fs: 0.00674s.
TimeProp in 860 fs: 0.00672s.
TimeProp in 861 fs: 0.00672s.
TimeProp in 862 fs: 0.00677s.
TimeProp in 863 fs: 0.00670s.
TimeProp in 864 fs: 0.00672s.
TimeProp in 865 fs: 0.00674s.
TimeProp in 866 fs: 0.00671s.
TimeProp in 867 fs: 0.00677s.
TimeProp in 868 fs: 0.00675s.
TimeProp in 869 fs: 0.00671s.
TimeProp in 870 fs: 0.00675s.
TimeProp in 871 fs: 0.00663s.
TimeProp in 872 fs: 0.00678s.
TimeProp in 873 fs: 0.00667s.
TimeProp in 874 fs: 0.00674s.
TimeProp in 875 fs: 0.00664s.
TimeProp in 876 fs: 0.00669s.
TimeProp in 877 fs: 0.00668s.
TimeProp in 878 fs: 0.00669s.
TimeProp in 879 fs: 0.00676s.
TimeProp in 880 fs: 0.00675s.
TimeProp in 881 fs: 0.00671s.
TimeProp in 882 fs: 0.00672s.
TimeProp in 883 fs: 0.00669s.
TimeProp in 884 fs: 0.00668s.
TimeProp in 885 fs: 0.00673s.
TimeProp in 886 fs: 0.00674s.
TimeProp in 887 fs: 0.00665s.
TimeProp in 888 fs: 0.00671s.
TimeProp in 889 fs: 0.00668s.
TimeProp in 890 fs: 0.00670s.
TimeProp in 891 fs: 0.00669s.
TimeProp in 892 fs: 0.00674s.
TimeProp in 893 fs: 0.00673s.
TimeProp in 894 fs: 0.00673s.
TimeProp in 895 fs: 0.00671s.
TimeProp in 896 fs: 0.00673s.
TimeProp in 897 fs: 0.00666s.
TimeProp in 898 fs: 0.00672s.
TimeProp in 899 fs: 0.00669s.
TimeProp in 900 fs: 0.00675s.
TimeProp in 901 fs: 0.00675s.
TimeProp in 902 fs: 0.00673s.
TimeProp in 903 fs: 0.00684s.
TimeProp in 904 fs: 0.00672s.
TimeProp in 905 fs: 0.00668s.
TimeProp in 906 fs: 0.00673s.
TimeProp in 907 fs: 0.00669s.
TimeProp in 908 fs: 0.00667s.
TimeProp in 909 fs: 0.00671s.
TimeProp in 910 fs: 0.00669s.
TimeProp in 911 fs: 0.00678s.
TimeProp in 912 fs: 0.00672s.
TimeProp in 913 fs: 0.00676s.
TimeProp in 914 fs: 0.00677s.
TimeProp in 915 fs: 0.00671s.
TimeProp in 916 fs: 0.00672s.
TimeProp in 917 fs: 0.00663s.
TimeProp in 918 fs: 0.00671s.
TimeProp in 919 fs: 0.00674s.
TimeProp in 920 fs: 0.00669s.
TimeProp in 921 fs: 0.00671s.
TimeProp in 922 fs: 0.00672s.
TimeProp in 923 fs: 0.00672s.
TimeProp in 924 fs: 0.00674s.
TimeProp in 925 fs: 0.00670s.
TimeProp in 926 fs: 0.00673s.
TimeProp in 927 fs: 0.00680s.
TimeProp in 928 fs: 0.00670s.
TimeProp in 929 fs: 0.00683s.
TimeProp in 930 fs: 0.00664s.
TimeProp in 931 fs: 0.00676s.
TimeProp in 932 fs: 0.00669s.
TimeProp in 933 fs: 0.00675s.
TimeProp in 934 fs: 0.00665s.
TimeProp in 935 fs: 0.00671s.
TimeProp in 936 fs: 0.00667s.
TimeProp in 937 fs: 0.00673s.
TimeProp in 938 fs: 0.00667s.
TimeProp in 939 fs: 0.00670s.
TimeProp in 940 fs: 0.00666s.
TimeProp in 941 fs: 0.00676s.
TimeProp in 942 fs: 0.00665s.
TimeProp in 943 fs: 0.00669s.
TimeProp in 944 fs: 0.00670s.
TimeProp in 945 fs: 0.00673s.
TimeProp in 946 fs: 0.00671s.
TimeProp in 947 fs: 0.00667s.
TimeProp in 948 fs: 0.00665s.
TimeProp in 949 fs: 0.00673s.
TimeProp in 950 fs: 0.00663s.
TimeProp in 951 fs: 0.00672s.
TimeProp in 952 fs: 0.00673s.
TimeProp in 953 fs: 0.00670s.
TimeProp in 954 fs: 0.00660s.
TimeProp in 955 fs: 0.00673s.
TimeProp in 956 fs: 0.00674s.
TimeProp in 957 fs: 0.00670s.
TimeProp in 958 fs: 0.00667s.
TimeProp in 959 fs: 0.00667s.
TimeProp in 960 fs: 0.00662s.
TimeProp in 961 fs: 0.00670s.
TimeProp in 962 fs: 0.00670s.
TimeProp in 963 fs: 0.00666s.
TimeProp in 964 fs: 0.00669s.
TimeProp in 965 fs: 0.00663s.
TimeProp in 966 fs: 0.00671s.
TimeProp in 967 fs: 0.00665s.
TimeProp in 968 fs: 0.00674s.
TimeProp in 969 fs: 0.00671s.
TimeProp in 970 fs: 0.00677s.
TimeProp in 971 fs: 0.00670s.
TimeProp in 972 fs: 0.00671s.
TimeProp in 973 fs: 0.00672s.
TimeProp in 974 fs: 0.00669s.
TimeProp in 975 fs: 0.00671s.
TimeProp in 976 fs: 0.00669s.
TimeProp in 977 fs: 0.00672s.
TimeProp in 978 fs: 0.00670s.
TimeProp in 979 fs: 0.00669s.
TimeProp in 980 fs: 0.00674s.
TimeProp in 981 fs: 0.00666s.
TimeProp in 982 fs: 0.00676s.
TimeProp in 983 fs: 0.00688s.
TimeProp in 984 fs: 0.00669s.
TimeProp in 985 fs: 0.00669s.
TimeProp in 986 fs: 0.00669s.
TimeProp in 987 fs: 0.00668s.
TimeProp in 988 fs: 0.00672s.
TimeProp in 989 fs: 0.00673s.
TimeProp in 990 fs: 0.00667s.
TimeProp in 991 fs: 0.00672s.
TimeProp in 992 fs: 0.00666s.
TimeProp in 993 fs: 0.00680s.
TimeProp in 994 fs: 0.00667s.
TimeProp in 995 fs: 0.00672s.
TimeProp in 996 fs: 0.00668s.
TimeProp in 997 fs: 0.00676s.
TimeProp in 998 fs: 0.00668s.
TimeProp in 999 fs: 0.00672s.
Sample 0, TimeProp time: 6.922134s.
FSSH-SHM in 0 fs: 0.47903s.
FSSH-SHM in 1 fs: 0.49491s.
FSSH-SHM in 2 fs: 0.49424s.
FSSH-SHM in 3 fs: 0.49044s.
FSSH-SHM in 4 fs: 0.48638s.
FSSH-SHM in 5 fs: 0.48730s.
FSSH-SHM in 6 fs: 0.48441s.
FSSH-SHM in 7 fs: 0.48755s.
FSSH-SHM in 8 fs: 0.48818s.
FSSH-SHM in 9 fs: 0.49191s.
FSSH-SHM in 10 fs: 0.48749s.
FSSH-SHM in 11 fs: 0.49101s.
FSSH-SHM in 12 fs: 0.49348s.
FSSH-SHM in 13 fs: 0.49181s.
FSSH-SHM in 14 fs: 0.49133s.
FSSH-SHM in 15 fs: 0.48653s.
FSSH-SHM in 16 fs: 0.48451s.
FSSH-SHM in 17 fs: 0.48457s.
FSSH-SHM in 18 fs: 0.48544s.
FSSH-SHM in 19 fs: 0.48613s.
FSSH-SHM in 20 fs: 0.48879s.
FSSH-SHM in 21 fs: 0.49073s.
FSSH-SHM in 22 fs: 0.48935s.
FSSH-SHM in 23 fs: 0.48874s.
FSSH-SHM in 24 fs: 0.48766s.
FSSH-SHM in 25 fs: 0.48768s.
FSSH-SHM in 26 fs: 0.48862s.
FSSH-SHM in 27 fs: 0.48997s.
FSSH-SHM in 28 fs: 0.49008s.
FSSH-SHM in 29 fs: 0.48954s.
FSSH-SHM in 30 fs: 0.49489s.
FSSH-SHM in 31 fs: 0.49399s.
FSSH-SHM in 32 fs: 0.49129s.
FSSH-SHM in 33 fs: 0.48810s.
FSSH-SHM in 34 fs: 0.48770s.
FSSH-SHM in 35 fs: 0.48521s.
FSSH-SHM in 36 fs: 0.48420s.
FSSH-SHM in 37 fs: 0.48446s.
FSSH-SHM in 38 fs: 0.48859s.
FSSH-SHM in 39 fs: 0.49322s.
FSSH-SHM in 40 fs: 0.48922s.
FSSH-SHM in 41 fs: 0.48824s.
FSSH-SHM in 42 fs: 0.48709s.
FSSH-SHM in 43 fs: 0.48468s.
FSSH-SHM in 44 fs: 0.48520s.
FSSH-SHM in 45 fs: 0.48700s.
FSSH-SHM in 46 fs: 0.48863s.
FSSH-SHM in 47 fs: 0.49064s.
FSSH-SHM in 48 fs: 0.49179s.
FSSH-SHM in 49 fs: 0.49481s.
FSSH-SHM in 50 fs: 0.49458s.
FSSH-SHM in 51 fs: 0.49165s.
FSSH-SHM in 52 fs: 0.49265s.
FSSH-SHM in 53 fs: 0.49224s.
FSSH-SHM in 54 fs: 0.49351s.
FSSH-SHM in 55 fs: 0.49374s.
FSSH-SHM in 56 fs: 0.49290s.
FSSH-SHM in 57 fs: 0.49281s.
FSSH-SHM in 58 fs: 0.49244s.
FSSH-SHM in 59 fs: 0.49144s.
FSSH-SHM in 60 fs: 0.49304s.
FSSH-SHM in 61 fs: 0.49339s.
FSSH-SHM in 62 fs: 0.49236s.
FSSH-SHM in 63 fs: 0.48942s.
FSSH-SHM in 64 fs: 0.49134s.
FSSH-SHM in 65 fs: 0.49266s.
FSSH-SHM in 66 fs: 0.49038s.
FSSH-SHM in 67 fs: 0.48935s.
FSSH-SHM in 68 fs: 0.49006s.
FSSH-SHM in 69 fs: 0.48918s.
FSSH-SHM in 70 fs: 0.49002s.
FSSH-SHM in 71 fs: 0.49181s.
FSSH-SHM in 72 fs: 0.49357s.
FSSH-SHM in 73 fs: 0.48712s.
FSSH-SHM in 74 fs: 0.48406s.
FSSH-SHM in 75 fs: 0.48153s.
FSSH-SHM in 76 fs: 0.48330s.
FSSH-SHM in 77 fs: 0.48577s.
FSSH-SHM in 78 fs: 0.48851s.
FSSH-SHM in 79 fs: 0.48827s.
FSSH-SHM in 80 fs: 0.49001s.
FSSH-SHM in 81 fs: 0.48694s.
FSSH-SHM in 82 fs: 0.48378s.
FSSH-SHM in 83 fs: 0.48130s.
FSSH-SHM in 84 fs: 0.48106s.
FSSH-SHM in 85 fs: 0.48185s.
FSSH-SHM in 86 fs: 0.48580s.
FSSH-SHM in 87 fs: 0.48673s.
FSSH-SHM in 88 fs: 0.49131s.
FSSH-SHM in 89 fs: 0.49068s.
FSSH-SHM in 90 fs: 0.49017s.
FSSH-SHM in 91 fs: 0.48903s.
FSSH-SHM in 92 fs: 0.48701s.
FSSH-SHM in 93 fs: 0.48601s.
FSSH-SHM in 94 fs: 0.48809s.
FSSH-SHM in 95 fs: 0.49159s.
FSSH-SHM in 96 fs: 0.49177s.
FSSH-SHM in 97 fs: 0.49237s.
FSSH-SHM in 98 fs: 0.49106s.
FSSH-SHM in 99 fs: 0.48801s.
FSSH-SHM in 100 fs: 0.48649s.
FSSH-SHM in 101 fs: 0.48972s.
FSSH-SHM in 102 fs: 0.48965s.
FSSH-SHM in 103 fs: 0.49010s.
FSSH-SHM in 104 fs: 0.48926s.
FSSH-SHM in 105 fs: 0.48927s.
FSSH-SHM in 106 fs: 0.49040s.
FSSH-SHM in 107 fs: 0.49069s.
FSSH-SHM in 108 fs: 0.49109s.
FSSH-SHM in 109 fs: 0.49127s.
FSSH-SHM in 110 fs: 0.49090s.
FSSH-SHM in 111 fs: 0.49095s.
FSSH-SHM in 112 fs: 0.48884s.
FSSH-SHM in 113 fs: 0.49180s.
FSSH-SHM in 114 fs: 0.49140s.
FSSH-SHM in 115 fs: 0.49113s.
FSSH-SHM in 116 fs: 0.49042s.
FSSH-SHM in 117 fs: 0.49034s.
FSSH-SHM in 118 fs: 0.49405s.
FSSH-SHM in 119 fs: 0.49593s.
FSSH-SHM in 120 fs: 0.49207s.
FSSH-SHM in 121 fs: 0.49463s.
FSSH-SHM in 122 fs: 0.49086s.
FSSH-SHM in 123 fs: 0.49070s.
FSSH-SHM in 124 fs: 0.49232s.
FSSH-SHM in 125 fs: 0.49383s.
FSSH-SHM in 126 fs: 0.49710s.
FSSH-SHM in 127 fs: 0.49916s.
FSSH-SHM in 128 fs: 0.49959s.
FSSH-SHM in 129 fs: 0.50073s.
FSSH-SHM in 130 fs: 0.49899s.
FSSH-SHM in 131 fs: 0.49647s.
FSSH-SHM in 132 fs: 0.49665s.
FSSH-SHM in 133 fs: 0.49396s.
FSSH-SHM in 134 fs: 0.49418s.
FSSH-SHM in 135 fs: 0.49540s.
FSSH-SHM in 136 fs: 0.49475s.
FSSH-SHM in 137 fs: 0.49281s.
FSSH-SHM in 138 fs: 0.48968s.
FSSH-SHM in 139 fs: 0.48816s.
FSSH-SHM in 140 fs: 0.49161s.
FSSH-SHM in 141 fs: 0.49451s.
FSSH-SHM in 142 fs: 0.49463s.
FSSH-SHM in 143 fs: 0.49856s.
FSSH-SHM in 144 fs: 0.49759s.
FSSH-SHM in 145 fs: 0.49562s.
FSSH-SHM in 146 fs: 0.49544s.
FSSH-SHM in 147 fs: 0.49583s.
FSSH-SHM in 148 fs: 0.49531s.
FSSH-SHM in 149 fs: 0.49612s.
FSSH-SHM in 150 fs: 0.49863s.
FSSH-SHM in 151 fs: 0.50184s.
FSSH-SHM in 152 fs: 0.49733s.
FSSH-SHM in 153 fs: 0.49616s.
FSSH-SHM in 154 fs: 0.49367s.
FSSH-SHM in 155 fs: 0.49368s.
FSSH-SHM in 156 fs: 0.49676s.
FSSH-SHM in 157 fs: 0.49864s.
FSSH-SHM in 158 fs: 0.49921s.
FSSH-SHM in 159 fs: 0.50144s.
FSSH-SHM in 160 fs: 0.50050s.
FSSH-SHM in 161 fs: 0.50201s.
FSSH-SHM in 162 fs: 0.49959s.
FSSH-SHM in 163 fs: 0.49693s.
FSSH-SHM in 164 fs: 0.49518s.
FSSH-SHM in 165 fs: 0.49103s.
FSSH-SHM in 166 fs: 0.48982s.
FSSH-SHM in 167 fs: 0.48968s.
FSSH-SHM in 168 fs: 0.49346s.
FSSH-SHM in 169 fs: 0.49104s.
FSSH-SHM in 170 fs: 0.49147s.
FSSH-SHM in 171 fs: 0.49105s.
FSSH-SHM in 172 fs: 0.49066s.
FSSH-SHM in 173 fs: 0.49355s.
FSSH-SHM in 174 fs: 0.49339s.
FSSH-SHM in 175 fs: 0.49510s.
FSSH-SHM in 176 fs: 0.49259s.
FSSH-SHM in 177 fs: 0.49766s.
FSSH-SHM in 178 fs: 0.50028s.
FSSH-SHM in 179 fs: 0.49972s.
FSSH-SHM in 180 fs: 0.50324s.
FSSH-SHM in 181 fs: 0.50048s.
FSSH-SHM in 182 fs: 0.49747s.
FSSH-SHM in 183 fs: 0.49418s.
FSSH-SHM in 184 fs: 0.49368s.
FSSH-SHM in 185 fs: 0.49369s.
FSSH-SHM in 186 fs: 0.49603s.
FSSH-SHM in 187 fs: 0.49996s.
FSSH-SHM in 188 fs: 0.50031s.
FSSH-SHM in 189 fs: 0.49487s.
FSSH-SHM in 190 fs: 0.49163s.
FSSH-SHM in 191 fs: 0.48707s.
FSSH-SHM in 192 fs: 0.48759s.
FSSH-SHM in 193 fs: 0.48887s.
FSSH-SHM in 194 fs: 0.48806s.
FSSH-SHM in 195 fs: 0.48767s.
FSSH-SHM in 196 fs: 0.49254s.
FSSH-SHM in 197 fs: 0.49469s.
FSSH-SHM in 198 fs: 0.49832s.
FSSH-SHM in 199 fs: 0.49387s.
FSSH-SHM in 200 fs: 0.49151s.
FSSH-SHM in 201 fs: 0.49431s.
FSSH-SHM in 202 fs: 0.49409s.
FSSH-SHM in 203 fs: 0.49499s.
FSSH-SHM in 204 fs: 0.49571s.
FSSH-SHM in 205 fs: 0.49842s.
FSSH-SHM in 206 fs: 0.50114s.
FSSH-SHM in 207 fs: 0.50284s.
FSSH-SHM in 208 fs: 0.50378s.
FSSH-SHM in 209 fs: 0.50282s.
FSSH-SHM in 210 fs: 0.50395s.
FSSH-SHM in 211 fs: 0.50166s.
FSSH-SHM in 212 fs: 0.49932s.
FSSH-SHM in 213 fs: 0.49623s.
FSSH-SHM in 214 fs: 0.49617s.
FSSH-SHM in 215 fs: 0.49819s.
FSSH-SHM in 216 fs: 0.49598s.
FSSH-SHM in 217 fs: 0.49720s.
FSSH-SHM in 218 fs: 0.49702s.
FSSH-SHM in 219 fs: 0.49507s.
FSSH-SHM in 220 fs: 0.49683s.
FSSH-SHM in 221 fs: 0.49592s.
FSSH-SHM in 222 fs: 0.49356s.
FSSH-SHM in 223 fs: 0.49639s.
FSSH-SHM in 224 fs: 0.49987s.
FSSH-SHM in 225 fs: 0.49912s.
FSSH-SHM in 226 fs: 0.50194s.
FSSH-SHM in 227 fs: 0.50520s.
FSSH-SHM in 228 fs: 0.50606s.
FSSH-SHM in 229 fs: 0.50602s.
FSSH-SHM in 230 fs: 0.50425s.
FSSH-SHM in 231 fs: 0.50542s.
FSSH-SHM in 232 fs: 0.50638s.
FSSH-SHM in 233 fs: 0.50315s.
FSSH-SHM in 234 fs: 0.50220s.
FSSH-SHM in 235 fs: 0.50068s.
FSSH-SHM in 236 fs: 0.49907s.
FSSH-SHM in 237 fs: 0.50069s.
FSSH-SHM in 238 fs: 0.50031s.
FSSH-SHM in 239 fs: 0.49568s.
FSSH-SHM in 240 fs: 0.49781s.
FSSH-SHM in 241 fs: 0.49903s.
FSSH-SHM in 242 fs: 0.50189s.
FSSH-SHM in 243 fs: 0.50641s.
FSSH-SHM in 244 fs: 0.50443s.
FSSH-SHM in 245 fs: 0.50659s.
FSSH-SHM in 246 fs: 0.50933s.
FSSH-SHM in 247 fs: 0.50582s.
FSSH-SHM in 248 fs: 0.50576s.
FSSH-SHM in 249 fs: 0.50656s.
FSSH-SHM in 250 fs: 0.49980s.
FSSH-SHM in 251 fs: 0.49552s.
FSSH-SHM in 252 fs: 0.49817s.
FSSH-SHM in 253 fs: 0.50041s.
FSSH-SHM in 254 fs: 0.49760s.
FSSH-SHM in 255 fs: 0.49596s.
FSSH-SHM in 256 fs: 0.49443s.
FSSH-SHM in 257 fs: 0.49696s.
FSSH-SHM in 258 fs: 0.49772s.
FSSH-SHM in 259 fs: 0.49379s.
FSSH-SHM in 260 fs: 0.49020s.
FSSH-SHM in 261 fs: 0.48928s.
FSSH-SHM in 262 fs: 0.49145s.
FSSH-SHM in 263 fs: 0.49924s.
FSSH-SHM in 264 fs: 0.50025s.
FSSH-SHM in 265 fs: 0.50306s.
FSSH-SHM in 266 fs: 0.50559s.
FSSH-SHM in 267 fs: 0.51339s.
FSSH-SHM in 268 fs: 0.51577s.
FSSH-SHM in 269 fs: 0.51144s.
FSSH-SHM in 270 fs: 0.49825s.
FSSH-SHM in 271 fs: 0.49815s.
FSSH-SHM in 272 fs: 0.49833s.
FSSH-SHM in 273 fs: 0.49902s.
FSSH-SHM in 274 fs: 0.49860s.
FSSH-SHM in 275 fs: 0.49999s.
FSSH-SHM in 276 fs: 0.50227s.
FSSH-SHM in 277 fs: 0.50100s.
FSSH-SHM in 278 fs: 0.49830s.
FSSH-SHM in 279 fs: 0.50130s.
FSSH-SHM in 280 fs: 0.50436s.
FSSH-SHM in 281 fs: 0.50697s.
FSSH-SHM in 282 fs: 0.50616s.
FSSH-SHM in 283 fs: 0.50728s.
FSSH-SHM in 284 fs: 0.50573s.
FSSH-SHM in 285 fs: 0.50309s.
FSSH-SHM in 286 fs: 0.49935s.
FSSH-SHM in 287 fs: 0.50234s.
FSSH-SHM in 288 fs: 0.50230s.
FSSH-SHM in 289 fs: 0.50027s.
FSSH-SHM in 290 fs: 0.49929s.
FSSH-SHM in 291 fs: 0.49713s.
FSSH-SHM in 292 fs: 0.49718s.
FSSH-SHM in 293 fs: 0.50197s.
FSSH-SHM in 294 fs: 0.50477s.
FSSH-SHM in 295 fs: 0.50656s.
FSSH-SHM in 296 fs: 0.50605s.
FSSH-SHM in 297 fs: 0.50396s.
FSSH-SHM in 298 fs: 0.50717s.
FSSH-SHM in 299 fs: 0.50447s.
FSSH-SHM in 300 fs: 0.50494s.
FSSH-SHM in 301 fs: 0.50320s.
FSSH-SHM in 302 fs: 0.50270s.
FSSH-SHM in 303 fs: 0.50069s.
FSSH-SHM in 304 fs: 0.50146s.
FSSH-SHM in 305 fs: 0.50562s.
FSSH-SHM in 306 fs: 0.50712s.
FSSH-SHM in 307 fs: 0.50396s.
FSSH-SHM in 308 fs: 0.50735s.
FSSH-SHM in 309 fs: 0.50741s.
FSSH-SHM in 310 fs: 0.51029s.
FSSH-SHM in 311 fs: 0.50766s.
FSSH-SHM in 312 fs: 0.50584s.
FSSH-SHM in 313 fs: 0.49587s.
FSSH-SHM in 314 fs: 0.50293s.
FSSH-SHM in 315 fs: 0.50430s.
FSSH-SHM in 316 fs: 0.50605s.
FSSH-SHM in 317 fs: 0.50897s.
FSSH-SHM in 318 fs: 0.50850s.
FSSH-SHM in 319 fs: 0.50889s.
FSSH-SHM in 320 fs: 0.50443s.
FSSH-SHM in 321 fs: 0.50754s.
FSSH-SHM in 322 fs: 0.50593s.
FSSH-SHM in 323 fs: 0.50549s.
FSSH-SHM in 324 fs: 0.50477s.
FSSH-SHM in 325 fs: 0.50412s.
FSSH-SHM in 326 fs: 0.50547s.
FSSH-SHM in 327 fs: 0.50123s.
FSSH-SHM in 328 fs: 0.49837s.
FSSH-SHM in 329 fs: 0.50030s.
FSSH-SHM in 330 fs: 0.49760s.
FSSH-SHM in 331 fs: 0.49870s.
FSSH-SHM in 332 fs: 0.50328s.
FSSH-SHM in 333 fs: 0.50313s.
FSSH-SHM in 334 fs: 0.50644s.
FSSH-SHM in 335 fs: 0.50523s.
FSSH-SHM in 336 fs: 0.50706s.
FSSH-SHM in 337 fs: 0.50854s.
FSSH-SHM in 338 fs: 0.50653s.
FSSH-SHM in 339 fs: 0.50620s.
FSSH-SHM in 340 fs: 0.50653s.
FSSH-SHM in 341 fs: 0.50618s.
FSSH-SHM in 342 fs: 0.50472s.
FSSH-SHM in 343 fs: 0.50916s.
FSSH-SHM in 344 fs: 0.50751s.
FSSH-SHM in 345 fs: 0.50992s.
FSSH-SHM in 346 fs: 0.51088s.
FSSH-SHM in 347 fs: 0.51364s.
FSSH-SHM in 348 fs: 0.51451s.
FSSH-SHM in 349 fs: 0.51232s.
FSSH-SHM in 350 fs: 0.50572s.
FSSH-SHM in 351 fs: 0.50199s.
FSSH-SHM in 352 fs: 0.49966s.
FSSH-SHM in 353 fs: 0.49753s.
FSSH-SHM in 354 fs: 0.49963s.
FSSH-SHM in 355 fs: 0.50757s.
FSSH-SHM in 356 fs: 0.51102s.
FSSH-SHM in 357 fs: 0.51068s.
FSSH-SHM in 358 fs: 0.50738s.
FSSH-SHM in 359 fs: 0.51024s.
FSSH-SHM in 360 fs: 0.51243s.
FSSH-SHM in 361 fs: 0.51342s.
FSSH-SHM in 362 fs: 0.51429s.
FSSH-SHM in 363 fs: 0.51110s.
FSSH-SHM in 364 fs: 0.50672s.
FSSH-SHM in 365 fs: 0.50814s.
FSSH-SHM in 366 fs: 0.50830s.
FSSH-SHM in 367 fs: 0.50434s.
FSSH-SHM in 368 fs: 0.49869s.
FSSH-SHM in 369 fs: 0.50085s.
FSSH-SHM in 370 fs: 0.49698s.
FSSH-SHM in 371 fs: 0.49966s.
FSSH-SHM in 372 fs: 0.49803s.
FSSH-SHM in 373 fs: 0.50125s.
FSSH-SHM in 374 fs: 0.50284s.
FSSH-SHM in 375 fs: 0.50037s.
FSSH-SHM in 376 fs: 0.49874s.
FSSH-SHM in 377 fs: 0.49970s.
FSSH-SHM in 378 fs: 0.49891s.
FSSH-SHM in 379 fs: 0.50641s.
FSSH-SHM in 380 fs: 0.50712s.
FSSH-SHM in 381 fs: 0.50789s.
FSSH-SHM in 382 fs: 0.50781s.
FSSH-SHM in 383 fs: 0.51111s.
FSSH-SHM in 384 fs: 0.51550s.
FSSH-SHM in 385 fs: 0.50815s.
FSSH-SHM in 386 fs: 0.50678s.
FSSH-SHM in 387 fs: 0.50827s.
FSSH-SHM in 388 fs: 0.50906s.
FSSH-SHM in 389 fs: 0.50832s.
FSSH-SHM in 390 fs: 0.50412s.
FSSH-SHM in 391 fs: 0.50248s.
FSSH-SHM in 392 fs: 0.50131s.
FSSH-SHM in 393 fs: 0.50457s.
FSSH-SHM in 394 fs: 0.50284s.
FSSH-SHM in 395 fs: 0.50625s.
FSSH-SHM in 396 fs: 0.50411s.
FSSH-SHM in 397 fs: 0.50746s.
FSSH-SHM in 398 fs: 0.51363s.
FSSH-SHM in 399 fs: 0.51501s.
FSSH-SHM in 400 fs: 0.51553s.
FSSH-SHM in 401 fs: 0.51194s.
FSSH-SHM in 402 fs: 0.51323s.
FSSH-SHM in 403 fs: 0.51242s.
FSSH-SHM in 404 fs: 0.51127s.
FSSH-SHM in 405 fs: 0.51139s.
FSSH-SHM in 406 fs: 0.51217s.
FSSH-SHM in 407 fs: 0.51082s.
FSSH-SHM in 408 fs: 0.51229s.
FSSH-SHM in 409 fs: 0.51304s.
FSSH-SHM in 410 fs: 0.51072s.
FSSH-SHM in 411 fs: 0.51333s.
FSSH-SHM in 412 fs: 0.51220s.
FSSH-SHM in 413 fs: 0.50725s.
FSSH-SHM in 414 fs: 0.50756s.
FSSH-SHM in 415 fs: 0.49997s.
FSSH-SHM in 416 fs: 0.49799s.
FSSH-SHM in 417 fs: 0.50170s.
FSSH-SHM in 418 fs: 0.49955s.
FSSH-SHM in 419 fs: 0.50013s.
FSSH-SHM in 420 fs: 0.49874s.
FSSH-SHM in 421 fs: 0.50419s.
FSSH-SHM in 422 fs: 0.50741s.
FSSH-SHM in 423 fs: 0.50931s.
FSSH-SHM in 424 fs: 0.51109s.
FSSH-SHM in 425 fs: 0.51296s.
FSSH-SHM in 426 fs: 0.51016s.
FSSH-SHM in 427 fs: 0.51015s.
FSSH-SHM in 428 fs: 0.50669s.
FSSH-SHM in 429 fs: 0.50405s.
FSSH-SHM in 430 fs: 0.50643s.
FSSH-SHM in 431 fs: 0.51095s.
FSSH-SHM in 432 fs: 0.51201s.
FSSH-SHM in 433 fs: 0.51298s.
FSSH-SHM in 434 fs: 0.51203s.
FSSH-SHM in 435 fs: 0.51221s.
FSSH-SHM in 436 fs: 0.51044s.
FSSH-SHM in 437 fs: 0.50802s.
FSSH-SHM in 438 fs: 0.50941s.
FSSH-SHM in 439 fs: 0.50716s.
FSSH-SHM in 440 fs: 0.50897s.
FSSH-SHM in 441 fs: 0.51146s.
FSSH-SHM in 442 fs: 0.50825s.
FSSH-SHM in 443 fs: 0.50677s.
FSSH-SHM in 444 fs: 0.50604s.
FSSH-SHM in 445 fs: 0.50634s.
FSSH-SHM in 446 fs: 0.50786s.
FSSH-SHM in 447 fs: 0.51229s.
FSSH-SHM in 448 fs: 0.51268s.
FSSH-SHM in 449 fs: 0.51170s.
FSSH-SHM in 450 fs: 0.51417s.
FSSH-SHM in 451 fs: 0.51708s.
FSSH-SHM in 452 fs: 0.51737s.
FSSH-SHM in 453 fs: 0.51420s.
FSSH-SHM in 454 fs: 0.51124s.
FSSH-SHM in 455 fs: 0.51115s.
FSSH-SHM in 456 fs: 0.51274s.
FSSH-SHM in 457 fs: 0.51832s.
FSSH-SHM in 458 fs: 0.51791s.
FSSH-SHM in 459 fs: 0.51548s.
FSSH-SHM in 460 fs: 0.51780s.
FSSH-SHM in 461 fs: 0.51636s.
FSSH-SHM in 462 fs: 0.51754s.
FSSH-SHM in 463 fs: 0.51758s.
FSSH-SHM in 464 fs: 0.51662s.
FSSH-SHM in 465 fs: 0.51477s.
FSSH-SHM in 466 fs: 0.51254s.
FSSH-SHM in 467 fs: 0.51775s.
FSSH-SHM in 468 fs: 0.51736s.
FSSH-SHM in 469 fs: 0.51474s.
FSSH-SHM in 470 fs: 0.51762s.
FSSH-SHM in 471 fs: 0.51543s.
FSSH-SHM in 472 fs: 0.51667s.
FSSH-SHM in 473 fs: 0.51963s.
FSSH-SHM in 474 fs: 0.51653s.
FSSH-SHM in 475 fs: 0.51453s.
FSSH-SHM in 476 fs: 0.51619s.
FSSH-SHM in 477 fs: 0.51356s.
FSSH-SHM in 478 fs: 0.51112s.
FSSH-SHM in 479 fs: 0.51648s.
FSSH-SHM in 480 fs: 0.51623s.
FSSH-SHM in 481 fs: 0.51592s.
FSSH-SHM in 482 fs: 0.51700s.
FSSH-SHM in 483 fs: 0.51667s.
FSSH-SHM in 484 fs: 0.51457s.
FSSH-SHM in 485 fs: 0.51671s.
FSSH-SHM in 486 fs: 0.51406s.
FSSH-SHM in 487 fs: 0.51324s.
FSSH-SHM in 488 fs: 0.51212s.
FSSH-SHM in 489 fs: 0.50975s.
FSSH-SHM in 490 fs: 0.50988s.
FSSH-SHM in 491 fs: 0.50923s.
FSSH-SHM in 492 fs: 0.51160s.
FSSH-SHM in 493 fs: 0.51389s.
FSSH-SHM in 494 fs: 0.51165s.
FSSH-SHM in 495 fs: 0.51510s.
FSSH-SHM in 496 fs: 0.51824s.
FSSH-SHM in 497 fs: 0.51679s.
FSSH-SHM in 498 fs: 0.51521s.
FSSH-SHM in 499 fs: 0.51466s.
FSSH-SHM in 500 fs: 0.51517s.
FSSH-SHM in 501 fs: 0.51525s.
FSSH-SHM in 502 fs: 0.51548s.
FSSH-SHM in 503 fs: 0.51118s.
FSSH-SHM in 504 fs: 0.51194s.
FSSH-SHM in 505 fs: 0.51181s.
FSSH-SHM in 506 fs: 0.51064s.
FSSH-SHM in 507 fs: 0.50953s.
FSSH-SHM in 508 fs: 0.51314s.
FSSH-SHM in 509 fs: 0.51606s.
FSSH-SHM in 510 fs: 0.51350s.
FSSH-SHM in 511 fs: 0.51062s.
FSSH-SHM in 512 fs: 0.51116s.
FSSH-SHM in 513 fs: 0.51088s.
FSSH-SHM in 514 fs: 0.51296s.
FSSH-SHM in 515 fs: 0.51436s.
FSSH-SHM in 516 fs: 0.51210s.
FSSH-SHM in 517 fs: 0.51076s.
FSSH-SHM in 518 fs: 0.50866s.
FSSH-SHM in 519 fs: 0.50525s.
FSSH-SHM in 520 fs: 0.51052s.
FSSH-SHM in 521 fs: 0.50859s.
FSSH-SHM in 522 fs: 0.51304s.
FSSH-SHM in 523 fs: 0.51501s.
FSSH-SHM in 524 fs: 0.51727s.
FSSH-SHM in 525 fs: 0.51835s.
FSSH-SHM in 526 fs: 0.51589s.
FSSH-SHM in 527 fs: 0.51042s.
FSSH-SHM in 528 fs: 0.50806s.
FSSH-SHM in 529 fs: 0.50846s.
FSSH-SHM in 530 fs: 0.50837s.
FSSH-SHM in 531 fs: 0.50686s.
FSSH-SHM in 532 fs: 0.50773s.
FSSH-SHM in 533 fs: 0.50811s.
FSSH-SHM in 534 fs: 0.51414s.
FSSH-SHM in 535 fs: 0.51484s.
FSSH-SHM in 536 fs: 0.51784s.
FSSH-SHM in 537 fs: 0.51797s.
FSSH-SHM in 538 fs: 0.51936s.
FSSH-SHM in 539 fs: 0.52526s.
FSSH-SHM in 540 fs: 0.52583s.
FSSH-SHM in 541 fs: 0.52611s.
FSSH-SHM in 542 fs: 0.52501s.
FSSH-SHM in 543 fs: 0.52368s.
FSSH-SHM in 544 fs: 0.51739s.
FSSH-SHM in 545 fs: 0.51491s.
FSSH-SHM in 546 fs: 0.51192s.
FSSH-SHM in 547 fs: 0.51243s.
FSSH-SHM in 548 fs: 0.51557s.
FSSH-SHM in 549 fs: 0.51335s.
FSSH-SHM in 550 fs: 0.51486s.
FSSH-SHM in 551 fs: 0.51369s.
FSSH-SHM in 552 fs: 0.51266s.
FSSH-SHM in 553 fs: 0.51303s.
FSSH-SHM in 554 fs: 0.51872s.
FSSH-SHM in 555 fs: 0.51708s.
FSSH-SHM in 556 fs: 0.51928s.
FSSH-SHM in 557 fs: 0.51667s.
FSSH-SHM in 558 fs: 0.51685s.
FSSH-SHM in 559 fs: 0.51521s.
FSSH-SHM in 560 fs: 0.51483s.
FSSH-SHM in 561 fs: 0.50942s.
FSSH-SHM in 562 fs: 0.50816s.
FSSH-SHM in 563 fs: 0.51205s.
FSSH-SHM in 564 fs: 0.51676s.
FSSH-SHM in 565 fs: 0.51666s.
FSSH-SHM in 566 fs: 0.51732s.
FSSH-SHM in 567 fs: 0.51726s.
FSSH-SHM in 568 fs: 0.51442s.
FSSH-SHM in 569 fs: 0.51545s.
FSSH-SHM in 570 fs: 0.51623s.
FSSH-SHM in 571 fs: 0.51078s.
FSSH-SHM in 572 fs: 0.51145s.
FSSH-SHM in 573 fs: 0.51191s.
FSSH-SHM in 574 fs: 0.51656s.
FSSH-SHM in 575 fs: 0.51933s.
FSSH-SHM in 576 fs: 0.51613s.
FSSH-SHM in 577 fs: 0.51915s.
FSSH-SHM in 578 fs: 0.51996s.
FSSH-SHM in 579 fs: 0.51607s.
FSSH-SHM in 580 fs: 0.51395s.
FSSH-SHM in 581 fs: 0.51327s.
FSSH-SHM in 582 fs: 0.51597s.
FSSH-SHM in 583 fs: 0.51867s.
FSSH-SHM in 584 fs: 0.52010s.
FSSH-SHM in 585 fs: 0.51844s.
FSSH-SHM in 586 fs: 0.51648s.
FSSH-SHM in 587 fs: 0.51957s.
FSSH-SHM in 588 fs: 0.51793s.
FSSH-SHM in 589 fs: 0.51951s.
FSSH-SHM in 590 fs: 0.51921s.
FSSH-SHM in 591 fs: 0.52165s.
FSSH-SHM in 592 fs: 0.51981s.
FSSH-SHM in 593 fs: 0.52047s.
FSSH-SHM in 594 fs: 0.51612s.
FSSH-SHM in 595 fs: 0.51776s.
FSSH-SHM in 596 fs: 0.51870s.
FSSH-SHM in 597 fs: 0.51898s.
FSSH-SHM in 598 fs: 0.51703s.
FSSH-SHM in 599 fs: 0.51493s.
FSSH-SHM in 600 fs: 0.51583s.
FSSH-SHM in 601 fs: 0.52091s.
FSSH-SHM in 602 fs: 0.51862s.
FSSH-SHM in 603 fs: 0.51928s.
FSSH-SHM in 604 fs: 0.52026s.
FSSH-SHM in 605 fs: 0.51743s.
FSSH-SHM in 606 fs: 0.51500s.
FSSH-SHM in 607 fs: 0.51726s.
FSSH-SHM in 608 fs: 0.51705s.
FSSH-SHM in 609 fs: 0.51612s.
FSSH-SHM in 610 fs: 0.51714s.
FSSH-SHM in 611 fs: 0.51797s.
FSSH-SHM in 612 fs: 0.51605s.
FSSH-SHM in 613 fs: 0.51879s.
FSSH-SHM in 614 fs: 0.51915s.
FSSH-SHM in 615 fs: 0.51667s.
FSSH-SHM in 616 fs: 0.51719s.
FSSH-SHM in 617 fs: 0.52351s.
FSSH-SHM in 618 fs: 0.52153s.
FSSH-SHM in 619 fs: 0.52090s.
FSSH-SHM in 620 fs: 0.52164s.
FSSH-SHM in 621 fs: 0.52157s.
FSSH-SHM in 622 fs: 0.52044s.
FSSH-SHM in 623 fs: 0.52031s.
FSSH-SHM in 624 fs: 0.52099s.
FSSH-SHM in 625 fs: 0.52059s.
FSSH-SHM in 626 fs: 0.51728s.
FSSH-SHM in 627 fs: 0.51346s.
FSSH-SHM in 628 fs: 0.51239s.
FSSH-SHM in 629 fs: 0.51276s.
FSSH-SHM in 630 fs: 0.51392s.
FSSH-SHM in 631 fs: 0.51486s.
FSSH-SHM in 632 fs: 0.51790s.
FSSH-SHM in 633 fs: 0.51494s.
FSSH-SHM in 634 fs: 0.51055s.
FSSH-SHM in 635 fs: 0.51521s.
FSSH-SHM in 636 fs: 0.51483s.
FSSH-SHM in 637 fs: 0.51822s.
FSSH-SHM in 638 fs: 0.52048s.
FSSH-SHM in 639 fs: 0.51998s.
FSSH-SHM in 640 fs: 0.51876s.
FSSH-SHM in 641 fs: 0.51782s.
FSSH-SHM in 642 fs: 0.51512s.
FSSH-SHM in 643 fs: 0.51201s.
FSSH-SHM in 644 fs: 0.51485s.
FSSH-SHM in 645 fs: 0.51384s.
FSSH-SHM in 646 fs: 0.51412s.
FSSH-SHM in 647 fs: 0.51686s.
FSSH-SHM in 648 fs: 0.51648s.
FSSH-SHM in 649 fs: 0.51494s.
FSSH-SHM in 650 fs: 0.51759s.
FSSH-SHM in 651 fs: 0.51643s.
FSSH-SHM in 652 fs: 0.52164s.
FSSH-SHM in 653 fs: 0.52102s.
FSSH-SHM in 654 fs: 0.52226s.
FSSH-SHM in 655 fs: 0.52354s.
FSSH-SHM in 656 fs: 0.52131s.
FSSH-SHM in 657 fs: 0.52443s.
FSSH-SHM in 658 fs: 0.52478s.
FSSH-SHM in 659 fs: 0.52330s.
FSSH-SHM in 660 fs: 0.52116s.
FSSH-SHM in 661 fs: 0.51455s.
FSSH-SHM in 662 fs: 0.51269s.
FSSH-SHM in 663 fs: 0.51054s.
FSSH-SHM in 664 fs: 0.51241s.
FSSH-SHM in 665 fs: 0.51702s.
FSSH-SHM in 666 fs: 0.51510s.
FSSH-SHM in 667 fs: 0.51418s.
FSSH-SHM in 668 fs: 0.51306s.
FSSH-SHM in 669 fs: 0.51437s.
FSSH-SHM in 670 fs: 0.51552s.
FSSH-SHM in 671 fs: 0.51621s.
FSSH-SHM in 672 fs: 0.51483s.
FSSH-SHM in 673 fs: 0.51905s.
FSSH-SHM in 674 fs: 0.51933s.
FSSH-SHM in 675 fs: 0.51866s.
FSSH-SHM in 676 fs: 0.51754s.
FSSH-SHM in 677 fs: 0.51929s.
FSSH-SHM in 678 fs: 0.52113s.
FSSH-SHM in 679 fs: 0.52003s.
FSSH-SHM in 680 fs: 0.52051s.
FSSH-SHM in 681 fs: 0.52246s.
FSSH-SHM in 682 fs: 0.52000s.
FSSH-SHM in 683 fs: 0.52290s.
FSSH-SHM in 684 fs: 0.52230s.
FSSH-SHM in 685 fs: 0.52283s.
FSSH-SHM in 686 fs: 0.52159s.
FSSH-SHM in 687 fs: 0.51965s.
FSSH-SHM in 688 fs: 0.51911s.
FSSH-SHM in 689 fs: 0.52106s.
FSSH-SHM in 690 fs: 0.52033s.
FSSH-SHM in 691 fs: 0.52291s.
FSSH-SHM in 692 fs: 0.52083s.
FSSH-SHM in 693 fs: 0.52170s.
FSSH-SHM in 694 fs: 0.51990s.
FSSH-SHM in 695 fs: 0.52415s.
FSSH-SHM in 696 fs: 0.52376s.
FSSH-SHM in 697 fs: 0.52471s.
FSSH-SHM in 698 fs: 0.52315s.
FSSH-SHM in 699 fs: 0.51969s.
FSSH-SHM in 700 fs: 0.51586s.
FSSH-SHM in 701 fs: 0.51865s.
FSSH-SHM in 702 fs: 0.51526s.
FSSH-SHM in 703 fs: 0.52007s.
FSSH-SHM in 704 fs: 0.52181s.
FSSH-SHM in 705 fs: 0.51843s.
FSSH-SHM in 706 fs: 0.52106s.
FSSH-SHM in 707 fs: 0.52082s.
FSSH-SHM in 708 fs: 0.51897s.
FSSH-SHM in 709 fs: 0.52376s.
FSSH-SHM in 710 fs: 0.52189s.
FSSH-SHM in 711 fs: 0.51884s.
FSSH-SHM in 712 fs: 0.51427s.
FSSH-SHM in 713 fs: 0.50997s.
FSSH-SHM in 714 fs: 0.51241s.
FSSH-SHM in 715 fs: 0.51553s.
FSSH-SHM in 716 fs: 0.51701s.
FSSH-SHM in 717 fs: 0.52022s.
FSSH-SHM in 718 fs: 0.52192s.
FSSH-SHM in 719 fs: 0.52022s.
FSSH-SHM in 720 fs: 0.52236s.
FSSH-SHM in 721 fs: 0.51957s.
FSSH-SHM in 722 fs: 0.51561s.
FSSH-SHM in 723 fs: 0.51866s.
FSSH-SHM in 724 fs: 0.52009s.
FSSH-SHM in 725 fs: 0.51946s.
FSSH-SHM in 726 fs: 0.51978s.
FSSH-SHM in 727 fs: 0.52027s.
FSSH-SHM in 728 fs: 0.51694s.
FSSH-SHM in 729 fs: 0.51967s.
FSSH-SHM in 730 fs: 0.51744s.
FSSH-SHM in 731 fs: 0.50925s.
FSSH-SHM in 732 fs: 0.50629s.
FSSH-SHM in 733 fs: 0.50471s.
FSSH-SHM in 734 fs: 0.50827s.
FSSH-SHM in 735 fs: 0.51088s.
FSSH-SHM in 736 fs: 0.51315s.
FSSH-SHM in 737 fs: 0.51858s.
FSSH-SHM in 738 fs: 0.51785s.
FSSH-SHM in 739 fs: 0.51823s.
FSSH-SHM in 740 fs: 0.52361s.
FSSH-SHM in 741 fs: 0.52168s.
FSSH-SHM in 742 fs: 0.51706s.
FSSH-SHM in 743 fs: 0.51863s.
FSSH-SHM in 744 fs: 0.51404s.
FSSH-SHM in 745 fs: 0.51558s.
FSSH-SHM in 746 fs: 0.51738s.
FSSH-SHM in 747 fs: 0.51640s.
FSSH-SHM in 748 fs: 0.51380s.
FSSH-SHM in 749 fs: 0.51559s.
FSSH-SHM in 750 fs: 0.51260s.
FSSH-SHM in 751 fs: 0.51585s.
FSSH-SHM in 752 fs: 0.51643s.
FSSH-SHM in 753 fs: 0.51598s.
FSSH-SHM in 754 fs: 0.51345s.
FSSH-SHM in 755 fs: 0.51317s.
FSSH-SHM in 756 fs: 0.51251s.
FSSH-SHM in 757 fs: 0.51601s.
FSSH-SHM in 758 fs: 0.51526s.
FSSH-SHM in 759 fs: 0.51959s.
FSSH-SHM in 760 fs: 0.51709s.
FSSH-SHM in 761 fs: 0.52176s.
FSSH-SHM in 762 fs: 0.51907s.
FSSH-SHM in 763 fs: 0.51597s.
FSSH-SHM in 764 fs: 0.51390s.
FSSH-SHM in 765 fs: 0.51573s.
FSSH-SHM in 766 fs: 0.51112s.
FSSH-SHM in 767 fs: 0.51212s.
FSSH-SHM in 768 fs: 0.51361s.
FSSH-SHM in 769 fs: 0.51705s.
FSSH-SHM in 770 fs: 0.52014s.
FSSH-SHM in 771 fs: 0.51516s.
FSSH-SHM in 772 fs: 0.51543s.
FSSH-SHM in 773 fs: 0.51718s.
FSSH-SHM in 774 fs: 0.51712s.
FSSH-SHM in 775 fs: 0.51917s.
FSSH-SHM in 776 fs: 0.52130s.
FSSH-SHM in 777 fs: 0.51841s.
FSSH-SHM in 778 fs: 0.52434s.
FSSH-SHM in 779 fs: 0.52435s.
FSSH-SHM in 780 fs: 0.52004s.
FSSH-SHM in 781 fs: 0.51951s.
FSSH-SHM in 782 fs: 0.52027s.
FSSH-SHM in 783 fs: 0.51689s.
FSSH-SHM in 784 fs: 0.51948s.
FSSH-SHM in 785 fs: 0.52100s.
FSSH-SHM in 786 fs: 0.52208s.
FSSH-SHM in 787 fs: 0.52176s.
FSSH-SHM in 788 fs: 0.52009s.
FSSH-SHM in 789 fs: 0.51901s.
FSSH-SHM in 790 fs: 0.52067s.
FSSH-SHM in 791 fs: 0.52116s.
FSSH-SHM in 792 fs: 0.52149s.
FSSH-SHM in 793 fs: 0.52211s.
FSSH-SHM in 794 fs: 0.52219s.
FSSH-SHM in 795 fs: 0.51921s.
FSSH-SHM in 796 fs: 0.51593s.
FSSH-SHM in 797 fs: 0.51729s.
FSSH-SHM in 798 fs: 0.52174s.
FSSH-SHM in 799 fs: 0.52162s.
FSSH-SHM in 800 fs: 0.52405s.
FSSH-SHM in 801 fs: 0.52659s.
FSSH-SHM in 802 fs: 0.52540s.
FSSH-SHM in 803 fs: 0.51919s.
FSSH-SHM in 804 fs: 0.52409s.
FSSH-SHM in 805 fs: 0.52444s.
FSSH-SHM in 806 fs: 0.52135s.
FSSH-SHM in 807 fs: 0.52650s.
FSSH-SHM in 808 fs: 0.52918s.
FSSH-SHM in 809 fs: 0.52616s.
FSSH-SHM in 810 fs: 0.52036s.
FSSH-SHM in 811 fs: 0.51882s.
FSSH-SHM in 812 fs: 0.51993s.
FSSH-SHM in 813 fs: 0.51984s.
FSSH-SHM in 814 fs: 0.51586s.
FSSH-SHM in 815 fs: 0.51394s.
FSSH-SHM in 816 fs: 0.51143s.
FSSH-SHM in 817 fs: 0.51335s.
FSSH-SHM in 818 fs: 0.51765s.
FSSH-SHM in 819 fs: 0.51674s.
FSSH-SHM in 820 fs: 0.52163s.
FSSH-SHM in 821 fs: 0.51643s.
FSSH-SHM in 822 fs: 0.51866s.
FSSH-SHM in 823 fs: 0.51895s.
FSSH-SHM in 824 fs: 0.51689s.
FSSH-SHM in 825 fs: 0.51982s.
FSSH-SHM in 826 fs: 0.52276s.
FSSH-SHM in 827 fs: 0.52560s.
FSSH-SHM in 828 fs: 0.52634s.
FSSH-SHM in 829 fs: 0.52096s.
FSSH-SHM in 830 fs: 0.52165s.
FSSH-SHM in 831 fs: 0.52484s.
FSSH-SHM in 832 fs: 0.52447s.
FSSH-SHM in 833 fs: 0.52172s.
FSSH-SHM in 834 fs: 0.52034s.
FSSH-SHM in 835 fs: 0.52152s.
FSSH-SHM in 836 fs: 0.51972s.
FSSH-SHM in 837 fs: 0.51924s.
FSSH-SHM in 838 fs: 0.51524s.
FSSH-SHM in 839 fs: 0.51601s.
FSSH-SHM in 840 fs: 0.51650s.
FSSH-SHM in 841 fs: 0.51690s.
FSSH-SHM in 842 fs: 0.51891s.
FSSH-SHM in 843 fs: 0.51952s.
FSSH-SHM in 844 fs: 0.51973s.
FSSH-SHM in 845 fs: 0.51724s.
FSSH-SHM in 846 fs: 0.51832s.
FSSH-SHM in 847 fs: 0.51912s.
FSSH-SHM in 848 fs: 0.51869s.
FSSH-SHM in 849 fs: 0.51808s.
FSSH-SHM in 850 fs: 0.52098s.
FSSH-SHM in 851 fs: 0.51971s.
FSSH-SHM in 852 fs: 0.52232s.
FSSH-SHM in 853 fs: 0.51945s.
FSSH-SHM in 854 fs: 0.51960s.
FSSH-SHM in 855 fs: 0.52229s.
FSSH-SHM in 856 fs: 0.52354s.
FSSH-SHM in 857 fs: 0.52675s.
FSSH-SHM in 858 fs: 0.52317s.
FSSH-SHM in 859 fs: 0.52279s.
FSSH-SHM in 860 fs: 0.52206s.
FSSH-SHM in 861 fs: 0.52066s.
FSSH-SHM in 862 fs: 0.51424s.
FSSH-SHM in 863 fs: 0.51851s.
FSSH-SHM in 864 fs: 0.51908s.
FSSH-SHM in 865 fs: 0.51720s.
FSSH-SHM in 866 fs: 0.51738s.
FSSH-SHM in 867 fs: 0.52153s.
FSSH-SHM in 868 fs: 0.52379s.
FSSH-SHM in 869 fs: 0.52334s.
FSSH-SHM in 870 fs: 0.52490s.
FSSH-SHM in 871 fs: 0.51998s.
FSSH-SHM in 872 fs: 0.51745s.
FSSH-SHM in 873 fs: 0.51641s.
FSSH-SHM in 874 fs: 0.52237s.
FSSH-SHM in 875 fs: 0.51787s.
FSSH-SHM in 876 fs: 0.52291s.
FSSH-SHM in 877 fs: 0.52058s.
FSSH-SHM in 878 fs: 0.51992s.
FSSH-SHM in 879 fs: 0.51919s.
FSSH-SHM in 880 fs: 0.51396s.
FSSH-SHM in 881 fs: 0.51454s.
FSSH-SHM in 882 fs: 0.51705s.
FSSH-SHM in 883 fs: 0.52016s.
FSSH-SHM in 884 fs: 0.52409s.
FSSH-SHM in 885 fs: 0.52342s.
FSSH-SHM in 886 fs: 0.52387s.
FSSH-SHM in 887 fs: 0.52340s.
FSSH-SHM in 888 fs: 0.52267s.
FSSH-SHM in 889 fs: 0.52224s.
FSSH-SHM in 890 fs: 0.52228s.
FSSH-SHM in 891 fs: 0.52356s.
FSSH-SHM in 892 fs: 0.52333s.
FSSH-SHM in 893 fs: 0.52455s.
FSSH-SHM in 894 fs: 0.52399s.
FSSH-SHM in 895 fs: 0.52320s.
FSSH-SHM in 896 fs: 0.51853s.
FSSH-SHM in 897 fs: 0.51895s.
FSSH-SHM in 898 fs: 0.52307s.
FSSH-SHM in 899 fs: 0.52681s.
FSSH-SHM in 900 fs: 0.52223s.
FSSH-SHM in 901 fs: 0.52389s.
FSSH-SHM in 902 fs: 0.52300s.
FSSH-SHM in 903 fs: 0.51970s.
FSSH-SHM in 904 fs: 0.51884s.
FSSH-SHM in 905 fs: 0.51888s.
FSSH-SHM in 906 fs: 0.51948s.
FSSH-SHM in 907 fs: 0.51834s.
FSSH-SHM in 908 fs: 0.51863s.
FSSH-SHM in 909 fs: 0.52047s.
FSSH-SHM in 910 fs: 0.52191s.
FSSH-SHM in 911 fs: 0.51991s.
FSSH-SHM in 912 fs: 0.52375s.
FSSH-SHM in 913 fs: 0.52249s.
FSSH-SHM in 914 fs: 0.52510s.
FSSH-SHM in 915 fs: 0.52747s.
FSSH-SHM in 916 fs: 0.52382s.
FSSH-SHM in 917 fs: 0.51746s.
FSSH-SHM in 918 fs: 0.51973s.
FSSH-SHM in 919 fs: 0.52036s.
FSSH-SHM in 920 fs: 0.52207s.
FSSH-SHM in 921 fs: 0.52212s.
FSSH-SHM in 922 fs: 0.52051s.
FSSH-SHM in 923 fs: 0.52409s.
FSSH-SHM in 924 fs: 0.52331s.
FSSH-SHM in 925 fs: 0.52714s.
FSSH-SHM in 926 fs: 0.52510s.
FSSH-SHM in 927 fs: 0.52146s.
FSSH-SHM in 928 fs: 0.51820s.
FSSH-SHM in 929 fs: 0.51596s.
FSSH-SHM in 930 fs: 0.51789s.
FSSH-SHM in 931 fs: 0.52001s.
FSSH-SHM in 932 fs: 0.51926s.
FSSH-SHM in 933 fs: 0.51971s.
FSSH-SHM in 934 fs: 0.51660s.
FSSH-SHM in 935 fs: 0.51951s.
FSSH-SHM in 936 fs: 0.51745s.
FSSH-SHM in 937 fs: 0.51523s.
FSSH-SHM in 938 fs: 0.51508s.
FSSH-SHM in 939 fs: 0.51649s.
FSSH-SHM in 940 fs: 0.52104s.
FSSH-SHM in 941 fs: 0.52124s.
FSSH-SHM in 942 fs: 0.51900s.
FSSH-SHM in 943 fs: 0.52079s.
FSSH-SHM in 944 fs: 0.52265s.
FSSH-SHM in 945 fs: 0.52208s.
FSSH-SHM in 946 fs: 0.52116s.
FSSH-SHM in 947 fs: 0.52514s.
FSSH-SHM in 948 fs: 0.52239s.
FSSH-SHM in 949 fs: 0.52205s.
FSSH-SHM in 950 fs: 0.52018s.
FSSH-SHM in 951 fs: 0.52272s.
FSSH-SHM in 952 fs: 0.52301s.
FSSH-SHM in 953 fs: 0.52371s.
FSSH-SHM in 954 fs: 0.52382s.
FSSH-SHM in 955 fs: 0.52300s.
FSSH-SHM in 956 fs: 0.52141s.
FSSH-SHM in 957 fs: 0.52247s.
FSSH-SHM in 958 fs: 0.52308s.
FSSH-SHM in 959 fs: 0.52562s.
FSSH-SHM in 960 fs: 0.52632s.
FSSH-SHM in 961 fs: 0.52486s.
FSSH-SHM in 962 fs: 0.52247s.
FSSH-SHM in 963 fs: 0.51816s.
FSSH-SHM in 964 fs: 0.51810s.
FSSH-SHM in 965 fs: 0.51734s.
FSSH-SHM in 966 fs: 0.51830s.
FSSH-SHM in 967 fs: 0.51956s.
FSSH-SHM in 968 fs: 0.52044s.
FSSH-SHM in 969 fs: 0.51983s.
FSSH-SHM in 970 fs: 0.52406s.
FSSH-SHM in 971 fs: 0.51979s.
FSSH-SHM in 972 fs: 0.51683s.
FSSH-SHM in 973 fs: 0.51654s.
FSSH-SHM in 974 fs: 0.51606s.
FSSH-SHM in 975 fs: 0.51428s.
FSSH-SHM in 976 fs: 0.51805s.
FSSH-SHM in 977 fs: 0.52137s.
FSSH-SHM in 978 fs: 0.52287s.
FSSH-SHM in 979 fs: 0.52131s.
FSSH-SHM in 980 fs: 0.52703s.
FSSH-SHM in 981 fs: 0.52549s.
FSSH-SHM in 982 fs: 0.52332s.
FSSH-SHM in 983 fs: 0.52299s.
FSSH-SHM in 984 fs: 0.52524s.
FSSH-SHM in 985 fs: 0.52745s.
FSSH-SHM in 986 fs: 0.52731s.
FSSH-SHM in 987 fs: 0.52728s.
FSSH-SHM in 988 fs: 0.52729s.
FSSH-SHM in 989 fs: 0.51807s.
FSSH-SHM in 990 fs: 0.52237s.
FSSH-SHM in 991 fs: 0.51862s.
FSSH-SHM in 992 fs: 0.51864s.
FSSH-SHM in 993 fs: 0.51682s.
FSSH-SHM in 994 fs: 0.52067s.
FSSH-SHM in 995 fs: 0.51836s.
FSSH-SHM in 996 fs: 0.52125s.
FSSH-SHM in 997 fs: 0.51915s.
FSSH-SHM in 998 fs: 0.51753s.
FSSH-SHM in 999 fs: 0.51495s.
Sample 0, FSSH time: 509.577515s.
FSSH time in sample 0: 516.705096s
