============================================================
Currently Loaded Modulefiles:
 1) intel/oneapi/2023.2.0  
MKLROOT=/apps/support/intel_spr_rocky8.9/oneapi/2023.2.0/mkl/2023.2.0
============================================================
Job ID: tyy
Job name: tyy
Number of nodes: 4
Number of processors: 256
Task is running on the following nodes:
qhcn[145-148]
OMP_NUM_THREADS = 1
============================================================


The number of threads in each node for OpenMP parallelization is 1.


*******************************************************
*******************************************************
 Welcome to OpenMX   Ver. 3.9.9                           
 Copyright (C), 2002-2019, T. Ozaki                    
 OpenMX comes with ABSOLUTELY NO WARRANTY.             
 This is free software, and you are welcome to         
 redistribute it under the constitution of the GNU-GPL.
*******************************************************
*******************************************************



<Input_std>  Your input file was normally read.
<Input_std>  The system includes 1 species and 343 atoms.

*******************************************************
                     PAO and VPS                       
*******************************************************

<SetPara_DFT>  PAOs of species Ni were normally found.
<SetPara_DFT>  VPSs of species Ni were normally found.
               Ni_PBE19H.vps is j-dependent.
               In case of scf.SpinOrbit.Coupling=off,
               j-dependent pseudo potentials are averaged by j-degeneracy,
               which corresponds to a scalar relativistic treatment.

*******************************************************
     Fourier transform of PAO and projectors of VNL    
*******************************************************

<FT_PAO>          Fourier transform of pseudo atomic orbitals
<FT_NLP>          Fourier transform of non-local projectors

*******************************************************
  Allocation of atoms to processors at MD_iter=    1     
*******************************************************

 proc =   0  # of atoms=   1  estimated weight=         1.00000
 proc =   1  # of atoms=   1  estimated weight=         1.00000
 proc =   2  # of atoms=   1  estimated weight=         1.00000
 proc =   3  # of atoms=   2  estimated weight=         2.00000
 proc =   4  # of atoms=   1  estimated weight=         1.00000
 proc =   5  # of atoms=   1  estimated weight=         1.00000
 proc =   6  # of atoms=   1  estimated weight=         1.00000
 proc =   7  # of atoms=   2  estimated weight=         2.00000
 proc =   8  # of atoms=   1  estimated weight=         1.00000
 proc =   9  # of atoms=   1  estimated weight=         1.00000
 proc =  10  # of atoms=   1  estimated weight=         1.00000
 proc =  11  # of atoms=   2  estimated weight=         2.00000
 proc =  12  # of atoms=   1  estimated weight=         1.00000
 proc =  13  # of atoms=   2  estimated weight=         2.00000
 proc =  14  # of atoms=   1  estimated weight=         1.00000
 proc =  15  # of atoms=   2  estimated weight=         2.00000
 proc =  16  # of atoms=   1  estimated weight=         1.00000
 proc =  17  # of atoms=   1  estimated weight=         1.00000
 proc =  18  # of atoms=   1  estimated weight=         1.00000
 proc =  19  # of atoms=   2  estimated weight=         2.00000
 proc =  20  # of atoms=   1  estimated weight=         1.00000
 proc =  21  # of atoms=   1  estimated weight=         1.00000
 proc =  22  # of atoms=   1  estimated weight=         1.00000
 proc =  23  # of atoms=   2  estimated weight=         2.00000
 proc =  24  # of atoms=   1  estimated weight=         1.00000
 proc =  25  # of atoms=   1  estimated weight=         1.00000
 proc =  26  # of atoms=   1  estimated weight=         1.00000
 proc =  27  # of atoms=   2  estimated weight=         2.00000
 proc =  28  # of atoms=   1  estimated weight=         1.00000
 proc =  29  # of atoms=   2  estimated weight=         2.00000
 proc =  30  # of atoms=   1  estimated weight=         1.00000
 proc =  31  # of atoms=   2  estimated weight=         2.00000
 proc =  32  # of atoms=   1  estimated weight=         1.00000
 proc =  33  # of atoms=   1  estimated weight=         1.00000
 proc =  34  # of atoms=   1  estimated weight=         1.00000
 proc =  35  # of atoms=   2  estimated weight=         2.00000
 proc =  36  # of atoms=   1  estimated weight=         1.00000
 proc =  37  # of atoms=   1  estimated weight=         1.00000
 proc =  38  # of atoms=   1  estimated weight=         1.00000
 proc =  39  # of atoms=   2  estimated weight=         2.00000
 proc =  40  # of atoms=   1  estimated weight=         1.00000
 proc =  41  # of atoms=   1  estimated weight=         1.00000
 proc =  42  # of atoms=   1  estimated weight=         1.00000
 proc =  43  # of atoms=   2  estimated weight=         2.00000
 proc =  44  # of atoms=   1  estimated weight=         1.00000
 proc =  45  # of atoms=   2  estimated weight=         2.00000
 proc =  46  # of atoms=   1  estimated weight=         1.00000
 proc =  47  # of atoms=   2  estimated weight=         2.00000
 proc =  48  # of atoms=   1  estimated weight=         1.00000
 proc =  49  # of atoms=   1  estimated weight=         1.00000
 proc =  50  # of atoms=   1  estimated weight=         1.00000
 proc =  51  # of atoms=   2  estimated weight=         2.00000
 proc =  52  # of atoms=   1  estimated weight=         1.00000
 proc =  53  # of atoms=   2  estimated weight=         2.00000
 proc =  54  # of atoms=   1  estimated weight=         1.00000
 proc =  55  # of atoms=   2  estimated weight=         2.00000
 proc =  56  # of atoms=   1  estimated weight=         1.00000
 proc =  57  # of atoms=   1  estimated weight=         1.00000
 proc =  58  # of atoms=   1  estimated weight=         1.00000
 proc =  59  # of atoms=   2  estimated weight=         2.00000
 proc =  60  # of atoms=   1  estimated weight=         1.00000
 proc =  61  # of atoms=   2  estimated weight=         2.00000
 proc =  62  # of atoms=   1  estimated weight=         1.00000
 proc =  63  # of atoms=   2  estimated weight=         2.00000
 proc =  64  # of atoms=   1  estimated weight=         1.00000
 proc =  65  # of atoms=   1  estimated weight=         1.00000
 proc =  66  # of atoms=   1  estimated weight=         1.00000
 proc =  67  # of atoms=   2  estimated weight=         2.00000
 proc =  68  # of atoms=   1  estimated weight=         1.00000
 proc =  69  # of atoms=   1  estimated weight=         1.00000
 proc =  70  # of atoms=   1  estimated weight=         1.00000
 proc =  71  # of atoms=   2  estimated weight=         2.00000
 proc =  72  # of atoms=   1  estimated weight=         1.00000
 proc =  73  # of atoms=   1  estimated weight=         1.00000
 proc =  74  # of atoms=   1  estimated weight=         1.00000
 proc =  75  # of atoms=   2  estimated weight=         2.00000
 proc =  76  # of atoms=   1  estimated weight=         1.00000
 proc =  77  # of atoms=   2  estimated weight=         2.00000
 proc =  78  # of atoms=   1  estimated weight=         1.00000
 proc =  79  # of atoms=   2  estimated weight=         2.00000
 proc =  80  # of atoms=   1  estimated weight=         1.00000
 proc =  81  # of atoms=   1  estimated weight=         1.00000
 proc =  82  # of atoms=   1  estimated weight=         1.00000
 proc =  83  # of atoms=   2  estimated weight=         2.00000
 proc =  84  # of atoms=   1  estimated weight=         1.00000
 proc =  85  # of atoms=   2  estimated weight=         2.00000
 proc =  86  # of atoms=   1  estimated weight=         1.00000
 proc =  87  # of atoms=   2  estimated weight=         2.00000
 proc =  88  # of atoms=   1  estimated weight=         1.00000
 proc =  89  # of atoms=   1  estimated weight=         1.00000
 proc =  90  # of atoms=   1  estimated weight=         1.00000
 proc =  91  # of atoms=   2  estimated weight=         2.00000
 proc =  92  # of atoms=   1  estimated weight=         1.00000
 proc =  93  # of atoms=   2  estimated weight=         2.00000
 proc =  94  # of atoms=   1  estimated weight=         1.00000
 proc =  95  # of atoms=   2  estimated weight=         2.00000
 proc =  96  # of atoms=   1  estimated weight=         1.00000
 proc =  97  # of atoms=   1  estimated weight=         1.00000
 proc =  98  # of atoms=   1  estimated weight=         1.00000
 proc =  99  # of atoms=   2  estimated weight=         2.00000
 proc = 100  # of atoms=   1  estimated weight=         1.00000
 proc = 101  # of atoms=   1  estimated weight=         1.00000
 proc = 102  # of atoms=   1  estimated weight=         1.00000
 proc = 103  # of atoms=   2  estimated weight=         2.00000
 proc = 104  # of atoms=   1  estimated weight=         1.00000
 proc = 105  # of atoms=   1  estimated weight=         1.00000
 proc = 106  # of atoms=   1  estimated weight=         1.00000
 proc = 107  # of atoms=   2  estimated weight=         2.00000
 proc = 108  # of atoms=   1  estimated weight=         1.00000
 proc = 109  # of atoms=   2  estimated weight=         2.00000
 proc = 110  # of atoms=   1  estimated weight=         1.00000
 proc = 111  # of atoms=   2  estimated weight=         2.00000
 proc = 112  # of atoms=   1  estimated weight=         1.00000
 proc = 113  # of atoms=   1  estimated weight=         1.00000
 proc = 114  # of atoms=   1  estimated weight=         1.00000
 proc = 115  # of atoms=   2  estimated weight=         2.00000
 proc = 116  # of atoms=   1  estimated weight=         1.00000
 proc = 117  # of atoms=   2  estimated weight=         2.00000
 proc = 118  # of atoms=   1  estimated weight=         1.00000
 proc = 119  # of atoms=   2  estimated weight=         2.00000
 proc = 120  # of atoms=   1  estimated weight=         1.00000
 proc = 121  # of atoms=   1  estimated weight=         1.00000
 proc = 122  # of atoms=   1  estimated weight=         1.00000
 proc = 123  # of atoms=   2  estimated weight=         2.00000
 proc = 124  # of atoms=   1  estimated weight=         1.00000
 proc = 125  # of atoms=   2  estimated weight=         2.00000
 proc = 126  # of atoms=   1  estimated weight=         1.00000
 proc = 127  # of atoms=   2  estimated weight=         2.00000
 proc = 128  # of atoms=   1  estimated weight=         1.00000
 proc = 129  # of atoms=   1  estimated weight=         1.00000
 proc = 130  # of atoms=   1  estimated weight=         1.00000
 proc = 131  # of atoms=   2  estimated weight=         2.00000
 proc = 132  # of atoms=   1  estimated weight=         1.00000
 proc = 133  # of atoms=   1  estimated weight=         1.00000
 proc = 134  # of atoms=   1  estimated weight=         1.00000
 proc = 135  # of atoms=   2  estimated weight=         2.00000
 proc = 136  # of atoms=   1  estimated weight=         1.00000
 proc = 137  # of atoms=   1  estimated weight=         1.00000
 proc = 138  # of atoms=   1  estimated weight=         1.00000
 proc = 139  # of atoms=   2  estimated weight=         2.00000
 proc = 140  # of atoms=   1  estimated weight=         1.00000
 proc = 141  # of atoms=   2  estimated weight=         2.00000
 proc = 142  # of atoms=   1  estimated weight=         1.00000
 proc = 143  # of atoms=   2  estimated weight=         2.00000
 proc = 144  # of atoms=   1  estimated weight=         1.00000
 proc = 145  # of atoms=   1  estimated weight=         1.00000
 proc = 146  # of atoms=   1  estimated weight=         1.00000
 proc = 147  # of atoms=   2  estimated weight=         2.00000
 proc = 148  # of atoms=   1  estimated weight=         1.00000
 proc = 149  # of atoms=   2  estimated weight=         2.00000
 proc = 150  # of atoms=   1  estimated weight=         1.00000
 proc = 151  # of atoms=   2  estimated weight=         2.00000
 proc = 152  # of atoms=   1  estimated weight=         1.00000
 proc = 153  # of atoms=   1  estimated weight=         1.00000
 proc = 154  # of atoms=   1  estimated weight=         1.00000
 proc = 155  # of atoms=   2  estimated weight=         2.00000
 proc = 156  # of atoms=   1  estimated weight=         1.00000
 proc = 157  # of atoms=   2  estimated weight=         2.00000
 proc = 158  # of atoms=   1  estimated weight=         1.00000
 proc = 159  # of atoms=   2  estimated weight=         2.00000
 proc = 160  # of atoms=   1  estimated weight=         1.00000
 proc = 161  # of atoms=   1  estimated weight=         1.00000
 proc = 162  # of atoms=   1  estimated weight=         1.00000
 proc = 163  # of atoms=   2  estimated weight=         2.00000
 proc = 164  # of atoms=   1  estimated weight=         1.00000
 proc = 165  # of atoms=   1  estimated weight=         1.00000
 proc = 166  # of atoms=   1  estimated weight=         1.00000
 proc = 167  # of atoms=   2  estimated weight=         2.00000
 proc = 168  # of atoms=   1  estimated weight=         1.00000
 proc = 169  # of atoms=   1  estimated weight=         1.00000
 proc = 170  # of atoms=   1  estimated weight=         1.00000
 proc = 171  # of atoms=   2  estimated weight=         2.00000
 proc = 172  # of atoms=   1  estimated weight=         1.00000
 proc = 173  # of atoms=   2  estimated weight=         2.00000
 proc = 174  # of atoms=   1  estimated weight=         1.00000
 proc = 175  # of atoms=   2  estimated weight=         2.00000
 proc = 176  # of atoms=   1  estimated weight=         1.00000
 proc = 177  # of atoms=   1  estimated weight=         1.00000
 proc = 178  # of atoms=   1  estimated weight=         1.00000
 proc = 179  # of atoms=   2  estimated weight=         2.00000
 proc = 180  # of atoms=   1  estimated weight=         1.00000
 proc = 181  # of atoms=   2  estimated weight=         2.00000
 proc = 182  # of atoms=   1  estimated weight=         1.00000
 proc = 183  # of atoms=   2  estimated weight=         2.00000
 proc = 184  # of atoms=   1  estimated weight=         1.00000
 proc = 185  # of atoms=   1  estimated weight=         1.00000
 proc = 186  # of atoms=   1  estimated weight=         1.00000
 proc = 187  # of atoms=   2  estimated weight=         2.00000
 proc = 188  # of atoms=   1  estimated weight=         1.00000
 proc = 189  # of atoms=   2  estimated weight=         2.00000
 proc = 190  # of atoms=   1  estimated weight=         1.00000
 proc = 191  # of atoms=   2  estimated weight=         2.00000
 proc = 192  # of atoms=   1  estimated weight=         1.00000
 proc = 193  # of atoms=   1  estimated weight=         1.00000
 proc = 194  # of atoms=   1  estimated weight=         1.00000
 proc = 195  # of atoms=   2  estimated weight=         2.00000
 proc = 196  # of atoms=   1  estimated weight=         1.00000
 proc = 197  # of atoms=   1  estimated weight=         1.00000
 proc = 198  # of atoms=   1  estimated weight=         1.00000
 proc = 199  # of atoms=   2  estimated weight=         2.00000
 proc = 200  # of atoms=   1  estimated weight=         1.00000
 proc = 201  # of atoms=   1  estimated weight=         1.00000
 proc = 202  # of atoms=   1  estimated weight=         1.00000
 proc = 203  # of atoms=   2  estimated weight=         2.00000
 proc = 204  # of atoms=   1  estimated weight=         1.00000
 proc = 205  # of atoms=   2  estimated weight=         2.00000
 proc = 206  # of atoms=   1  estimated weight=         1.00000
 proc = 207  # of atoms=   2  estimated weight=         2.00000
 proc = 208  # of atoms=   1  estimated weight=         1.00000
 proc = 209  # of atoms=   1  estimated weight=         1.00000
 proc = 210  # of atoms=   1  estimated weight=         1.00000
 proc = 211  # of atoms=   2  estimated weight=         2.00000
 proc = 212  # of atoms=   1  estimated weight=         1.00000
 proc = 213  # of atoms=   2  estimated weight=         2.00000
 proc = 214  # of atoms=   1  estimated weight=         1.00000
 proc = 215  # of atoms=   2  estimated weight=         2.00000
 proc = 216  # of atoms=   1  estimated weight=         1.00000
 proc = 217  # of atoms=   1  estimated weight=         1.00000
 proc = 218  # of atoms=   1  estimated weight=         1.00000
 proc = 219  # of atoms=   2  estimated weight=         2.00000
 proc = 220  # of atoms=   1  estimated weight=         1.00000
 proc = 221  # of atoms=   2  estimated weight=         2.00000
 proc = 222  # of atoms=   1  estimated weight=         1.00000
 proc = 223  # of atoms=   2  estimated weight=         2.00000
 proc = 224  # of atoms=   1  estimated weight=         1.00000
 proc = 225  # of atoms=   1  estimated weight=         1.00000
 proc = 226  # of atoms=   1  estimated weight=         1.00000
 proc = 227  # of atoms=   2  estimated weight=         2.00000
 proc = 228  # of atoms=   1  estimated weight=         1.00000
 proc = 229  # of atoms=   1  estimated weight=         1.00000
 proc = 230  # of atoms=   1  estimated weight=         1.00000
 proc = 231  # of atoms=   2  estimated weight=         2.00000
 proc = 232  # of atoms=   1  estimated weight=         1.00000
 proc = 233  # of atoms=   1  estimated weight=         1.00000
 proc = 234  # of atoms=   1  estimated weight=         1.00000
 proc = 235  # of atoms=   2  estimated weight=         2.00000
 proc = 236  # of atoms=   1  estimated weight=         1.00000
 proc = 237  # of atoms=   2  estimated weight=         2.00000
 proc = 238  # of atoms=   1  estimated weight=         1.00000
 proc = 239  # of atoms=   2  estimated weight=         2.00000
 proc = 240  # of atoms=   1  estimated weight=         1.00000
 proc = 241  # of atoms=   1  estimated weight=         1.00000
 proc = 242  # of atoms=   1  estimated weight=         1.00000
 proc = 243  # of atoms=   2  estimated weight=         2.00000
 proc = 244  # of atoms=   1  estimated weight=         1.00000
 proc = 245  # of atoms=   2  estimated weight=         2.00000
 proc = 246  # of atoms=   1  estimated weight=         1.00000
 proc = 247  # of atoms=   2  estimated weight=         2.00000
 proc = 248  # of atoms=   1  estimated weight=         1.00000
 proc = 249  # of atoms=   1  estimated weight=         1.00000
 proc = 250  # of atoms=   1  estimated weight=         1.00000
 proc = 251  # of atoms=   2  estimated weight=         2.00000
 proc = 252  # of atoms=   1  estimated weight=         1.00000
 proc = 253  # of atoms=   2  estimated weight=         2.00000
 proc = 254  # of atoms=   1  estimated weight=         1.00000
 proc = 255  # of atoms=   2  estimated weight=         2.00000




*******************************************************
        Analysis of neighbors and setting of grids        
*******************************************************

TFNAN=   29498   Average FNAN=  86.00000
TSNAN=       0   Average SNAN=   0.00000
<truncation> CpyCell= 1 ct_AN=   1 FNAN SNAN  86   0
<truncation> CpyCell= 1 ct_AN=   2 FNAN SNAN  86   0
<truncation> CpyCell= 1 ct_AN=   3 FNAN SNAN  86   0
<truncation> CpyCell= 1 ct_AN=   4 FNAN SNAN  86   0
<truncation> CpyCell= 1 ct_AN=   5 FNAN SNAN  86   0
<truncation> CpyCell= 1 ct_AN=   6 FNAN SNAN  86   0
<truncation> CpyCell= 1 ct_AN=   7 FNAN SNAN  86   0
<truncation> CpyCell= 1 ct_AN=   8 FNAN SNAN  86   0
<truncation> CpyCell= 1 ct_AN=   9 FNAN SNAN  86   0
<truncation> CpyCell= 1 ct_AN=  10 FNAN SNAN  86   0
<truncation> CpyCell= 1 ct_AN=  11 FNAN SNAN  86   0
<truncation> CpyCell= 1 ct_AN=  12 FNAN SNAN  86   0
<truncation> CpyCell= 1 ct_AN=  13 FNAN SNAN  86   0
<truncation> CpyCell= 1 ct_AN=  14 FNAN SNAN  86   0
<truncation> CpyCell= 1 ct_AN=  15 FNAN SNAN  86   0
<truncation> CpyCell= 1 ct_AN=  16 FNAN SNAN  86   0
<truncation> CpyCell= 1 ct_AN=  17 FNAN SNAN  86   0
<truncation> CpyCell= 1 ct_AN=  18 FNAN SNAN  86   0
<truncation> CpyCell= 1 ct_AN=  19 FNAN SNAN  86   0
<truncation> CpyCell= 1 ct_AN=  20 FNAN SNAN  86   0
     ..........
     ......

TFNAN=   29498   Average FNAN=  86.00000
TSNAN=       0   Average SNAN=   0.00000
<truncation> CpyCell= 2 ct_AN=   1 FNAN SNAN  86   0
<truncation> CpyCell= 2 ct_AN=   2 FNAN SNAN  86   0
<truncation> CpyCell= 2 ct_AN=   3 FNAN SNAN  86   0
<truncation> CpyCell= 2 ct_AN=   4 FNAN SNAN  86   0
<truncation> CpyCell= 2 ct_AN=   5 FNAN SNAN  86   0
<truncation> CpyCell= 2 ct_AN=   6 FNAN SNAN  86   0
<truncation> CpyCell= 2 ct_AN=   7 FNAN SNAN  86   0
<truncation> CpyCell= 2 ct_AN=   8 FNAN SNAN  86   0
<truncation> CpyCell= 2 ct_AN=   9 FNAN SNAN  86   0
<truncation> CpyCell= 2 ct_AN=  10 FNAN SNAN  86   0
<truncation> CpyCell= 2 ct_AN=  11 FNAN SNAN  86   0
<truncation> CpyCell= 2 ct_AN=  12 FNAN SNAN  86   0
<truncation> CpyCell= 2 ct_AN=  13 FNAN SNAN  86   0
<truncation> CpyCell= 2 ct_AN=  14 FNAN SNAN  86   0
<truncation> CpyCell= 2 ct_AN=  15 FNAN SNAN  86   0
<truncation> CpyCell= 2 ct_AN=  16 FNAN SNAN  86   0
<truncation> CpyCell= 2 ct_AN=  17 FNAN SNAN  86   0
<truncation> CpyCell= 2 ct_AN=  18 FNAN SNAN  86   0
<truncation> CpyCell= 2 ct_AN=  19 FNAN SNAN  86   0
<truncation> CpyCell= 2 ct_AN=  20 FNAN SNAN  86   0
     ..........
     ......

TFNAN=   29498   Average FNAN=  86.00000
TSNAN=       0   Average SNAN=   0.00000
<truncation> CpyCell= 2 ct_AN=   1 FNAN SNAN  86   0
<truncation> CpyCell= 2 ct_AN=   2 FNAN SNAN  86   0
<truncation> CpyCell= 2 ct_AN=   3 FNAN SNAN  86   0
<truncation> CpyCell= 2 ct_AN=   4 FNAN SNAN  86   0
<truncation> CpyCell= 2 ct_AN=   5 FNAN SNAN  86   0
<truncation> CpyCell= 2 ct_AN=   6 FNAN SNAN  86   0
<truncation> CpyCell= 2 ct_AN=   7 FNAN SNAN  86   0
<truncation> CpyCell= 2 ct_AN=   8 FNAN SNAN  86   0
<truncation> CpyCell= 2 ct_AN=   9 FNAN SNAN  86   0
<truncation> CpyCell= 2 ct_AN=  10 FNAN SNAN  86   0
<truncation> CpyCell= 2 ct_AN=  11 FNAN SNAN  86   0
<truncation> CpyCell= 2 ct_AN=  12 FNAN SNAN  86   0
<truncation> CpyCell= 2 ct_AN=  13 FNAN SNAN  86   0
<truncation> CpyCell= 2 ct_AN=  14 FNAN SNAN  86   0
<truncation> CpyCell= 2 ct_AN=  15 FNAN SNAN  86   0
<truncation> CpyCell= 2 ct_AN=  16 FNAN SNAN  86   0
<truncation> CpyCell= 2 ct_AN=  17 FNAN SNAN  86   0
<truncation> CpyCell= 2 ct_AN=  18 FNAN SNAN  86   0
<truncation> CpyCell= 2 ct_AN=  19 FNAN SNAN  86   0
<truncation> CpyCell= 2 ct_AN=  20 FNAN SNAN  86   0
     ..........
     ......

<Check_System> The system is bulk.
lattice vectors (bohr)
A  =  0.000000000000, 23.645855749169, 23.645855749169
B  = 23.645855749169,  0.000000000000, 23.645855749169
C  = 23.645855749169, 23.645855749169,  0.000000000000
reciprocal lattice vectors (bohr^-1)
RA = -0.132860180106,  0.132860180106,  0.132860180106
RB =  0.132860180106, -0.132860180106,  0.132860180106
RC =  0.132860180106,  0.132860180106, -0.132860180106
Grid_Origin -3.265380079647 -3.265380079647 -3.265380079647
Cell_Volume =  26442.048850550826 (Bohr^3)
GridVol     =      0.002855204497 (Bohr^3)
Grid_Origin -3.265380079647 -3.265380079647 -3.265380079647
Cell_Volume =  26442.048850550826 (Bohr^3)
GridVol     =      0.002855204497 (Bohr^3)
<UCell_Box> Info. of cutoff energy and num. of grids
lattice vectors (bohr)
A  =  0.000000000000, 23.645855749169, 23.645855749169
B  = 23.645855749169,  0.000000000000, 23.645855749169
C  = 23.645855749169, 23.645855749169,  0.000000000000
reciprocal lattice vectors (bohr^-1)
RA = -0.132860180106,  0.132860180106,  0.132860180106
RB =  0.132860180106, -0.132860180106,  0.132860180106
RC =  0.132860180106,  0.132860180106, -0.132860180106
Required cutoff energy (Ryd) for 3D-grids = 600.0000
    Used cutoff energy (Ryd) for 3D-grids = 583.8342, 583.8342, 583.8342
Num. of grids of a-, b-, and c-axes = 210, 210, 210
Grid_Origin -3.265380079647 -3.265380079647 -3.265380079647
Cell_Volume =  26442.048850550826 (Bohr^3)
GridVol     =      0.002855204497 (Bohr^3)
Cell vectors (bohr) of the grid cell (gtv)
  gtv_a =  0.000000000000,  0.112599313091,  0.112599313091
  gtv_b =  0.112599313091,  0.000000000000,  0.112599313091
  gtv_c =  0.112599313091,  0.112599313091,  0.000000000000
  |gtv_a| =  0.159239475688
  |gtv_b| =  0.159239475688
  |gtv_c| =  0.159239475688
Num. of grids overlapping with atom    1 = 316866
Num. of grids overlapping with atom    2 = 316866
Num. of grids overlapping with atom    3 = 316866
Num. of grids overlapping with atom    4 = 316866
Num. of grids overlapping with atom    5 = 316866
Num. of grids overlapping with atom    6 = 316866
Num. of grids overlapping with atom    7 = 316866
Num. of grids overlapping with atom    8 = 316866
Num. of grids overlapping with atom    9 = 316866
Num. of grids overlapping with atom   10 = 316866
Num. of grids overlapping with atom   11 = 316866
Num. of grids overlapping with atom   12 = 316866
Num. of grids overlapping with atom   13 = 316866
Num. of grids overlapping with atom   14 = 316866
Num. of grids overlapping with atom   15 = 316866
Num. of grids overlapping with atom   16 = 316866
Num. of grids overlapping with atom   17 = 316866
Num. of grids overlapping with atom   18 = 316866
Num. of grids overlapping with atom   19 = 316866
Num. of grids overlapping with atom   20 = 316866
     ..........
     ......


*******************************************************
             SCF calculation at MD = 1                
*******************************************************

<MD= 1>  Calculation of the overlap matrix
<MD= 1>  Calculation of the nonlocal matrix

******************* MD= 1  SCF= 1 *******************
<Restart>  Found restart files
<Poisson>  Poisson's equation using FFT...
<Band>  Solving the eigenvalue problem...
 KGrids1:  -0.33333   0.00000   0.33333 
 KGrids2:  -0.33333  -0.00000   0.33333 
 KGrids3:  -0.33333   0.00000   0.33334 
<Band_DFT>  Eigen, time=29.735636
<Band_DFT>  DM, time=0.000010
    1   Ni  MulP   9.2955   8.7053 sum  18.0008 diff   0.5902
    2   Ni  MulP   9.2956   8.7060 sum  18.0016 diff   0.5897
    3   Ni  MulP   9.2956   8.7059 sum  18.0015 diff   0.5898
    4   Ni  MulP   9.2953   8.7039 sum  17.9992 diff   0.5914
    5   Ni  MulP   9.2952   8.7030 sum  17.9983 diff   0.5922
    6   Ni  MulP   9.2951   8.7026 sum  17.9977 diff   0.5925
    7   Ni  MulP   9.2954   8.7044 sum  17.9998 diff   0.5910
    8   Ni  MulP   9.2953   8.7039 sum  17.9992 diff   0.5914
    9   Ni  MulP   9.2953   8.7041 sum  17.9994 diff   0.5912
   10   Ni  MulP   9.2954   8.7044 sum  17.9998 diff   0.5910
   11   Ni  MulP   9.2953   8.7036 sum  17.9989 diff   0.5917
   12   Ni  MulP   9.2951   8.7028 sum  17.9979 diff   0.5923
   13   Ni  MulP   9.2954   8.7041 sum  17.9995 diff   0.5913
   14   Ni  MulP   9.2953   8.7039 sum  17.9993 diff   0.5914
   15   Ni  MulP   9.2952   8.7030 sum  17.9982 diff   0.5923
   16   Ni  MulP   9.2951   8.7028 sum  17.9980 diff   0.5923
   17   Ni  MulP   9.2954   8.7045 sum  18.0000 diff   0.5909
   18   Ni  MulP   9.2954   8.7044 sum  17.9998 diff   0.5910
   19   Ni  MulP   9.2955   8.7048 sum  18.0003 diff   0.5906
   20   Ni  MulP   9.2953   8.7036 sum  17.9988 diff   0.5917
     ..........
     ......

 Sum of MulP: up   =  3188.33114 down          =  2985.66886
              total=  6174.00000 ideal(neutral)=  6174.00000
<DFT>  Total Spin Moment (muB) = 202.662274741337
<DFT>  Mixing_weight= 0.010000000000
<DFT>  Uele   =-9090.381256726072  dUele     =   1.000000000000
<DFT>  NormRD =    1.000000000000  Criterion =   0.000001000000

******************* MD= 1  SCF= 2 *******************
<Poisson>  Poisson's equation using FFT...
<Set_Hamiltonian>  Hamiltonian matrix for VNA+dVH+Vxc...
<Band>  Solving the eigenvalue problem...
 KGrids1:  -0.33333   0.00000   0.33333 
 KGrids2:  -0.33333  -0.00000   0.33333 
 KGrids3:  -0.33333   0.00000   0.33334 
<Band_DFT>  Eigen, time=20.072981
<Band_DFT>  DM, time=0.000000
    1   Ni  MulP   9.2953   8.7040 sum  17.9994 diff   0.5913
    2   Ni  MulP   9.2954   8.7046 sum  18.0001 diff   0.5908
    3   Ni  MulP   9.2956   8.7056 sum  18.0012 diff   0.5900
    4   Ni  MulP   9.2955   8.7055 sum  18.0011 diff   0.5900
    5   Ni  MulP   9.2956   8.7056 sum  18.0012 diff   0.5900
    6   Ni  MulP   9.2954   8.7045 sum  17.9998 diff   0.5909
    7   Ni  MulP   9.2954   8.7043 sum  17.9997 diff   0.5911
    8   Ni  MulP   9.2955   8.7049 sum  18.0003 diff   0.5906
    9   Ni  MulP   9.2955   8.7054 sum  18.0009 diff   0.5901
   10   Ni  MulP   9.2956   8.7061 sum  18.0017 diff   0.5896
   11   Ni  MulP   9.2956   8.7059 sum  18.0015 diff   0.5897
   12   Ni  MulP   9.2955   8.7050 sum  18.0005 diff   0.5904
   13   Ni  MulP   9.2956   8.7054 sum  18.0010 diff   0.5902
   14   Ni  MulP   9.2955   8.7048 sum  18.0003 diff   0.5906
   15   Ni  MulP   9.2956   8.7058 sum  18.0014 diff   0.5899
   16   Ni  MulP   9.2955   8.7054 sum  18.0009 diff   0.5901
   17   Ni  MulP   9.2956   8.7060 sum  18.0016 diff   0.5897
   18   Ni  MulP   9.2955   8.7053 sum  18.0008 diff   0.5902
   19   Ni  MulP   9.2955   8.7054 sum  18.0010 diff   0.5901
   20   Ni  MulP   9.2954   8.7049 sum  18.0003 diff   0.5906
     ..........
     ......

 Sum of MulP: up   =  3188.33120 down          =  2985.66880
              total=  6174.00000 ideal(neutral)=  6174.00000
<DFT>  Total Spin Moment (muB) = 202.662405770932
<DFT>  Mixing_weight= 0.010020324557
<DFT>  Uele   =-9090.381234910059  dUele     =   0.000021816013
<DFT>  NormRD =    0.045037020400  Criterion =   0.000001000000

******************* MD= 1  SCF= 3 *******************
<Poisson>  Poisson's equation using FFT...
<Set_Hamiltonian>  Hamiltonian matrix for VNA+dVH+Vxc...
<Band>  Solving the eigenvalue problem...
 KGrids1:  -0.33333   0.00000   0.33333 
 KGrids2:  -0.33333  -0.00000   0.33333 
 KGrids3:  -0.33333   0.00000   0.33334 
<Band_DFT>  Eigen, time=20.048489
<Band_DFT>  DM, time=0.000000
    1   Ni  MulP   9.2955   8.7050 sum  18.0005 diff   0.5904
    2   Ni  MulP   9.2954   8.7043 sum  17.9997 diff   0.5911
    3   Ni  MulP   9.2953   8.7033 sum  17.9986 diff   0.5919
    4   Ni  MulP   9.2951   8.7027 sum  17.9978 diff   0.5924
    5   Ni  MulP   9.2953   8.7035 sum  17.9988 diff   0.5918
    6   Ni  MulP   9.2953   8.7041 sum  17.9995 diff   0.5912
    7   Ni  MulP   9.2955   8.7052 sum  18.0007 diff   0.5903
    8   Ni  MulP   9.2953   8.7035 sum  17.9987 diff   0.5918
    9   Ni  MulP   9.2951   8.7024 sum  17.9975 diff   0.5927
   10   Ni  MulP   9.2951   8.7020 sum  17.9971 diff   0.5930
   11   Ni  MulP   9.2951   8.7023 sum  17.9974 diff   0.5928
   12   Ni  MulP   9.2952   8.7030 sum  17.9982 diff   0.5922
   13   Ni  MulP   9.2954   8.7043 sum  17.9997 diff   0.5911
   14   Ni  MulP   9.2954   8.7043 sum  17.9997 diff   0.5911
   15   Ni  MulP   9.2952   8.7029 sum  17.9982 diff   0.5923
   16   Ni  MulP   9.2950   8.7020 sum  17.9970 diff   0.5930
   17   Ni  MulP   9.2951   8.7025 sum  17.9977 diff   0.5926
   18   Ni  MulP   9.2952   8.7029 sum  17.9981 diff   0.5922
   19   Ni  MulP   9.2953   8.7039 sum  17.9992 diff   0.5915
   20   Ni  MulP   9.2953   8.7037 sum  17.9990 diff   0.5916
     ..........
     ......

 Sum of MulP: up   =  3188.33122 down          =  2985.66878
              total=  6174.00000 ideal(neutral)=  6174.00000
<DFT>  Total Spin Moment (muB) = 202.662448441172
<DFT>  Mixing_weight= 0.015324753846
<DFT>  Uele   =-9090.381233017331  dUele     =   0.000001892728
<DFT>  NormRD =    0.026496726859  Criterion =   0.000001000000

******************* MD= 1  SCF= 4 *******************
<Poisson>  Poisson's equation using FFT...
<Set_Hamiltonian>  Hamiltonian matrix for VNA+dVH+Vxc...
<Band>  Solving the eigenvalue problem...
 KGrids1:  -0.33333   0.00000   0.33333 
 KGrids2:  -0.33333  -0.00000   0.33333 
 KGrids3:  -0.33333   0.00000   0.33334 
<Band_DFT>  Eigen, time=57.219732
<Band_DFT>  DM, time=0.000000
    1   Ni  MulP   9.2954   8.7047 sum  18.0001 diff   0.5908
    2   Ni  MulP   9.2954   8.7046 sum  18.0001 diff   0.5908
    3   Ni  MulP   9.2954   8.7045 sum  17.9999 diff   0.5909
    4   Ni  MulP   9.2953   8.7041 sum  17.9994 diff   0.5913
    5   Ni  MulP   9.2954   8.7044 sum  17.9998 diff   0.5910
    6   Ni  MulP   9.2953   8.7042 sum  17.9995 diff   0.5912
    7   Ni  MulP   9.2954   8.7046 sum  18.0001 diff   0.5908
    8   Ni  MulP   9.2954   8.7043 sum  17.9997 diff   0.5911
    9   Ni  MulP   9.2953   8.7041 sum  17.9994 diff   0.5913
   10   Ni  MulP   9.2954   8.7041 sum  17.9995 diff   0.5913
   11   Ni  MulP   9.2954   8.7041 sum  17.9995 diff   0.5913
   12   Ni  MulP   9.2953   8.7040 sum  17.9993 diff   0.5913
   13   Ni  MulP   9.2954   8.7046 sum  18.0001 diff   0.5908
   14   Ni  MulP   9.2954   8.7045 sum  17.9999 diff   0.5909
   15   Ni  MulP   9.2954   8.7043 sum  17.9997 diff   0.5911
   16   Ni  MulP   9.2953   8.7039 sum  17.9992 diff   0.5914
   17   Ni  MulP   9.2954   8.7043 sum  17.9997 diff   0.5911
   18   Ni  MulP   9.2954   8.7042 sum  17.9996 diff   0.5912
   19   Ni  MulP   9.2954   8.7045 sum  17.9999 diff   0.5909
   20   Ni  MulP   9.2954   8.7042 sum  17.9996 diff   0.5912
     ..........
     ......

 Sum of MulP: up   =  3188.33120 down          =  2985.66880
              total=  6174.00000 ideal(neutral)=  6174.00000
<DFT>  Total Spin Moment (muB) = 202.662401362228
<DFT>  Mixing_weight= 0.004468518896
<DFT>  Uele   =-9090.381218827966  dUele     =   0.000014189365
<DFT>  NormRD =    0.041299999490  Criterion =   0.000001000000

******************* MD= 1  SCF= 5 *******************
<Poisson>  Poisson's equation using FFT...
<Set_Hamiltonian>  Hamiltonian matrix for VNA+dVH+Vxc...
<Band>  Solving the eigenvalue problem...
 KGrids1:  -0.33333   0.00000   0.33333 
 KGrids2:  -0.33333  -0.00000   0.33333 
 KGrids3:  -0.33333   0.00000   0.33334 
<Band_DFT>  Eigen, time=20.100895
<Band_DFT>  DM, time=0.000001
    1   Ni  MulP   9.2954   8.7046 sum  18.0000 diff   0.5908
    2   Ni  MulP   9.2954   8.7047 sum  18.0001 diff   0.5908
    3   Ni  MulP   9.2954   8.7047 sum  18.0001 diff   0.5908
    4   Ni  MulP   9.2954   8.7044 sum  17.9998 diff   0.5910
    5   Ni  MulP   9.2954   8.7046 sum  18.0001 diff   0.5908
    6   Ni  MulP   9.2954   8.7042 sum  17.9996 diff   0.5911
    7   Ni  MulP   9.2954   8.7046 sum  18.0000 diff   0.5909
    8   Ni  MulP   9.2954   8.7045 sum  17.9999 diff   0.5909
    9   Ni  MulP   9.2954   8.7044 sum  17.9998 diff   0.5910
   10   Ni  MulP   9.2954   8.7045 sum  18.0000 diff   0.5909
   11   Ni  MulP   9.2954   8.7045 sum  17.9999 diff   0.5909
   12   Ni  MulP   9.2954   8.7043 sum  17.9996 diff   0.5911
   13   Ni  MulP   9.2955   8.7047 sum  18.0002 diff   0.5907
   14   Ni  MulP   9.2954   8.7046 sum  18.0000 diff   0.5908
   15   Ni  MulP   9.2955   8.7047 sum  18.0001 diff   0.5908
   16   Ni  MulP   9.2954   8.7043 sum  17.9997 diff   0.5910
   17   Ni  MulP   9.2955   8.7047 sum  18.0001 diff   0.5908
   18   Ni  MulP   9.2954   8.7045 sum  17.9999 diff   0.5909
   19   Ni  MulP   9.2954   8.7046 sum  18.0001 diff   0.5908
   20   Ni  MulP   9.2954   8.7044 sum  17.9997 diff   0.5910
     ..........
     ......

 Sum of MulP: up   =  3188.33120 down          =  2985.66880
              total=  6174.00000 ideal(neutral)=  6174.00000
<DFT>  Total Spin Moment (muB) = 202.662400472754
<DFT>  Mixing_weight= 0.004759894489
<DFT>  Uele   =-9090.381215662055  dUele     =   0.000003165911
<DFT>  NormRD =    0.010218283980  Criterion =   0.000001000000

******************* MD= 1  SCF= 6 *******************
<Poisson>  Poisson's equation using FFT...
<Set_Hamiltonian>  Hamiltonian matrix for VNA+dVH+Vxc...
<Band>  Solving the eigenvalue problem...
 KGrids1:  -0.33333   0.00000   0.33333 
 KGrids2:  -0.33333  -0.00000   0.33333 
 KGrids3:  -0.33333   0.00000   0.33334 
<Band_DFT>  Eigen, time=57.334808
<Band_DFT>  DM, time=0.000001
    1   Ni  MulP   9.2954   8.7046 sum  18.0000 diff   0.5909
    2   Ni  MulP   9.2954   8.7046 sum  18.0001 diff   0.5908
    3   Ni  MulP   9.2954   8.7047 sum  18.0001 diff   0.5908
    4   Ni  MulP   9.2954   8.7045 sum  17.9999 diff   0.5909
    5   Ni  MulP   9.2955   8.7047 sum  18.0001 diff   0.5908
    6   Ni  MulP   9.2954   8.7043 sum  17.9997 diff   0.5911
    7   Ni  MulP   9.2954   8.7046 sum  18.0000 diff   0.5909
    8   Ni  MulP   9.2954   8.7045 sum  18.0000 diff   0.5909
    9   Ni  MulP   9.2954   8.7045 sum  17.9999 diff   0.5909
   10   Ni  MulP   9.2954   8.7046 sum  18.0000 diff   0.5908
   11   Ni  MulP   9.2954   8.7046 sum  18.0000 diff   0.5908
   12   Ni  MulP   9.2954   8.7044 sum  17.9997 diff   0.5910
   13   Ni  MulP   9.2955   8.7047 sum  18.0002 diff   0.5907
   14   Ni  MulP   9.2954   8.7046 sum  18.0001 diff   0.5908
   15   Ni  MulP   9.2955   8.7047 sum  18.0002 diff   0.5907
   16   Ni  MulP   9.2954   8.7044 sum  17.9998 diff   0.5910
   17   Ni  MulP   9.2955   8.7047 sum  18.0002 diff   0.5907
   18   Ni  MulP   9.2954   8.7045 sum  17.9999 diff   0.5909
   19   Ni  MulP   9.2954   8.7046 sum  18.0001 diff   0.5908
   20   Ni  MulP   9.2954   8.7044 sum  17.9998 diff   0.5910
     ..........
     ......

 Sum of MulP: up   =  3188.33120 down          =  2985.66880
              total=  6174.00000 ideal(neutral)=  6174.00000
<DFT>  Total Spin Moment (muB) = 202.662400829132
<DFT>  Mixing_weight= 0.005020090190
<DFT>  Uele   =-9090.381213109677  dUele     =   0.000002552379
<DFT>  NormRD =    0.002326335064  Criterion =   0.000001000000

******************* MD= 1  SCF= 7 *******************
<Poisson>  Poisson's equation using FFT...
<Set_Hamiltonian>  Hamiltonian matrix for VNA+dVH+Vxc...
<Band>  Solving the eigenvalue problem...
 KGrids1:  -0.33333   0.00000   0.33333 
 KGrids2:  -0.33333  -0.00000   0.33333 
 KGrids3:  -0.33333   0.00000   0.33334 
<Band_DFT>  Eigen, time=19.983159
<Band_DFT>  DM, time=0.000001
    1   Ni  MulP   9.2954   8.7045 sum  18.0000 diff   0.5909
    2   Ni  MulP   9.2954   8.7046 sum  18.0000 diff   0.5908
    3   Ni  MulP   9.2954   8.7046 sum  18.0001 diff   0.5908
    4   Ni  MulP   9.2954   8.7045 sum  17.9999 diff   0.5909
    5   Ni  MulP   9.2955   8.7047 sum  18.0001 diff   0.5908
    6   Ni  MulP   9.2954   8.7044 sum  17.9997 diff   0.5910
    7   Ni  MulP   9.2954   8.7046 sum  18.0000 diff   0.5909
    8   Ni  MulP   9.2954   8.7045 sum  18.0000 diff   0.5909
    9   Ni  MulP   9.2954   8.7045 sum  17.9999 diff   0.5909
   10   Ni  MulP   9.2954   8.7046 sum  18.0000 diff   0.5909
   11   Ni  MulP   9.2954   8.7046 sum  18.0000 diff   0.5908
   12   Ni  MulP   9.2954   8.7044 sum  17.9998 diff   0.5910
   13   Ni  MulP   9.2955   8.7047 sum  18.0002 diff   0.5907
   14   Ni  MulP   9.2954   8.7046 sum  18.0001 diff   0.5908
   15   Ni  MulP   9.2955   8.7047 sum  18.0001 diff   0.5908
   16   Ni  MulP   9.2954   8.7044 sum  17.9998 diff   0.5910
   17   Ni  MulP   9.2955   8.7047 sum  18.0002 diff   0.5908
   18   Ni  MulP   9.2954   8.7045 sum  17.9999 diff   0.5909
   19   Ni  MulP   9.2954   8.7046 sum  18.0001 diff   0.5908
   20   Ni  MulP   9.2954   8.7044 sum  17.9998 diff   0.5910
     ..........
     ......

 Sum of MulP: up   =  3188.33120 down          =  2985.66880
              total=  6174.00000 ideal(neutral)=  6174.00000
<DFT>  Total Spin Moment (muB) = 202.662400986167
<DFT>  Mixing_weight= 0.005632287494
<DFT>  Uele   =-9090.381210331112  dUele     =   0.000002778565
<DFT>  NormRD =    0.000766965035  Criterion =   0.000001000000

******************* MD= 1  SCF= 8 *******************
<Poisson>  Poisson's equation using FFT...
<Set_Hamiltonian>  Hamiltonian matrix for VNA+dVH+Vxc...
<Band>  Solving the eigenvalue problem...
 KGrids1:  -0.33333   0.00000   0.33333 
 KGrids2:  -0.33333  -0.00000   0.33333 
 KGrids3:  -0.33333   0.00000   0.33334 
<Band_DFT>  Eigen, time=57.596333
<Band_DFT>  DM, time=0.000000
    1   Ni  MulP   9.2954   8.7046 sum  18.0000 diff   0.5909
    2   Ni  MulP   9.2954   8.7046 sum  18.0000 diff   0.5908
    3   Ni  MulP   9.2954   8.7046 sum  18.0001 diff   0.5908
    4   Ni  MulP   9.2954   8.7045 sum  17.9999 diff   0.5909
    5   Ni  MulP   9.2954   8.7047 sum  18.0001 diff   0.5908
    6   Ni  MulP   9.2954   8.7044 sum  17.9998 diff   0.5910
    7   Ni  MulP   9.2954   8.7046 sum  18.0000 diff   0.5909
    8   Ni  MulP   9.2954   8.7046 sum  18.0000 diff   0.5909
    9   Ni  MulP   9.2954   8.7045 sum  17.9999 diff   0.5909
   10   Ni  MulP   9.2954   8.7046 sum  18.0000 diff   0.5909
   11   Ni  MulP   9.2954   8.7046 sum  18.0000 diff   0.5908
   12   Ni  MulP   9.2954   8.7044 sum  17.9998 diff   0.5910
   13   Ni  MulP   9.2955   8.7047 sum  18.0001 diff   0.5908
   14   Ni  MulP   9.2954   8.7046 sum  18.0001 diff   0.5908
   15   Ni  MulP   9.2954   8.7047 sum  18.0001 diff   0.5908
   16   Ni  MulP   9.2954   8.7044 sum  17.9998 diff   0.5909
   17   Ni  MulP   9.2954   8.7047 sum  18.0001 diff   0.5908
   18   Ni  MulP   9.2954   8.7045 sum  17.9999 diff   0.5909
   19   Ni  MulP   9.2954   8.7046 sum  18.0001 diff   0.5908
   20   Ni  MulP   9.2954   8.7045 sum  17.9999 diff   0.5909
     ..........
     ......

 Sum of MulP: up   =  3188.33120 down          =  2985.66880
              total=  6174.00000 ideal(neutral)=  6174.00000
<DFT>  Total Spin Moment (muB) = 202.662401151264
<DFT>  Mixing_weight= 0.009667361523
<DFT>  Uele   =-9090.381205644633  dUele     =   0.000004686479
<DFT>  NormRD =    0.000495504199  Criterion =   0.000001000000

******************* MD= 1  SCF= 9 *******************
<Poisson>  Poisson's equation using FFT...
<Set_Hamiltonian>  Hamiltonian matrix for VNA+dVH+Vxc...
<Band>  Solving the eigenvalue problem...
 KGrids1:  -0.33333   0.00000   0.33333 
 KGrids2:  -0.33333  -0.00000   0.33333 
 KGrids3:  -0.33333   0.00000   0.33334 
<Band_DFT>  Eigen, time=19.984915
<Band_DFT>  DM, time=0.000000
    1   Ni  MulP   9.2954   8.7046 sum  18.0000 diff   0.5909
    2   Ni  MulP   9.2954   8.7046 sum  18.0000 diff   0.5908
    3   Ni  MulP   9.2954   8.7046 sum  18.0000 diff   0.5908
    4   Ni  MulP   9.2954   8.7045 sum  17.9999 diff   0.5909
    5   Ni  MulP   9.2954   8.7046 sum  18.0001 diff   0.5908
    6   Ni  MulP   9.2954   8.7045 sum  17.9999 diff   0.5909
    7   Ni  MulP   9.2954   8.7046 sum  18.0000 diff   0.5909
    8   Ni  MulP   9.2954   8.7046 sum  18.0000 diff   0.5909
    9   Ni  MulP   9.2954   8.7045 sum  18.0000 diff   0.5909
   10   Ni  MulP   9.2954   8.7046 sum  18.0000 diff   0.5909
   11   Ni  MulP   9.2954   8.7046 sum  18.0000 diff   0.5908
   12   Ni  MulP   9.2954   8.7045 sum  17.9999 diff   0.5909
   13   Ni  MulP   9.2954   8.7046 sum  18.0001 diff   0.5908
   14   Ni  MulP   9.2954   8.7046 sum  18.0000 diff   0.5908
   15   Ni  MulP   9.2954   8.7046 sum  18.0000 diff   0.5908
   16   Ni  MulP   9.2954   8.7045 sum  17.9999 diff   0.5909
   17   Ni  MulP   9.2954   8.7046 sum  18.0001 diff   0.5908
   18   Ni  MulP   9.2954   8.7046 sum  18.0000 diff   0.5909
   19   Ni  MulP   9.2954   8.7046 sum  18.0000 diff   0.5908
   20   Ni  MulP   9.2954   8.7045 sum  17.9999 diff   0.5909
     ..........
     ......

 Sum of MulP: up   =  3188.33120 down          =  2985.66880
              total=  6174.00000 ideal(neutral)=  6174.00000
<DFT>  Total Spin Moment (muB) = 202.662401431990
<DFT>  Mixing_weight= 0.023308024096
<DFT>  Uele   =-9090.381194634485  dUele     =   0.000011010148
<DFT>  NormRD =    0.000379063827  Criterion =   0.000001000000

******************* MD= 1  SCF=10 *******************
<Poisson>  Poisson's equation using FFT...
<Set_Hamiltonian>  Hamiltonian matrix for VNA+dVH+Vxc...
<Band>  Solving the eigenvalue problem...
 KGrids1:  -0.33333   0.00000   0.33333 
 KGrids2:  -0.33333  -0.00000   0.33333 
 KGrids3:  -0.33333   0.00000   0.33334 
<Band_DFT>  Eigen, time=20.140540
<Band_DFT>  DM, time=0.000000
    1   Ni  MulP   9.2954   8.7046 sum  18.0000 diff   0.5909
    2   Ni  MulP   9.2954   8.7046 sum  18.0000 diff   0.5909
    3   Ni  MulP   9.2954   8.7046 sum  18.0000 diff   0.5909
    4   Ni  MulP   9.2954   8.7046 sum  18.0000 diff   0.5909
    5   Ni  MulP   9.2954   8.7046 sum  18.0000 diff   0.5908
    6   Ni  MulP   9.2954   8.7046 sum  18.0000 diff   0.5909
    7   Ni  MulP   9.2954   8.7046 sum  18.0000 diff   0.5908
    8   Ni  MulP   9.2954   8.7046 sum  18.0000 diff   0.5909
    9   Ni  MulP   9.2954   8.7046 sum  18.0000 diff   0.5909
   10   Ni  MulP   9.2954   8.7046 sum  18.0000 diff   0.5909
   11   Ni  MulP   9.2954   8.7046 sum  18.0000 diff   0.5909
   12   Ni  MulP   9.2954   8.7046 sum  18.0000 diff   0.5909
   13   Ni  MulP   9.2954   8.7046 sum  18.0000 diff   0.5908
   14   Ni  MulP   9.2954   8.7046 sum  18.0000 diff   0.5908
   15   Ni  MulP   9.2954   8.7046 sum  18.0000 diff   0.5908
   16   Ni  MulP   9.2954   8.7046 sum  18.0000 diff   0.5909
   17   Ni  MulP   9.2954   8.7046 sum  18.0000 diff   0.5908
   18   Ni  MulP   9.2954   8.7046 sum  18.0000 diff   0.5909
   19   Ni  MulP   9.2954   8.7046 sum  18.0000 diff   0.5908
   20   Ni  MulP   9.2954   8.7046 sum  18.0000 diff   0.5909
     ..........
     ......

 Sum of MulP: up   =  3188.33120 down          =  2985.66880
              total=  6174.00000 ideal(neutral)=  6174.00000
<DFT>  Total Spin Moment (muB) = 202.662401757086
<DFT>  Mixing_weight= 0.036309296193
<DFT>  Uele   =-9090.381178414144  dUele     =   0.000016220341
<DFT>  NormRD =    0.000226827837  Criterion =   0.000001000000

******************* MD= 1  SCF=11 *******************
<Poisson>  Poisson's equation using FFT...
<Set_Hamiltonian>  Hamiltonian matrix for VNA+dVH+Vxc...
<Band>  Solving the eigenvalue problem...
 KGrids1:  -0.33333   0.00000   0.33333 
 KGrids2:  -0.33333  -0.00000   0.33333 
 KGrids3:  -0.33333   0.00000   0.33334 
<Band_DFT>  Eigen, time=20.145987
<Band_DFT>  DM, time=0.000000
    1   Ni  MulP   9.2954   8.7046 sum  18.0000 diff   0.5908
    2   Ni  MulP   9.2954   8.7046 sum  18.0000 diff   0.5908
    3   Ni  MulP   9.2954   8.7046 sum  18.0000 diff   0.5908
    4   Ni  MulP   9.2954   8.7046 sum  18.0000 diff   0.5909
    5   Ni  MulP   9.2954   8.7046 sum  18.0000 diff   0.5908
    6   Ni  MulP   9.2954   8.7045 sum  18.0000 diff   0.5909
    7   Ni  MulP   9.2954   8.7046 sum  18.0000 diff   0.5909
    8   Ni  MulP   9.2954   8.7046 sum  18.0000 diff   0.5909
    9   Ni  MulP   9.2954   8.7046 sum  18.0000 diff   0.5909
   10   Ni  MulP   9.2954   8.7046 sum  18.0000 diff   0.5909
   11   Ni  MulP   9.2954   8.7046 sum  18.0000 diff   0.5909
   12   Ni  MulP   9.2954   8.7046 sum  18.0000 diff   0.5909
   13   Ni  MulP   9.2954   8.7046 sum  18.0000 diff   0.5908
   14   Ni  MulP   9.2954   8.7046 sum  18.0000 diff   0.5908
   15   Ni  MulP   9.2954   8.7046 sum  18.0000 diff   0.5909
   16   Ni  MulP   9.2954   8.7046 sum  18.0000 diff   0.5909
   17   Ni  MulP   9.2954   8.7046 sum  18.0000 diff   0.5908
   18   Ni  MulP   9.2954   8.7046 sum  18.0000 diff   0.5909
   19   Ni  MulP   9.2954   8.7046 sum  18.0000 diff   0.5908
   20   Ni  MulP   9.2954   8.7046 sum  18.0000 diff   0.5909
     ..........
     ......

 Sum of MulP: up   =  3188.33120 down          =  2985.66880
              total=  6174.00000 ideal(neutral)=  6174.00000
<DFT>  Total Spin Moment (muB) = 202.662401915720
<DFT>  Mixing_weight= 0.013151693164
<DFT>  Uele   =-9090.381173071946  dUele     =   0.000005342197
<DFT>  NormRD =    0.000300990175  Criterion =   0.000001000000

******************* MD= 1  SCF=12 *******************
<Poisson>  Poisson's equation using FFT...
<Set_Hamiltonian>  Hamiltonian matrix for VNA+dVH+Vxc...
<Band>  Solving the eigenvalue problem...
 KGrids1:  -0.33333   0.00000   0.33333 
 KGrids2:  -0.33333  -0.00000   0.33333 
 KGrids3:  -0.33333   0.00000   0.33334 
<Band_DFT>  Eigen, time=20.036310
<Band_DFT>  DM, time=0.000000
    1   Ni  MulP   9.2954   8.7045 sum  18.0000 diff   0.5909
    2   Ni  MulP   9.2954   8.7045 sum  17.9999 diff   0.5909
    3   Ni  MulP   9.2954   8.7046 sum  18.0000 diff   0.5909
    4   Ni  MulP   9.2954   8.7046 sum  18.0000 diff   0.5908
    5   Ni  MulP   9.2954   8.7046 sum  18.0001 diff   0.5908
    6   Ni  MulP   9.2954   8.7046 sum  18.0001 diff   0.5908
    7   Ni  MulP   9.2954   8.7046 sum  18.0000 diff   0.5908
    8   Ni  MulP   9.2954   8.7046 sum  18.0000 diff   0.5909
    9   Ni  MulP   9.2954   8.7046 sum  18.0000 diff   0.5909
   10   Ni  MulP   9.2954   8.7046 sum  18.0000 diff   0.5909
   11   Ni  MulP   9.2954   8.7046 sum  18.0000 diff   0.5908
   12   Ni  MulP   9.2954   8.7046 sum  18.0000 diff   0.5908
   13   Ni  MulP   9.2954   8.7046 sum  18.0000 diff   0.5908
   14   Ni  MulP   9.2954   8.7046 sum  18.0000 diff   0.5908
   15   Ni  MulP   9.2954   8.7046 sum  18.0000 diff   0.5908
   16   Ni  MulP   9.2954   8.7046 sum  18.0000 diff   0.5908
   17   Ni  MulP   9.2954   8.7046 sum  18.0000 diff   0.5909
   18   Ni  MulP   9.2954   8.7046 sum  18.0000 diff   0.5909
   19   Ni  MulP   9.2954   8.7046 sum  18.0000 diff   0.5908
   20   Ni  MulP   9.2954   8.7046 sum  18.0000 diff   0.5908
     ..........
     ......

 Sum of MulP: up   =  3188.33120 down          =  2985.66880
              total=  6174.00000 ideal(neutral)=  6174.00000
<DFT>  Total Spin Moment (muB) = 202.662402191693
<DFT>  Mixing_weight= 0.046418130236
<DFT>  Uele   =-9090.381154801125  dUele     =   0.000018270821
<DFT>  NormRD =    0.000254807169  Criterion =   0.000001000000

******************* MD= 1  SCF=13 *******************
<Poisson>  Poisson's equation using FFT...
<Set_Hamiltonian>  Hamiltonian matrix for VNA+dVH+Vxc...
<Band>  Solving the eigenvalue problem...
 KGrids1:  -0.33333   0.00000   0.33333 
 KGrids2:  -0.33333  -0.00000   0.33333 
 KGrids3:  -0.33333   0.00000   0.33334 
<Band_DFT>  Eigen, time=20.126317
<Band_DFT>  DM, time=0.000000
    1   Ni  MulP   9.2954   8.7046 sum  18.0000 diff   0.5909
    2   Ni  MulP   9.2954   8.7045 sum  18.0000 diff   0.5909
    3   Ni  MulP   9.2954   8.7046 sum  18.0000 diff   0.5909
    4   Ni  MulP   9.2954   8.7046 sum  18.0000 diff   0.5908
    5   Ni  MulP   9.2954   8.7046 sum  18.0000 diff   0.5908
    6   Ni  MulP   9.2954   8.7046 sum  18.0000 diff   0.5908
    7   Ni  MulP   9.2954   8.7046 sum  18.0000 diff   0.5908
    8   Ni  MulP   9.2954   8.7046 sum  18.0000 diff   0.5909
    9   Ni  MulP   9.2954   8.7046 sum  18.0000 diff   0.5909
   10   Ni  MulP   9.2954   8.7046 sum  18.0000 diff   0.5909
   11   Ni  MulP   9.2954   8.7046 sum  18.0000 diff   0.5909
   12   Ni  MulP   9.2954   8.7046 sum  18.0000 diff   0.5908
   13   Ni  MulP   9.2954   8.7046 sum  18.0000 diff   0.5908
   14   Ni  MulP   9.2954   8.7046 sum  18.0000 diff   0.5908
   15   Ni  MulP   9.2954   8.7046 sum  18.0000 diff   0.5908
   16   Ni  MulP   9.2954   8.7046 sum  18.0000 diff   0.5908
   17   Ni  MulP   9.2954   8.7046 sum  18.0000 diff   0.5909
   18   Ni  MulP   9.2954   8.7046 sum  18.0000 diff   0.5909
   19   Ni  MulP   9.2954   8.7046 sum  18.0000 diff   0.5908
   20   Ni  MulP   9.2954   8.7046 sum  18.0000 diff   0.5908
     ..........
     ......

 Sum of MulP: up   =  3188.33120 down          =  2985.66880
              total=  6174.00000 ideal(neutral)=  6174.00000
<DFT>  Total Spin Moment (muB) = 202.662402267240
<DFT>  Mixing_weight= 0.001879465505
<DFT>  Uele   =-9090.381154143890  dUele     =   0.000000657235
<DFT>  NormRD =    0.001240403719  Criterion =   0.000001000000
<MD= 1>  Force calculation
  Force calculation #1
  Force calculation #2
  Force calculation #3
  Force calculation #4
  Force calculation #5
<MD= 1>  Total Energy
  Force calculation #6
  Force calculation #7

*******************************************************
                  Dipole moment (Debye)                 
*******************************************************

 Absolute D        0.09373561

                      Dx                Dy                Dz
 Total              0.06565953       -0.06440256       -0.01809701
 Core          318058.73027672   318058.73027672   318059.59485394
 Electron     -318058.66461718  -318058.79467927  -318059.61295095
 Back ground       -0.00000000       -0.00000000       -0.00000000

*******************************************************
                Total Energy (Hartree) at MD = 1        
*******************************************************

  Uele  =   -9090.381154143890

  Ukin  =   28854.507399570859
  UH0   = -632065.671747407410
  UH1   =       1.340579879130
  Una   =  -24406.853080063753
  Unl   =   -6163.917967951080
  Uxc0  =   -3332.495457059505
  Uxc1  =   -3134.740110597582
  Ucore =  582718.645066256169
  Uhub  =       0.000000000000
  Ucs   =       0.000000000000
  Uzs   =       0.000000000000
  Uzo   =       0.000000000000
  Uef   =       0.000000000000
  UvdW  =       0.000000000000
  Uch   =       0.000000000000
  Utot  =  -57529.185317373172

  UpV   =       0.000000000000
  Enpy  =  -57529.185317373172
  Note:

  Uele:   band energy
  Ukin:   kinetic energy
  UH0:    electric part of screened Coulomb energy
  UH1:    difference electron-electron Coulomb energy
  Una:    neutral atom potential energy
  Unl:    non-local potential energy
  Uxc0:   exchange-correlation energy for alpha spin
  Uxc1:   exchange-correlation energy for beta spin
  Ucore:  core-core Coulomb energy
  Uhub:   LDA+U energy
  Ucs:    constraint energy for spin orientation
  Uzs:    Zeeman term for spin magnetic moment
  Uzo:    Zeeman term for orbital magnetic moment
  Uef:    electric energy by electric field
  UvdW:   semi-empirical vdW energy 
  Uch:    penalty term to create a core hole
  UpV:    pressure times volume
  Enpy:   Enthalpy = Utot + UpV
  (see also PRB 72, 045121(2005) for the energy contributions)


*******************************************************
           Computational times (s) at MD = 1            
*******************************************************

  DFT in total      =  419.61210

  Set_OLP_Kin       =    0.66927
  Set_Nonlocal      =    3.09795
  Set_ProExpn_VNA   =    0.00000
  Set_Hamiltonian   =   14.53771
  Poisson           =    0.17183
  diagonalization   =  385.92891
  Mixing_DM         =    0.02395
  Force             =    2.73354
  Total_Energy      =    1.22463
  Set_Aden_Grid     =    0.20217
  Set_Orbitals_Grid =    0.56193
  Set_Density_Grid  =    8.62920
  RestartFileDFT    =    1.28728
  Mulliken_Charge   =    0.10627
  FFT(2D)_Density   =    0.00000

The SCF was achieved at MD=   1

*******************************************************
             MD or geometry opt. at MD = 1              
*******************************************************


outputting data on grids to files...

Save the scfout file (.//openmx.scfout)

***********************************************************
***********************************************************
               Computational Time (second)                 
***********************************************************
***********************************************************

                               Min_ID   Min_Time       Max_ID   Max_Time
   Total Computational Time =     4      433.109          0      434.488
   readfile                 =   241        0.410          0        0.890
   truncation               =   161       10.027        221       10.230
   MD_pac                   =     0        0.057         63        0.061
   OutData                  =     4        0.000          0        0.024
   DFT                      =   221      419.389          0      419.612

*** In DFT ***

   Set_OLP_Kin              =   228        0.667        227        1.364
   Set_Nonlocal             =    29        2.404        228        3.101
   Set_ProExpn_VNA          =     0        0.000          0        0.000
   Set_Hamiltonian          =    88       14.538        160       14.539
   Poisson                  =     5        0.170         91        0.172
   Diagonalization          =     0      385.929          1      385.934
   Mixing_DM                =    10        0.024        217        0.024
   Force                    =   217        2.734        174        2.734
   Total_Energy             =   137        1.199          0        1.225
   Set_Aden_Grid            =   212        0.195        151        0.207
   Set_Orbitals_Grid        =    82        0.547        149        1.124
   Set_Density_Grid         =    50        8.580         63        8.669
   RestartFileDFT           =    29        0.671        100        1.386
   Mulliken_Charge          =   228        0.096         64        0.110
   FFT(2D)_Density          =     0        0.000          0        0.000
   Others                   =   195        0.171         42        0.521

The calculation was normally finished.
