============================================================
Currently Loaded Modulefiles:
 1) intel/oneapi/2023.2.0  
MKLROOT=/apps/support/intel_spr_rocky8.9/oneapi/2023.2.0/mkl/2023.2.0
============================================================
Job ID: tyy
Job name: tyy
Number of nodes: 1
Number of processors: 32
Task is running on the following nodes:
qhcn025
OMP_NUM_THREADS = 1
============================================================


The number of threads in each node for OpenMP parallelization is 1.


*******************************************************
*******************************************************
 Welcome to OpenMX   Ver. 3.9.9                           
 Copyright (C), 2002-2019, T. Ozaki                    
 OpenMX comes with ABSOLUTELY NO WARRANTY.             
 This is free software, and you are welcome to         
 redistribute it under the constitution of the GNU-GPL.
*******************************************************
*******************************************************



<Input_std>  Your input file was normally read.
<Input_std>  The system includes 1 species and 98 atoms.

*******************************************************
                     PAO and VPS                       
*******************************************************

<SetPara_DFT>  PAOs of species C were normally found.
<SetPara_DFT>  VPSs of species C were normally found.
               C_PBE19.vps is j-dependent.
               In case of scf.SpinOrbit.Coupling=off,
               j-dependent pseudo potentials are averaged by j-degeneracy,
               which corresponds to a scalar relativistic treatment.

*******************************************************
     Fourier transform of PAO and projectors of VNL    
*******************************************************

<FT_PAO>          Fourier transform of pseudo atomic orbitals
<FT_NLP>          Fourier transform of non-local projectors

*******************************************************
  Allocation of atoms to processors at MD_iter=    1     
*******************************************************

 proc =   0  # of atoms=   3  estimated weight=         3.00000
 proc =   1  # of atoms=   3  estimated weight=         3.00000
 proc =   2  # of atoms=   3  estimated weight=         3.00000
 proc =   3  # of atoms=   3  estimated weight=         3.00000
 proc =   4  # of atoms=   3  estimated weight=         3.00000
 proc =   5  # of atoms=   3  estimated weight=         3.00000
 proc =   6  # of atoms=   3  estimated weight=         3.00000
 proc =   7  # of atoms=   3  estimated weight=         3.00000
 proc =   8  # of atoms=   3  estimated weight=         3.00000
 proc =   9  # of atoms=   3  estimated weight=         3.00000
 proc =  10  # of atoms=   3  estimated weight=         3.00000
 proc =  11  # of atoms=   3  estimated weight=         3.00000
 proc =  12  # of atoms=   3  estimated weight=         3.00000
 proc =  13  # of atoms=   3  estimated weight=         3.00000
 proc =  14  # of atoms=   3  estimated weight=         3.00000
 proc =  15  # of atoms=   4  estimated weight=         4.00000
 proc =  16  # of atoms=   3  estimated weight=         3.00000
 proc =  17  # of atoms=   3  estimated weight=         3.00000
 proc =  18  # of atoms=   3  estimated weight=         3.00000
 proc =  19  # of atoms=   3  estimated weight=         3.00000
 proc =  20  # of atoms=   3  estimated weight=         3.00000
 proc =  21  # of atoms=   3  estimated weight=         3.00000
 proc =  22  # of atoms=   3  estimated weight=         3.00000
 proc =  23  # of atoms=   3  estimated weight=         3.00000
 proc =  24  # of atoms=   3  estimated weight=         3.00000
 proc =  25  # of atoms=   3  estimated weight=         3.00000
 proc =  26  # of atoms=   3  estimated weight=         3.00000
 proc =  27  # of atoms=   3  estimated weight=         3.00000
 proc =  28  # of atoms=   3  estimated weight=         3.00000
 proc =  29  # of atoms=   3  estimated weight=         3.00000
 proc =  30  # of atoms=   3  estimated weight=         3.00000
 proc =  31  # of atoms=   4  estimated weight=         4.00000




*******************************************************
        Analysis of neighbors and setting of grids        
*******************************************************

TFNAN=    4410   Average FNAN=  45.00000
TSNAN=       0   Average SNAN=   0.00000
<truncation> CpyCell= 1 ct_AN=   1 FNAN SNAN  45   0
<truncation> CpyCell= 1 ct_AN=   2 FNAN SNAN  45   0
<truncation> CpyCell= 1 ct_AN=   3 FNAN SNAN  45   0
<truncation> CpyCell= 1 ct_AN=   4 FNAN SNAN  45   0
<truncation> CpyCell= 1 ct_AN=   5 FNAN SNAN  45   0
<truncation> CpyCell= 1 ct_AN=   6 FNAN SNAN  45   0
<truncation> CpyCell= 1 ct_AN=   7 FNAN SNAN  45   0
<truncation> CpyCell= 1 ct_AN=   8 FNAN SNAN  45   0
<truncation> CpyCell= 1 ct_AN=   9 FNAN SNAN  45   0
<truncation> CpyCell= 1 ct_AN=  10 FNAN SNAN  45   0
<truncation> CpyCell= 1 ct_AN=  11 FNAN SNAN  45   0
<truncation> CpyCell= 1 ct_AN=  12 FNAN SNAN  45   0
<truncation> CpyCell= 1 ct_AN=  13 FNAN SNAN  45   0
<truncation> CpyCell= 1 ct_AN=  14 FNAN SNAN  45   0
<truncation> CpyCell= 1 ct_AN=  15 FNAN SNAN  45   0
<truncation> CpyCell= 1 ct_AN=  16 FNAN SNAN  45   0
<truncation> CpyCell= 1 ct_AN=  17 FNAN SNAN  45   0
<truncation> CpyCell= 1 ct_AN=  18 FNAN SNAN  45   0
<truncation> CpyCell= 1 ct_AN=  19 FNAN SNAN  45   0
<truncation> CpyCell= 1 ct_AN=  20 FNAN SNAN  45   0
     ..........
     ......

TFNAN=    4410   Average FNAN=  45.00000
TSNAN=       0   Average SNAN=   0.00000
<truncation> CpyCell= 2 ct_AN=   1 FNAN SNAN  45   0
<truncation> CpyCell= 2 ct_AN=   2 FNAN SNAN  45   0
<truncation> CpyCell= 2 ct_AN=   3 FNAN SNAN  45   0
<truncation> CpyCell= 2 ct_AN=   4 FNAN SNAN  45   0
<truncation> CpyCell= 2 ct_AN=   5 FNAN SNAN  45   0
<truncation> CpyCell= 2 ct_AN=   6 FNAN SNAN  45   0
<truncation> CpyCell= 2 ct_AN=   7 FNAN SNAN  45   0
<truncation> CpyCell= 2 ct_AN=   8 FNAN SNAN  45   0
<truncation> CpyCell= 2 ct_AN=   9 FNAN SNAN  45   0
<truncation> CpyCell= 2 ct_AN=  10 FNAN SNAN  45   0
<truncation> CpyCell= 2 ct_AN=  11 FNAN SNAN  45   0
<truncation> CpyCell= 2 ct_AN=  12 FNAN SNAN  45   0
<truncation> CpyCell= 2 ct_AN=  13 FNAN SNAN  45   0
<truncation> CpyCell= 2 ct_AN=  14 FNAN SNAN  45   0
<truncation> CpyCell= 2 ct_AN=  15 FNAN SNAN  45   0
<truncation> CpyCell= 2 ct_AN=  16 FNAN SNAN  45   0
<truncation> CpyCell= 2 ct_AN=  17 FNAN SNAN  45   0
<truncation> CpyCell= 2 ct_AN=  18 FNAN SNAN  45   0
<truncation> CpyCell= 2 ct_AN=  19 FNAN SNAN  45   0
<truncation> CpyCell= 2 ct_AN=  20 FNAN SNAN  45   0
     ..........
     ......

TFNAN=    4410   Average FNAN=  45.00000
TSNAN=       0   Average SNAN=   0.00000
<truncation> CpyCell= 2 ct_AN=   1 FNAN SNAN  45   0
<truncation> CpyCell= 2 ct_AN=   2 FNAN SNAN  45   0
<truncation> CpyCell= 2 ct_AN=   3 FNAN SNAN  45   0
<truncation> CpyCell= 2 ct_AN=   4 FNAN SNAN  45   0
<truncation> CpyCell= 2 ct_AN=   5 FNAN SNAN  45   0
<truncation> CpyCell= 2 ct_AN=   6 FNAN SNAN  45   0
<truncation> CpyCell= 2 ct_AN=   7 FNAN SNAN  45   0
<truncation> CpyCell= 2 ct_AN=   8 FNAN SNAN  45   0
<truncation> CpyCell= 2 ct_AN=   9 FNAN SNAN  45   0
<truncation> CpyCell= 2 ct_AN=  10 FNAN SNAN  45   0
<truncation> CpyCell= 2 ct_AN=  11 FNAN SNAN  45   0
<truncation> CpyCell= 2 ct_AN=  12 FNAN SNAN  45   0
<truncation> CpyCell= 2 ct_AN=  13 FNAN SNAN  45   0
<truncation> CpyCell= 2 ct_AN=  14 FNAN SNAN  45   0
<truncation> CpyCell= 2 ct_AN=  15 FNAN SNAN  45   0
<truncation> CpyCell= 2 ct_AN=  16 FNAN SNAN  45   0
<truncation> CpyCell= 2 ct_AN=  17 FNAN SNAN  45   0
<truncation> CpyCell= 2 ct_AN=  18 FNAN SNAN  45   0
<truncation> CpyCell= 2 ct_AN=  19 FNAN SNAN  45   0
<truncation> CpyCell= 2 ct_AN=  20 FNAN SNAN  45   0
     ..........
     ......

<Check_System> The system is slab.
lattice vectors (bohr)
A  = 32.541081523329,  0.000000000000,  0.000000000000
B  = -16.270540761665, 28.181403265827,  0.000000000000
C  =  0.000000000000,  0.000000000000, 22.676711862947
reciprocal lattice vectors (bohr^-1)
RA =  0.193084710558,  0.111477509617, -0.000000000000
RB =  0.000000000000,  0.222955019234,  0.000000000000
RC =  0.000000000000, -0.000000000000,  0.277076559651
Grid_Origin -1.104072408827 -0.570337923238 -11.237120610657
Cell_Volume =  20795.754379419846 (Bohr^3)
GridVol     =      0.009473284612 (Bohr^3)
Grid_Origin -1.104072408827 -0.570337923238 -11.237120610657
Cell_Volume =  20795.754379419846 (Bohr^3)
GridVol     =      0.009473284612 (Bohr^3)
<UCell_Box> Info. of cutoff energy and num. of grids
lattice vectors (bohr)
A  = 32.541081523329,  0.000000000000,  0.000000000000
B  = -16.270540761665, 28.181403265827,  0.000000000000
C  =  0.000000000000,  0.000000000000, 22.676711862947
reciprocal lattice vectors (bohr^-1)
RA =  0.193084710558,  0.111477509617, -0.000000000000
RB =  0.000000000000,  0.222955019234,  0.000000000000
RC =  0.000000000000, -0.000000000000,  0.277076559651
Required cutoff energy (Ryd) for 3D-grids = 250.0000
    Used cutoff energy (Ryd) for 3D-grids = 243.5738, 243.5738, 240.7552
Num. of grids of a-, b-, and c-axes = 140, 140, 112
Grid_Origin -1.104072408827 -0.570337923238 -11.237120610657
Cell_Volume =  20795.754379419846 (Bohr^3)
GridVol     =      0.009473284612 (Bohr^3)
Cell vectors (bohr) of the grid cell (gtv)
  gtv_a =  0.232436296595,  0.000000000000,  0.000000000000
  gtv_b = -0.116218148298,  0.201295737613,  0.000000000000
  gtv_c =  0.000000000000,  0.000000000000,  0.202470641633
  |gtv_a| =  0.232436296595
  |gtv_b| =  0.232436296595
  |gtv_c| =  0.202470641633
Num. of grids overlapping with atom    1 = 95490
Num. of grids overlapping with atom    2 = 95490
Num. of grids overlapping with atom    3 = 95490
Num. of grids overlapping with atom    4 = 95490
Num. of grids overlapping with atom    5 = 95490
Num. of grids overlapping with atom    6 = 95490
Num. of grids overlapping with atom    7 = 95490
Num. of grids overlapping with atom    8 = 95490
Num. of grids overlapping with atom    9 = 95490
Num. of grids overlapping with atom   10 = 95490
Num. of grids overlapping with atom   11 = 95490
Num. of grids overlapping with atom   12 = 95490
Num. of grids overlapping with atom   13 = 95490
Num. of grids overlapping with atom   14 = 95490
Num. of grids overlapping with atom   15 = 95490
Num. of grids overlapping with atom   16 = 95490
Num. of grids overlapping with atom   17 = 95490
Num. of grids overlapping with atom   18 = 95490
Num. of grids overlapping with atom   19 = 95490
Num. of grids overlapping with atom   20 = 95490
     ..........
     ......


*******************************************************
             SCF calculation at MD = 1                
*******************************************************

<MD= 1>  Calculation of the overlap matrix
<MD= 1>  Calculation of the nonlocal matrix

******************* MD= 1  SCF= 1 *******************
<Cluster>  Solving the eigenvalue problem...
    1    C  MulP   2.0000  2.0000 sum   4.0000
    2    C  MulP   2.0000  2.0000 sum   4.0000
    3    C  MulP   2.0000  2.0000 sum   4.0000
    4    C  MulP   2.0000  2.0000 sum   4.0000
    5    C  MulP   2.0000  2.0000 sum   4.0000
    6    C  MulP   2.0000  2.0000 sum   4.0000
    7    C  MulP   2.0000  2.0000 sum   4.0000
    8    C  MulP   2.0000  2.0000 sum   4.0000
    9    C  MulP   2.0000  2.0000 sum   4.0000
   10    C  MulP   2.0000  2.0000 sum   4.0000
   11    C  MulP   2.0000  2.0000 sum   4.0000
   12    C  MulP   2.0000  2.0000 sum   4.0000
   13    C  MulP   2.0000  2.0000 sum   4.0000
   14    C  MulP   2.0000  2.0000 sum   4.0000
   15    C  MulP   2.0000  2.0000 sum   4.0000
   16    C  MulP   2.0000  2.0000 sum   4.0000
   17    C  MulP   2.0000  2.0000 sum   4.0000
   18    C  MulP   2.0000  2.0000 sum   4.0001
   19    C  MulP   2.0000  2.0000 sum   4.0001
   20    C  MulP   1.9999  1.9999 sum   3.9998
     ..........
     ......

 Sum of MulP: up   =   196.00000 down          =   196.00000
              total=   392.00000 ideal(neutral)=   392.00000
<DFT>  Total Spin Moment (muB) =  0.000000000000
<DFT>  Mixing_weight= 0.300000000000
<DFT>  Uele   = -159.188912124451  dUele     =   1.000000000000
<DFT>  NormRD =    1.000000000000  Criterion =   0.000000001000

******************* MD= 1  SCF= 2 *******************
<Poisson>  Poisson's equation using FFT...
<Set_Hamiltonian>  Hamiltonian matrix for VNA+dVH+Vxc...
<Cluster>  Solving the eigenvalue problem...
    1    C  MulP   2.0000  2.0000 sum   4.0000
    2    C  MulP   2.0000  2.0000 sum   4.0000
    3    C  MulP   2.0000  2.0000 sum   4.0000
    4    C  MulP   2.0000  2.0000 sum   4.0000
    5    C  MulP   2.0000  2.0000 sum   4.0000
    6    C  MulP   2.0000  2.0000 sum   4.0000
    7    C  MulP   2.0000  2.0000 sum   4.0000
    8    C  MulP   2.0000  2.0000 sum   4.0000
    9    C  MulP   2.0000  2.0000 sum   4.0000
   10    C  MulP   2.0000  2.0000 sum   4.0000
   11    C  MulP   2.0000  2.0000 sum   4.0000
   12    C  MulP   2.0000  2.0000 sum   4.0000
   13    C  MulP   2.0000  2.0000 sum   4.0000
   14    C  MulP   2.0000  2.0000 sum   4.0000
   15    C  MulP   2.0000  2.0000 sum   4.0000
   16    C  MulP   2.0000  2.0000 sum   4.0000
   17    C  MulP   2.0000  2.0000 sum   4.0000
   18    C  MulP   1.9999  1.9999 sum   3.9999
   19    C  MulP   1.9999  1.9999 sum   3.9999
   20    C  MulP   2.0000  2.0000 sum   4.0000
     ..........
     ......

 Sum of MulP: up   =   196.00000 down          =   196.00000
              total=   392.00000 ideal(neutral)=   392.00000
<DFT>  Total Spin Moment (muB) =  0.000000000000
<DFT>  Mixing_weight= 0.400000000000
<DFT>  Uele   = -175.798549680554  dUele     =  16.609637556104
<DFT>  NormRD =    0.507128554045  Criterion =   0.000000001000

******************* MD= 1  SCF= 3 *******************
<Poisson>  Poisson's equation using FFT...
<Set_Hamiltonian>  Hamiltonian matrix for VNA+dVH+Vxc...
<Cluster>  Solving the eigenvalue problem...
    1    C  MulP   2.0000  2.0000 sum   4.0000
    2    C  MulP   2.0000  2.0000 sum   4.0000
    3    C  MulP   2.0000  2.0000 sum   4.0000
    4    C  MulP   2.0000  2.0000 sum   4.0000
    5    C  MulP   2.0000  2.0000 sum   4.0000
    6    C  MulP   2.0000  2.0000 sum   4.0000
    7    C  MulP   2.0000  2.0000 sum   4.0000
    8    C  MulP   2.0000  2.0000 sum   4.0000
    9    C  MulP   2.0000  2.0000 sum   4.0000
   10    C  MulP   2.0000  2.0000 sum   4.0000
   11    C  MulP   2.0000  2.0000 sum   4.0000
   12    C  MulP   2.0000  2.0000 sum   4.0000
   13    C  MulP   2.0000  2.0000 sum   4.0000
   14    C  MulP   2.0000  2.0000 sum   4.0000
   15    C  MulP   2.0000  2.0000 sum   4.0000
   16    C  MulP   2.0000  2.0000 sum   4.0000
   17    C  MulP   2.0000  2.0000 sum   4.0000
   18    C  MulP   2.0000  2.0000 sum   4.0000
   19    C  MulP   2.0000  2.0000 sum   4.0000
   20    C  MulP   2.0000  2.0000 sum   3.9999
     ..........
     ......

 Sum of MulP: up   =   196.00000 down          =   196.00000
              total=   392.00000 ideal(neutral)=   392.00000
<DFT>  Total Spin Moment (muB) =  0.000000000000
<DFT>  Mixing_weight= 0.400000000000
<DFT>  Uele   = -182.202586781599  dUele     =   6.404037101045
<DFT>  NormRD =    0.192020388126  Criterion =   0.000000001000

******************* MD= 1  SCF= 4 *******************
<Poisson>  Poisson's equation using FFT...
<Set_Hamiltonian>  Hamiltonian matrix for VNA+dVH+Vxc...
<Cluster>  Solving the eigenvalue problem...
    1    C  MulP   2.0000  2.0000 sum   4.0000
    2    C  MulP   2.0000  2.0000 sum   4.0000
    3    C  MulP   2.0000  2.0000 sum   4.0000
    4    C  MulP   2.0000  2.0000 sum   4.0000
    5    C  MulP   2.0000  2.0000 sum   4.0000
    6    C  MulP   2.0000  2.0000 sum   4.0000
    7    C  MulP   2.0000  2.0000 sum   4.0000
    8    C  MulP   2.0000  2.0000 sum   4.0000
    9    C  MulP   2.0000  2.0000 sum   4.0000
   10    C  MulP   2.0000  2.0000 sum   4.0000
   11    C  MulP   2.0000  2.0000 sum   4.0000
   12    C  MulP   2.0000  2.0000 sum   4.0000
   13    C  MulP   2.0000  2.0000 sum   4.0000
   14    C  MulP   2.0000  2.0000 sum   4.0000
   15    C  MulP   2.0000  2.0000 sum   4.0000
   16    C  MulP   2.0000  2.0000 sum   4.0000
   17    C  MulP   2.0000  2.0000 sum   4.0000
   18    C  MulP   2.0000  2.0000 sum   3.9999
   19    C  MulP   2.0000  2.0000 sum   4.0000
   20    C  MulP   2.0000  2.0000 sum   4.0000
     ..........
     ......

 Sum of MulP: up   =   196.00000 down          =   196.00000
              total=   392.00000 ideal(neutral)=   392.00000
<DFT>  Total Spin Moment (muB) =  0.000000000000
<DFT>  Mixing_weight= 0.400000000000
<DFT>  Uele   = -184.643550854208  dUele     =   2.440964072609
<DFT>  NormRD =    0.071740200500  Criterion =   0.000000001000

******************* MD= 1  SCF= 5 *******************
<Poisson>  Poisson's equation using FFT...
<Set_Hamiltonian>  Hamiltonian matrix for VNA+dVH+Vxc...
<Cluster>  Solving the eigenvalue problem...
    1    C  MulP   2.0000  2.0000 sum   4.0000
    2    C  MulP   2.0000  2.0000 sum   4.0000
    3    C  MulP   2.0000  2.0000 sum   4.0000
    4    C  MulP   2.0000  2.0000 sum   4.0000
    5    C  MulP   2.0000  2.0000 sum   4.0000
    6    C  MulP   2.0000  2.0000 sum   4.0000
    7    C  MulP   2.0000  2.0000 sum   4.0000
    8    C  MulP   2.0000  2.0000 sum   4.0000
    9    C  MulP   2.0000  2.0000 sum   4.0000
   10    C  MulP   2.0000  2.0000 sum   4.0000
   11    C  MulP   2.0000  2.0000 sum   4.0000
   12    C  MulP   2.0000  2.0000 sum   4.0000
   13    C  MulP   2.0000  2.0000 sum   4.0000
   14    C  MulP   2.0000  2.0000 sum   4.0000
   15    C  MulP   2.0000  2.0000 sum   4.0000
   16    C  MulP   2.0000  2.0000 sum   4.0000
   17    C  MulP   2.0000  2.0000 sum   4.0000
   18    C  MulP   2.0000  2.0000 sum   4.0000
   19    C  MulP   2.0000  2.0000 sum   4.0000
   20    C  MulP   2.0000  2.0000 sum   3.9999
     ..........
     ......

 Sum of MulP: up   =   196.00000 down          =   196.00000
              total=   392.00000 ideal(neutral)=   392.00000
<DFT>  Total Spin Moment (muB) =  0.000000000000
<DFT>  Mixing_weight= 0.400000000000
<DFT>  Uele   = -185.539195286188  dUele     =   0.895644431980
<DFT>  NormRD =    0.025696605891  Criterion =   0.000000001000

******************* MD= 1  SCF= 6 *******************
<Poisson>  Poisson's equation using FFT...
<Set_Hamiltonian>  Hamiltonian matrix for VNA+dVH+Vxc...
<Cluster>  Solving the eigenvalue problem...
    1    C  MulP   2.0000  2.0000 sum   4.0000
    2    C  MulP   2.0000  2.0000 sum   3.9999
    3    C  MulP   2.0000  2.0000 sum   4.0000
    4    C  MulP   2.0000  2.0000 sum   3.9999
    5    C  MulP   2.0000  2.0000 sum   4.0000
    6    C  MulP   2.0000  2.0000 sum   4.0000
    7    C  MulP   2.0000  2.0000 sum   4.0000
    8    C  MulP   2.0000  2.0000 sum   4.0000
    9    C  MulP   2.0000  2.0000 sum   4.0000
   10    C  MulP   2.0000  2.0000 sum   4.0000
   11    C  MulP   2.0000  2.0000 sum   4.0000
   12    C  MulP   2.0000  2.0000 sum   4.0000
   13    C  MulP   2.0000  2.0000 sum   4.0000
   14    C  MulP   2.0000  2.0000 sum   4.0000
   15    C  MulP   2.0000  2.0000 sum   4.0000
   16    C  MulP   2.0000  2.0000 sum   4.0000
   17    C  MulP   2.0000  2.0000 sum   4.0000
   18    C  MulP   2.0000  2.0000 sum   3.9999
   19    C  MulP   2.0000  2.0000 sum   4.0000
   20    C  MulP   2.0000  2.0000 sum   4.0000
     ..........
     ......

 Sum of MulP: up   =   196.00000 down          =   196.00000
              total=   392.00000 ideal(neutral)=   392.00000
<DFT>  Total Spin Moment (muB) =  0.000000000000
<DFT>  Mixing_weight= 0.022670069522
<DFT>  Uele   = -186.298669337018  dUele     =   0.759474050830
<DFT>  NormRD =    0.104835884959  Criterion =   0.000000001000

******************* MD= 1  SCF= 7 *******************
<Poisson>  Poisson's equation using FFT...
<Set_Hamiltonian>  Hamiltonian matrix for VNA+dVH+Vxc...
<Cluster>  Solving the eigenvalue problem...
    1    C  MulP   2.0000  2.0000 sum   4.0000
    2    C  MulP   2.0000  2.0000 sum   4.0001
    3    C  MulP   2.0000  2.0000 sum   4.0000
    4    C  MulP   2.0000  2.0000 sum   4.0001
    5    C  MulP   2.0000  2.0000 sum   4.0000
    6    C  MulP   2.0000  2.0000 sum   4.0000
    7    C  MulP   2.0000  2.0000 sum   4.0000
    8    C  MulP   2.0000  2.0000 sum   4.0000
    9    C  MulP   2.0000  2.0000 sum   4.0000
   10    C  MulP   2.0000  2.0000 sum   4.0000
   11    C  MulP   2.0000  2.0000 sum   4.0000
   12    C  MulP   2.0000  2.0000 sum   4.0000
   13    C  MulP   2.0000  2.0000 sum   4.0000
   14    C  MulP   2.0000  2.0000 sum   4.0001
   15    C  MulP   2.0000  2.0000 sum   4.0000
   16    C  MulP   2.0000  2.0000 sum   4.0001
   17    C  MulP   2.0000  2.0000 sum   4.0001
   18    C  MulP   2.0000  2.0000 sum   4.0000
   19    C  MulP   2.0000  2.0000 sum   4.0000
   20    C  MulP   1.9999  1.9999 sum   3.9999
     ..........
     ......

 Sum of MulP: up   =   196.00000 down          =   196.00000
              total=   392.00000 ideal(neutral)=   392.00000
<DFT>  Total Spin Moment (muB) =  0.000000000000
<DFT>  Mixing_weight= 0.010046375924
<DFT>  Uele   = -186.856994684790  dUele     =   0.558325347771
<DFT>  NormRD =    0.117516399117  Criterion =   0.000000001000

******************* MD= 1  SCF= 8 *******************
<Poisson>  Poisson's equation using FFT...
<Set_Hamiltonian>  Hamiltonian matrix for VNA+dVH+Vxc...
<Cluster>  Solving the eigenvalue problem...
    1    C  MulP   2.0000  2.0000 sum   4.0000
    2    C  MulP   2.0000  2.0000 sum   4.0001
    3    C  MulP   2.0000  2.0000 sum   4.0000
    4    C  MulP   2.0000  2.0000 sum   4.0001
    5    C  MulP   2.0000  2.0000 sum   4.0000
    6    C  MulP   2.0000  2.0000 sum   4.0000
    7    C  MulP   2.0000  2.0000 sum   4.0000
    8    C  MulP   2.0000  2.0000 sum   4.0000
    9    C  MulP   2.0000  2.0000 sum   4.0000
   10    C  MulP   2.0000  2.0000 sum   4.0000
   11    C  MulP   2.0000  2.0000 sum   4.0000
   12    C  MulP   2.0000  2.0000 sum   4.0000
   13    C  MulP   2.0000  2.0000 sum   4.0000
   14    C  MulP   2.0000  2.0000 sum   4.0001
   15    C  MulP   2.0000  2.0000 sum   4.0000
   16    C  MulP   2.0000  2.0000 sum   4.0001
   17    C  MulP   2.0000  2.0000 sum   4.0001
   18    C  MulP   2.0000  2.0000 sum   4.0000
   19    C  MulP   2.0000  2.0000 sum   4.0000
   20    C  MulP   1.9999  1.9999 sum   3.9999
     ..........
     ......

 Sum of MulP: up   =   196.00000 down          =   196.00000
              total=   392.00000 ideal(neutral)=   392.00000
<DFT>  Total Spin Moment (muB) =  0.000000000000
<DFT>  Mixing_weight= 0.379040721469
<DFT>  Uele   = -186.842731130685  dUele     =   0.014263554104
<DFT>  NormRD =    0.115948569798  Criterion =   0.000000001000

******************* MD= 1  SCF= 9 *******************
<Poisson>  Poisson's equation using FFT...
<Set_Hamiltonian>  Hamiltonian matrix for VNA+dVH+Vxc...
<Cluster>  Solving the eigenvalue problem...
    1    C  MulP   2.0000  2.0000 sum   4.0000
    2    C  MulP   2.0000  2.0000 sum   3.9999
    3    C  MulP   2.0000  2.0000 sum   4.0000
    4    C  MulP   2.0000  2.0000 sum   3.9999
    5    C  MulP   2.0000  2.0000 sum   4.0000
    6    C  MulP   2.0000  2.0000 sum   4.0000
    7    C  MulP   2.0000  2.0000 sum   4.0000
    8    C  MulP   2.0000  2.0000 sum   4.0000
    9    C  MulP   2.0000  2.0000 sum   4.0000
   10    C  MulP   2.0000  2.0000 sum   4.0000
   11    C  MulP   2.0000  2.0000 sum   4.0000
   12    C  MulP   2.0000  2.0000 sum   4.0000
   13    C  MulP   2.0000  2.0000 sum   4.0000
   14    C  MulP   2.0000  2.0000 sum   4.0000
   15    C  MulP   2.0000  2.0000 sum   4.0000
   16    C  MulP   2.0000  2.0000 sum   4.0000
   17    C  MulP   2.0000  2.0000 sum   4.0000
   18    C  MulP   2.0000  2.0000 sum   3.9999
   19    C  MulP   2.0000  2.0000 sum   4.0000
   20    C  MulP   2.0000  2.0000 sum   4.0000
     ..........
     ......

 Sum of MulP: up   =   196.00000 down          =   196.00000
              total=   392.00000 ideal(neutral)=   392.00000
<DFT>  Total Spin Moment (muB) =  0.000000000000
<DFT>  Mixing_weight= 0.400000000000
<DFT>  Uele   = -186.312512731292  dUele     =   0.530218399394
<DFT>  NormRD =    0.057725645048  Criterion =   0.000000001000

******************* MD= 1  SCF=10 *******************
<Poisson>  Poisson's equation using FFT...
<Set_Hamiltonian>  Hamiltonian matrix for VNA+dVH+Vxc...
<Cluster>  Solving the eigenvalue problem...
    1    C  MulP   2.0000  2.0000 sum   4.0000
    2    C  MulP   2.0000  2.0000 sum   4.0001
    3    C  MulP   2.0000  2.0000 sum   4.0000
    4    C  MulP   2.0000  2.0000 sum   4.0000
    5    C  MulP   2.0000  2.0000 sum   4.0000
    6    C  MulP   2.0000  2.0000 sum   4.0000
    7    C  MulP   2.0000  2.0000 sum   4.0000
    8    C  MulP   2.0000  2.0000 sum   4.0000
    9    C  MulP   2.0000  2.0000 sum   4.0000
   10    C  MulP   2.0000  2.0000 sum   4.0000
   11    C  MulP   2.0000  2.0000 sum   4.0000
   12    C  MulP   2.0000  2.0000 sum   4.0000
   13    C  MulP   2.0000  2.0000 sum   4.0000
   14    C  MulP   2.0000  2.0000 sum   4.0000
   15    C  MulP   2.0000  2.0000 sum   4.0000
   16    C  MulP   2.0000  2.0000 sum   4.0001
   17    C  MulP   2.0000  2.0000 sum   4.0000
   18    C  MulP   2.0000  2.0000 sum   4.0000
   19    C  MulP   2.0000  2.0000 sum   4.0000
   20    C  MulP   2.0000  2.0000 sum   3.9999
     ..........
     ......

 Sum of MulP: up   =   196.00000 down          =   196.00000
              total=   392.00000 ideal(neutral)=   392.00000
<DFT>  Total Spin Moment (muB) =  0.000000000000
<DFT>  Mixing_weight= 0.400000000000
<DFT>  Uele   = -186.063651601508  dUele     =   0.248861129784
<DFT>  NormRD =    0.027947689135  Criterion =   0.000000001000

******************* MD= 1  SCF=11 *******************
<Poisson>  Poisson's equation using FFT...
<Set_Hamiltonian>  Hamiltonian matrix for VNA+dVH+Vxc...
<Cluster>  Solving the eigenvalue problem...
    1    C  MulP   2.0000  2.0000 sum   4.0000
    2    C  MulP   2.0000  2.0000 sum   3.9999
    3    C  MulP   2.0000  2.0000 sum   4.0000
    4    C  MulP   2.0000  2.0000 sum   4.0000
    5    C  MulP   2.0000  2.0000 sum   4.0000
    6    C  MulP   2.0000  2.0000 sum   4.0000
    7    C  MulP   2.0000  2.0000 sum   4.0000
    8    C  MulP   2.0000  2.0000 sum   4.0000
    9    C  MulP   2.0000  2.0000 sum   4.0000
   10    C  MulP   2.0000  2.0000 sum   4.0000
   11    C  MulP   2.0000  2.0000 sum   4.0000
   12    C  MulP   2.0000  2.0000 sum   4.0000
   13    C  MulP   2.0000  2.0000 sum   4.0000
   14    C  MulP   2.0000  2.0000 sum   4.0000
   15    C  MulP   2.0000  2.0000 sum   4.0000
   16    C  MulP   2.0000  2.0000 sum   4.0000
   17    C  MulP   2.0000  2.0000 sum   4.0000
   18    C  MulP   2.0000  2.0000 sum   3.9999
   19    C  MulP   2.0000  2.0000 sum   4.0000
   20    C  MulP   2.0000  2.0000 sum   4.0000
     ..........
     ......

 Sum of MulP: up   =   196.00000 down          =   196.00000
              total=   392.00000 ideal(neutral)=   392.00000
<DFT>  Total Spin Moment (muB) =  0.000000000000
<DFT>  Mixing_weight= 0.400000000000
<DFT>  Uele   = -185.960787198482  dUele     =   0.102864403026
<DFT>  NormRD =    0.014004133759  Criterion =   0.000000001000

******************* MD= 1  SCF=12 *******************
<Poisson>  Poisson's equation using FFT...
<Set_Hamiltonian>  Hamiltonian matrix for VNA+dVH+Vxc...
<Cluster>  Solving the eigenvalue problem...
    1    C  MulP   2.0002  2.0002 sum   4.0003
    2    C  MulP   2.0002  2.0002 sum   4.0004
    3    C  MulP   2.0001  2.0001 sum   4.0002
    4    C  MulP   2.0001  2.0001 sum   4.0002
    5    C  MulP   2.0000  2.0000 sum   4.0000
    6    C  MulP   2.0000  2.0000 sum   3.9999
    7    C  MulP   1.9999  1.9999 sum   3.9999
    8    C  MulP   1.9999  1.9999 sum   3.9999
    9    C  MulP   2.0000  2.0000 sum   4.0000
   10    C  MulP   2.0000  2.0000 sum   4.0000
   11    C  MulP   2.0001  2.0001 sum   4.0002
   12    C  MulP   2.0001  2.0001 sum   4.0002
   13    C  MulP   2.0002  2.0002 sum   4.0004
   14    C  MulP   2.0002  2.0002 sum   4.0004
   15    C  MulP   2.0001  2.0001 sum   4.0002
   16    C  MulP   2.0001  2.0001 sum   4.0002
   17    C  MulP   2.0001  2.0001 sum   4.0002
   18    C  MulP   2.0001  2.0001 sum   4.0001
   19    C  MulP   1.9999  1.9999 sum   3.9998
   20    C  MulP   1.9999  1.9999 sum   3.9997
     ..........
     ......

 Sum of MulP: up   =   196.00000 down          =   196.00000
              total=   392.00000 ideal(neutral)=   392.00000
<DFT>  Total Spin Moment (muB) =  0.000000000000
<DFT>  Mixing_weight= 0.400000000000
<DFT>  Uele   = -185.893523486137  dUele     =   0.067263712345
<DFT>  NormRD =    0.004994763943  Criterion =   0.000000001000

******************* MD= 1  SCF=13 *******************
<Poisson>  Poisson's equation using FFT...
<Set_Hamiltonian>  Hamiltonian matrix for VNA+dVH+Vxc...
<Cluster>  Solving the eigenvalue problem...
    1    C  MulP   1.9999  1.9999 sum   3.9999
    2    C  MulP   1.9999  1.9999 sum   3.9999
    3    C  MulP   2.0000  2.0000 sum   4.0000
    4    C  MulP   2.0000  2.0000 sum   3.9999
    5    C  MulP   2.0000  2.0000 sum   4.0000
    6    C  MulP   2.0000  2.0000 sum   4.0000
    7    C  MulP   2.0000  2.0000 sum   4.0001
    8    C  MulP   2.0000  2.0000 sum   4.0001
    9    C  MulP   2.0000  2.0000 sum   4.0000
   10    C  MulP   2.0000  2.0000 sum   4.0000
   11    C  MulP   2.0000  2.0000 sum   3.9999
   12    C  MulP   2.0000  2.0000 sum   3.9999
   13    C  MulP   1.9999  1.9999 sum   3.9999
   14    C  MulP   1.9999  1.9999 sum   3.9999
   15    C  MulP   2.0000  2.0000 sum   3.9999
   16    C  MulP   2.0000  2.0000 sum   4.0000
   17    C  MulP   2.0000  2.0000 sum   4.0000
   18    C  MulP   1.9999  1.9999 sum   3.9999
   19    C  MulP   2.0000  2.0000 sum   4.0000
   20    C  MulP   2.0000  2.0000 sum   4.0000
     ..........
     ......

 Sum of MulP: up   =   196.00000 down          =   196.00000
              total=   392.00000 ideal(neutral)=   392.00000
<DFT>  Total Spin Moment (muB) =  0.000000000000
<DFT>  Mixing_weight= 0.400000000000
<DFT>  Uele   = -185.898165372380  dUele     =   0.004641886243
<DFT>  NormRD =    0.001853786061  Criterion =   0.000000001000

******************* MD= 1  SCF=14 *******************
<Poisson>  Poisson's equation using FFT...
<Set_Hamiltonian>  Hamiltonian matrix for VNA+dVH+Vxc...
<Cluster>  Solving the eigenvalue problem...
    1    C  MulP   2.0000  2.0000 sum   4.0000
    2    C  MulP   2.0000  2.0000 sum   4.0000
    3    C  MulP   2.0000  2.0000 sum   4.0000
    4    C  MulP   2.0000  2.0000 sum   3.9999
    5    C  MulP   2.0000  2.0000 sum   3.9999
    6    C  MulP   2.0000  2.0000 sum   4.0000
    7    C  MulP   2.0000  2.0000 sum   4.0000
    8    C  MulP   2.0000  2.0000 sum   4.0000
    9    C  MulP   2.0000  2.0000 sum   4.0000
   10    C  MulP   2.0000  2.0000 sum   4.0000
   11    C  MulP   2.0000  2.0000 sum   4.0000
   12    C  MulP   2.0000  2.0000 sum   4.0000
   13    C  MulP   2.0000  2.0000 sum   4.0000
   14    C  MulP   2.0000  2.0000 sum   4.0000
   15    C  MulP   2.0000  2.0000 sum   4.0000
   16    C  MulP   2.0000  2.0000 sum   4.0000
   17    C  MulP   2.0000  2.0000 sum   4.0000
   18    C  MulP   2.0000  2.0000 sum   3.9999
   19    C  MulP   2.0000  2.0000 sum   3.9999
   20    C  MulP   2.0000  2.0000 sum   4.0000
     ..........
     ......

 Sum of MulP: up   =   196.00000 down          =   196.00000
              total=   392.00000 ideal(neutral)=   392.00000
<DFT>  Total Spin Moment (muB) =  0.000000000000
<DFT>  Mixing_weight= 0.400000000000
<DFT>  Uele   = -185.888739723177  dUele     =   0.009425649203
<DFT>  NormRD =    0.000384933495  Criterion =   0.000000001000

******************* MD= 1  SCF=15 *******************
<Poisson>  Poisson's equation using FFT...
<Set_Hamiltonian>  Hamiltonian matrix for VNA+dVH+Vxc...
<Cluster>  Solving the eigenvalue problem...
    1    C  MulP   2.0000  2.0000 sum   4.0000
    2    C  MulP   2.0000  2.0000 sum   4.0000
    3    C  MulP   2.0000  2.0000 sum   4.0000
    4    C  MulP   2.0000  2.0000 sum   4.0000
    5    C  MulP   2.0000  2.0000 sum   4.0000
    6    C  MulP   2.0000  2.0000 sum   4.0000
    7    C  MulP   2.0000  2.0000 sum   4.0000
    8    C  MulP   2.0000  2.0000 sum   4.0000
    9    C  MulP   2.0000  2.0000 sum   4.0000
   10    C  MulP   2.0000  2.0000 sum   4.0000
   11    C  MulP   2.0000  2.0000 sum   4.0000
   12    C  MulP   2.0000  2.0000 sum   4.0000
   13    C  MulP   2.0000  2.0000 sum   4.0000
   14    C  MulP   2.0000  2.0000 sum   4.0000
   15    C  MulP   2.0000  2.0000 sum   4.0000
   16    C  MulP   2.0000  2.0000 sum   4.0000
   17    C  MulP   2.0000  2.0000 sum   4.0000
   18    C  MulP   2.0000  2.0000 sum   3.9999
   19    C  MulP   2.0000  2.0000 sum   4.0000
   20    C  MulP   2.0000  2.0000 sum   3.9999
     ..........
     ......

 Sum of MulP: up   =   196.00000 down          =   196.00000
              total=   392.00000 ideal(neutral)=   392.00000
<DFT>  Total Spin Moment (muB) =  0.000000000000
<DFT>  Mixing_weight= 0.400000000000
<DFT>  Uele   = -185.888708764497  dUele     =   0.000030958680
<DFT>  NormRD =    0.000022552151  Criterion =   0.000000001000

******************* MD= 1  SCF=16 *******************
<Poisson>  Poisson's equation using FFT...
<Set_Hamiltonian>  Hamiltonian matrix for VNA+dVH+Vxc...
<Cluster>  Solving the eigenvalue problem...
    1    C  MulP   2.0000  2.0000 sum   4.0000
    2    C  MulP   2.0000  2.0000 sum   4.0000
    3    C  MulP   2.0000  2.0000 sum   4.0000
    4    C  MulP   2.0000  2.0000 sum   4.0000
    5    C  MulP   2.0000  2.0000 sum   4.0000
    6    C  MulP   2.0000  2.0000 sum   4.0000
    7    C  MulP   2.0000  2.0000 sum   4.0000
    8    C  MulP   2.0000  2.0000 sum   4.0000
    9    C  MulP   2.0000  2.0000 sum   4.0000
   10    C  MulP   2.0000  2.0000 sum   4.0000
   11    C  MulP   2.0000  2.0000 sum   4.0000
   12    C  MulP   2.0000  2.0000 sum   4.0000
   13    C  MulP   2.0000  2.0000 sum   4.0000
   14    C  MulP   2.0000  2.0000 sum   4.0000
   15    C  MulP   2.0000  2.0000 sum   4.0000
   16    C  MulP   2.0000  2.0000 sum   4.0000
   17    C  MulP   2.0000  2.0000 sum   4.0000
   18    C  MulP   2.0000  2.0000 sum   3.9999
   19    C  MulP   2.0000  2.0000 sum   4.0000
   20    C  MulP   2.0000  2.0000 sum   3.9999
     ..........
     ......

 Sum of MulP: up   =   196.00000 down          =   196.00000
              total=   392.00000 ideal(neutral)=   392.00000
<DFT>  Total Spin Moment (muB) =  0.000000000000
<DFT>  Mixing_weight= 0.400000000000
<DFT>  Uele   = -185.888873294051  dUele     =   0.000164529554
<DFT>  NormRD =    0.000018157728  Criterion =   0.000000001000

******************* MD= 1  SCF=17 *******************
<Poisson>  Poisson's equation using FFT...
<Set_Hamiltonian>  Hamiltonian matrix for VNA+dVH+Vxc...
<Cluster>  Solving the eigenvalue problem...
    1    C  MulP   2.0000  2.0000 sum   4.0000
    2    C  MulP   2.0000  2.0000 sum   4.0000
    3    C  MulP   2.0000  2.0000 sum   4.0000
    4    C  MulP   2.0000  2.0000 sum   4.0000
    5    C  MulP   2.0000  2.0000 sum   4.0000
    6    C  MulP   2.0000  2.0000 sum   4.0000
    7    C  MulP   2.0000  2.0000 sum   4.0000
    8    C  MulP   2.0000  2.0000 sum   4.0000
    9    C  MulP   2.0000  2.0000 sum   4.0000
   10    C  MulP   2.0000  2.0000 sum   4.0000
   11    C  MulP   2.0000  2.0000 sum   4.0000
   12    C  MulP   2.0000  2.0000 sum   4.0000
   13    C  MulP   2.0000  2.0000 sum   4.0000
   14    C  MulP   2.0000  2.0000 sum   4.0000
   15    C  MulP   2.0000  2.0000 sum   4.0000
   16    C  MulP   2.0000  2.0000 sum   4.0000
   17    C  MulP   2.0000  2.0000 sum   4.0000
   18    C  MulP   2.0000  2.0000 sum   3.9999
   19    C  MulP   2.0000  2.0000 sum   4.0000
   20    C  MulP   2.0000  2.0000 sum   3.9999
     ..........
     ......

 Sum of MulP: up   =   196.00000 down          =   196.00000
              total=   392.00000 ideal(neutral)=   392.00000
<DFT>  Total Spin Moment (muB) =  0.000000000000
<DFT>  Mixing_weight= 0.400000000000
<DFT>  Uele   = -185.888879618961  dUele     =   0.000006324910
<DFT>  NormRD =    0.000001996818  Criterion =   0.000000001000

******************* MD= 1  SCF=18 *******************
<Poisson>  Poisson's equation using FFT...
<Set_Hamiltonian>  Hamiltonian matrix for VNA+dVH+Vxc...
<Cluster>  Solving the eigenvalue problem...
    1    C  MulP   2.0000  2.0000 sum   4.0000
    2    C  MulP   2.0000  2.0000 sum   4.0000
    3    C  MulP   2.0000  2.0000 sum   4.0000
    4    C  MulP   2.0000  2.0000 sum   4.0000
    5    C  MulP   2.0000  2.0000 sum   4.0000
    6    C  MulP   2.0000  2.0000 sum   4.0000
    7    C  MulP   2.0000  2.0000 sum   4.0000
    8    C  MulP   2.0000  2.0000 sum   4.0000
    9    C  MulP   2.0000  2.0000 sum   4.0000
   10    C  MulP   2.0000  2.0000 sum   4.0000
   11    C  MulP   2.0000  2.0000 sum   4.0000
   12    C  MulP   2.0000  2.0000 sum   4.0000
   13    C  MulP   2.0000  2.0000 sum   4.0000
   14    C  MulP   2.0000  2.0000 sum   4.0000
   15    C  MulP   2.0000  2.0000 sum   4.0000
   16    C  MulP   2.0000  2.0000 sum   4.0000
   17    C  MulP   2.0000  2.0000 sum   4.0000
   18    C  MulP   2.0000  2.0000 sum   3.9999
   19    C  MulP   2.0000  2.0000 sum   4.0000
   20    C  MulP   2.0000  2.0000 sum   3.9999
     ..........
     ......

 Sum of MulP: up   =   196.00000 down          =   196.00000
              total=   392.00000 ideal(neutral)=   392.00000
<DFT>  Total Spin Moment (muB) =  0.000000000000
<DFT>  Mixing_weight= 0.400000000000
<DFT>  Uele   = -185.888882068829  dUele     =   0.000002449868
<DFT>  NormRD =    0.000001788028  Criterion =   0.000000001000

******************* MD= 1  SCF=19 *******************
<Poisson>  Poisson's equation using FFT...
<Set_Hamiltonian>  Hamiltonian matrix for VNA+dVH+Vxc...
<Cluster>  Solving the eigenvalue problem...
    1    C  MulP   2.0000  2.0000 sum   4.0000
    2    C  MulP   2.0000  2.0000 sum   4.0000
    3    C  MulP   2.0000  2.0000 sum   4.0000
    4    C  MulP   2.0000  2.0000 sum   4.0000
    5    C  MulP   2.0000  2.0000 sum   4.0000
    6    C  MulP   2.0000  2.0000 sum   4.0000
    7    C  MulP   2.0000  2.0000 sum   4.0000
    8    C  MulP   2.0000  2.0000 sum   4.0000
    9    C  MulP   2.0000  2.0000 sum   4.0000
   10    C  MulP   2.0000  2.0000 sum   4.0000
   11    C  MulP   2.0000  2.0000 sum   4.0000
   12    C  MulP   2.0000  2.0000 sum   4.0000
   13    C  MulP   2.0000  2.0000 sum   4.0000
   14    C  MulP   2.0000  2.0000 sum   4.0000
   15    C  MulP   2.0000  2.0000 sum   4.0000
   16    C  MulP   2.0000  2.0000 sum   4.0000
   17    C  MulP   2.0000  2.0000 sum   4.0000
   18    C  MulP   2.0000  2.0000 sum   3.9999
   19    C  MulP   2.0000  2.0000 sum   4.0000
   20    C  MulP   2.0000  2.0000 sum   3.9999
     ..........
     ......

 Sum of MulP: up   =   196.00000 down          =   196.00000
              total=   392.00000 ideal(neutral)=   392.00000
<DFT>  Total Spin Moment (muB) =  0.000000000000
<DFT>  Mixing_weight= 0.400000000000
<DFT>  Uele   = -185.888884478730  dUele     =   0.000002409902
<DFT>  NormRD =    0.000000733952  Criterion =   0.000000001000

******************* MD= 1  SCF=20 *******************
<Poisson>  Poisson's equation using FFT...
<Set_Hamiltonian>  Hamiltonian matrix for VNA+dVH+Vxc...
<Cluster>  Solving the eigenvalue problem...
    1    C  MulP   2.0000  2.0000 sum   4.0000
    2    C  MulP   2.0000  2.0000 sum   4.0000
    3    C  MulP   2.0000  2.0000 sum   4.0000
    4    C  MulP   2.0000  2.0000 sum   4.0000
    5    C  MulP   2.0000  2.0000 sum   4.0000
    6    C  MulP   2.0000  2.0000 sum   4.0000
    7    C  MulP   2.0000  2.0000 sum   4.0000
    8    C  MulP   2.0000  2.0000 sum   4.0000
    9    C  MulP   2.0000  2.0000 sum   4.0000
   10    C  MulP   2.0000  2.0000 sum   4.0000
   11    C  MulP   2.0000  2.0000 sum   4.0000
   12    C  MulP   2.0000  2.0000 sum   4.0000
   13    C  MulP   2.0000  2.0000 sum   4.0000
   14    C  MulP   2.0000  2.0000 sum   4.0000
   15    C  MulP   2.0000  2.0000 sum   4.0000
   16    C  MulP   2.0000  2.0000 sum   4.0000
   17    C  MulP   2.0000  2.0000 sum   4.0000
   18    C  MulP   2.0000  2.0000 sum   3.9999
   19    C  MulP   2.0000  2.0000 sum   4.0000
   20    C  MulP   2.0000  2.0000 sum   3.9999
     ..........
     ......

 Sum of MulP: up   =   196.00000 down          =   196.00000
              total=   392.00000 ideal(neutral)=   392.00000
<DFT>  Total Spin Moment (muB) =  0.000000000000
<DFT>  Mixing_weight= 0.400000000000
<DFT>  Uele   = -185.888884655332  dUele     =   0.000000176602
<DFT>  NormRD =    0.000000048644  Criterion =   0.000000001000

******************* MD= 1  SCF=21 *******************
<Poisson>  Poisson's equation using FFT...
<Set_Hamiltonian>  Hamiltonian matrix for VNA+dVH+Vxc...
<Cluster>  Solving the eigenvalue problem...
    1    C  MulP   2.0000  2.0000 sum   4.0000
    2    C  MulP   2.0000  2.0000 sum   4.0000
    3    C  MulP   2.0000  2.0000 sum   4.0000
    4    C  MulP   2.0000  2.0000 sum   4.0000
    5    C  MulP   2.0000  2.0000 sum   4.0000
    6    C  MulP   2.0000  2.0000 sum   4.0000
    7    C  MulP   2.0000  2.0000 sum   4.0000
    8    C  MulP   2.0000  2.0000 sum   4.0000
    9    C  MulP   2.0000  2.0000 sum   4.0000
   10    C  MulP   2.0000  2.0000 sum   4.0000
   11    C  MulP   2.0000  2.0000 sum   4.0000
   12    C  MulP   2.0000  2.0000 sum   4.0000
   13    C  MulP   2.0000  2.0000 sum   4.0000
   14    C  MulP   2.0000  2.0000 sum   4.0000
   15    C  MulP   2.0000  2.0000 sum   4.0000
   16    C  MulP   2.0000  2.0000 sum   4.0000
   17    C  MulP   2.0000  2.0000 sum   4.0000
   18    C  MulP   2.0000  2.0000 sum   3.9999
   19    C  MulP   2.0000  2.0000 sum   4.0000
   20    C  MulP   2.0000  2.0000 sum   3.9999
     ..........
     ......

 Sum of MulP: up   =   196.00000 down          =   196.00000
              total=   392.00000 ideal(neutral)=   392.00000
<DFT>  Total Spin Moment (muB) =  0.000000000000
<DFT>  Mixing_weight= 0.400000000000
<DFT>  Uele   = -185.888884649284  dUele     =   0.000000006049
<DFT>  NormRD =    0.000000041475  Criterion =   0.000000001000

******************* MD= 1  SCF=22 *******************
<Poisson>  Poisson's equation using FFT...
<Set_Hamiltonian>  Hamiltonian matrix for VNA+dVH+Vxc...
<Cluster>  Solving the eigenvalue problem...
    1    C  MulP   2.0000  2.0000 sum   4.0000
    2    C  MulP   2.0000  2.0000 sum   4.0000
    3    C  MulP   2.0000  2.0000 sum   4.0000
    4    C  MulP   2.0000  2.0000 sum   4.0000
    5    C  MulP   2.0000  2.0000 sum   4.0000
    6    C  MulP   2.0000  2.0000 sum   4.0000
    7    C  MulP   2.0000  2.0000 sum   4.0000
    8    C  MulP   2.0000  2.0000 sum   4.0000
    9    C  MulP   2.0000  2.0000 sum   4.0000
   10    C  MulP   2.0000  2.0000 sum   4.0000
   11    C  MulP   2.0000  2.0000 sum   4.0000
   12    C  MulP   2.0000  2.0000 sum   4.0000
   13    C  MulP   2.0000  2.0000 sum   4.0000
   14    C  MulP   2.0000  2.0000 sum   4.0000
   15    C  MulP   2.0000  2.0000 sum   4.0000
   16    C  MulP   2.0000  2.0000 sum   4.0000
   17    C  MulP   2.0000  2.0000 sum   4.0000
   18    C  MulP   2.0000  2.0000 sum   3.9999
   19    C  MulP   2.0000  2.0000 sum   4.0000
   20    C  MulP   2.0000  2.0000 sum   3.9999
     ..........
     ......

 Sum of MulP: up   =   196.00000 down          =   196.00000
              total=   392.00000 ideal(neutral)=   392.00000
<DFT>  Total Spin Moment (muB) =  0.000000000000
<DFT>  Mixing_weight= 0.400000000000
<DFT>  Uele   = -185.888884645161  dUele     =   0.000000004123
<DFT>  NormRD =    0.000000033914  Criterion =   0.000000001000

******************* MD= 1  SCF=23 *******************
<Poisson>  Poisson's equation using FFT...
<Set_Hamiltonian>  Hamiltonian matrix for VNA+dVH+Vxc...
<Cluster>  Solving the eigenvalue problem...
    1    C  MulP   2.0000  2.0000 sum   4.0000
    2    C  MulP   2.0000  2.0000 sum   4.0000
    3    C  MulP   2.0000  2.0000 sum   4.0000
    4    C  MulP   2.0000  2.0000 sum   4.0000
    5    C  MulP   2.0000  2.0000 sum   4.0000
    6    C  MulP   2.0000  2.0000 sum   4.0000
    7    C  MulP   2.0000  2.0000 sum   4.0000
    8    C  MulP   2.0000  2.0000 sum   4.0000
    9    C  MulP   2.0000  2.0000 sum   4.0000
   10    C  MulP   2.0000  2.0000 sum   4.0000
   11    C  MulP   2.0000  2.0000 sum   4.0000
   12    C  MulP   2.0000  2.0000 sum   4.0000
   13    C  MulP   2.0000  2.0000 sum   4.0000
   14    C  MulP   2.0000  2.0000 sum   4.0000
   15    C  MulP   2.0000  2.0000 sum   4.0000
   16    C  MulP   2.0000  2.0000 sum   4.0000
   17    C  MulP   2.0000  2.0000 sum   4.0000
   18    C  MulP   2.0000  2.0000 sum   3.9999
   19    C  MulP   2.0000  2.0000 sum   4.0000
   20    C  MulP   2.0000  2.0000 sum   3.9999
     ..........
     ......

 Sum of MulP: up   =   196.00000 down          =   196.00000
              total=   392.00000 ideal(neutral)=   392.00000
<DFT>  Total Spin Moment (muB) =  0.000000000000
<DFT>  Mixing_weight= 0.400000000000
<DFT>  Uele   = -185.888884643341  dUele     =   0.000000001819
<DFT>  NormRD =    0.000000028466  Criterion =   0.000000001000

******************* MD= 1  SCF=24 *******************
<Poisson>  Poisson's equation using FFT...
<Set_Hamiltonian>  Hamiltonian matrix for VNA+dVH+Vxc...
<Cluster>  Solving the eigenvalue problem...
    1    C  MulP   2.0000  2.0000 sum   4.0000
    2    C  MulP   2.0000  2.0000 sum   4.0000
    3    C  MulP   2.0000  2.0000 sum   4.0000
    4    C  MulP   2.0000  2.0000 sum   4.0000
    5    C  MulP   2.0000  2.0000 sum   4.0000
    6    C  MulP   2.0000  2.0000 sum   4.0000
    7    C  MulP   2.0000  2.0000 sum   4.0000
    8    C  MulP   2.0000  2.0000 sum   4.0000
    9    C  MulP   2.0000  2.0000 sum   4.0000
   10    C  MulP   2.0000  2.0000 sum   4.0000
   11    C  MulP   2.0000  2.0000 sum   4.0000
   12    C  MulP   2.0000  2.0000 sum   4.0000
   13    C  MulP   2.0000  2.0000 sum   4.0000
   14    C  MulP   2.0000  2.0000 sum   4.0000
   15    C  MulP   2.0000  2.0000 sum   4.0000
   16    C  MulP   2.0000  2.0000 sum   4.0000
   17    C  MulP   2.0000  2.0000 sum   4.0000
   18    C  MulP   2.0000  2.0000 sum   3.9999
   19    C  MulP   2.0000  2.0000 sum   4.0000
   20    C  MulP   2.0000  2.0000 sum   3.9999
     ..........
     ......

 Sum of MulP: up   =   196.00000 down          =   196.00000
              total=   392.00000 ideal(neutral)=   392.00000
<DFT>  Total Spin Moment (muB) =  0.000000000000
<DFT>  Mixing_weight= 0.400000000000
<DFT>  Uele   = -185.888884643460  dUele     =   0.000000000119
<DFT>  NormRD =    0.000000022057  Criterion =   0.000000001000
<MD= 1>  Force calculation
  Force calculation #1
  Force calculation #2
  Force calculation #3
  Force calculation #4
  Force calculation #5
<MD= 1>  Total Energy
  Force calculation #6
  Force calculation #7

*******************************************************
                  Dipole moment (Debye)                 
*******************************************************

 Absolute D        0.00112626

                      Dx                Dy                Dz
 Total              0.00112399       -0.00007138       -0.00000000
 Core            6947.93469814    13370.93680992        0.00000000
 Electron       -6947.93357415   -13370.93688130       -0.00000000
 Back ground       -0.00000000       -0.00000000        0.00000000

*******************************************************
                Total Energy (Hartree) at MD = 1        
*******************************************************

  Uele  =    -185.888884643460

  Ukin  =     409.923049540423
  UH0   =   -5638.648179912800
  UH1   =       1.331779246493
  Una   =    -288.504281116645
  Unl   =     -52.634606786213
  Uxc0  =     -95.138616724740
  Uxc1  =     -95.138616724740
  Ucore =    5186.233487859172
  Uhub  =       0.000000000000
  Ucs   =       0.000000000000
  Uzs   =       0.000000000000
  Uzo   =       0.000000000000
  Uef   =       0.000000000000
  UvdW  =       0.000000000000
  Uch   =       0.000000000000
  Utot  =    -572.575984619049

  UpV   =       0.000000000000
  Enpy  =    -572.575984619049
  Note:

  Uele:   band energy
  Ukin:   kinetic energy
  UH0:    electric part of screened Coulomb energy
  UH1:    difference electron-electron Coulomb energy
  Una:    neutral atom potential energy
  Unl:    non-local potential energy
  Uxc0:   exchange-correlation energy for alpha spin
  Uxc1:   exchange-correlation energy for beta spin
  Ucore:  core-core Coulomb energy
  Uhub:   LDA+U energy
  Ucs:    constraint energy for spin orientation
  Uzs:    Zeeman term for spin magnetic moment
  Uzo:    Zeeman term for orbital magnetic moment
  Uef:    electric energy by electric field
  UvdW:   semi-empirical vdW energy 
  Uch:    penalty term to create a core hole
  UpV:    pressure times volume
  Enpy:   Enthalpy = Utot + UpV
  (see also PRB 72, 045121(2005) for the energy contributions)


*******************************************************
           Computational times (s) at MD = 1            
*******************************************************

  DFT in total      =   18.35276

  Set_OLP_Kin       =    0.82429
  Set_Nonlocal      =    1.95954
  Set_ProExpn_VNA   =    0.00000
  Set_Hamiltonian   =    6.17872
  Poisson           =    0.09857
  diagonalization   =    2.39968
  Mixing_DM         =    0.04301
  Force             =    0.71422
  Total_Energy      =    1.15375
  Set_Aden_Grid     =    0.03780
  Set_Orbitals_Grid =    0.34568
  Set_Density_Grid  =    3.87393
  RestartFileDFT    =    0.31059
  Mulliken_Charge   =    0.09477
  FFT(2D)_Density   =    0.00000

The SCF was achieved at MD=   1

*******************************************************
             MD or geometry opt. at MD = 1              
*******************************************************


outputting data on grids to files...

Save the scfout file (.//openmx.scfout)

***********************************************************
***********************************************************
               Computational Time (second)                 
***********************************************************
***********************************************************

                               Min_ID   Min_Time       Max_ID   Max_Time
   Total Computational Time =    17       22.142          0       22.345
   readfile                 =    19        1.218          0        1.249
   truncation               =     0        0.902         31        0.936
   MD_pac                   =     0        0.035         14        0.122
   OutData                  =    16        0.000          0        0.060
   DFT                      =    31       18.303          0       18.353

*** In DFT ***

   Set_OLP_Kin              =     0        0.824         31        1.109
   Set_Nonlocal             =    31        1.676         26        1.960
   Set_ProExpn_VNA          =     0        0.000          0        0.000
   Set_Hamiltonian          =    16        6.179          9        6.179
   Poisson                  =    16        0.098         22        0.099
   Diagonalization          =    28        2.400         15        2.400
   Mixing_DM                =     6        0.043         31        0.043
   Force                    =    14        0.714          3        0.714
   Total_Energy             =    21        1.137          0        1.154
   Set_Aden_Grid            =     7        0.037         15        0.038
   Set_Orbitals_Grid        =    18        0.343         31        0.442
   Set_Density_Grid         =    13        2.946         29        3.877
   RestartFileDFT           =    16        0.291         20        0.426
   Mulliken_Charge          =     0        0.095         10        0.095
   FFT(2D)_Density          =     0        0.000          0        0.000
   Others                   =    15        0.086         13        1.238

The calculation was normally finished.
