============================================================
Currently Loaded Modulefiles:
 1) intel/oneapi/2023.2.0  
MKLROOT=/apps/support/intel_spr_rocky8.9/oneapi/2023.2.0/mkl/2023.2.0
============================================================
Job ID: tyy
Job name: tyy
Number of nodes: 1
Number of processors: 32
Task is running on the following nodes:
qhcn147
OMP_NUM_THREADS = 1
============================================================


The number of threads in each node for OpenMP parallelization is 1.


*******************************************************
*******************************************************
 Welcome to OpenMX   Ver. 3.9.9                           
 Copyright (C), 2002-2019, T. Ozaki                    
 OpenMX comes with ABSOLUTELY NO WARRANTY.             
 This is free software, and you are welcome to         
 redistribute it under the constitution of the GNU-GPL.
*******************************************************
*******************************************************



<Input_std>  Your input file was normally read.
<Input_std>  The system includes 1 species and 98 atoms.

*******************************************************
                     PAO and VPS                       
*******************************************************

<SetPara_DFT>  PAOs of species C were normally found.
<SetPara_DFT>  VPSs of species C were normally found.
               C_PBE19.vps is j-dependent.
               In case of scf.SpinOrbit.Coupling=off,
               j-dependent pseudo potentials are averaged by j-degeneracy,
               which corresponds to a scalar relativistic treatment.

*******************************************************
     Fourier transform of PAO and projectors of VNL    
*******************************************************

<FT_PAO>          Fourier transform of pseudo atomic orbitals
<FT_NLP>          Fourier transform of non-local projectors

*******************************************************
  Allocation of atoms to processors at MD_iter=    1     
*******************************************************

 proc =   0  # of atoms=   3  estimated weight=         3.00000
 proc =   1  # of atoms=   3  estimated weight=         3.00000
 proc =   2  # of atoms=   3  estimated weight=         3.00000
 proc =   3  # of atoms=   3  estimated weight=         3.00000
 proc =   4  # of atoms=   3  estimated weight=         3.00000
 proc =   5  # of atoms=   3  estimated weight=         3.00000
 proc =   6  # of atoms=   3  estimated weight=         3.00000
 proc =   7  # of atoms=   3  estimated weight=         3.00000
 proc =   8  # of atoms=   3  estimated weight=         3.00000
 proc =   9  # of atoms=   3  estimated weight=         3.00000
 proc =  10  # of atoms=   3  estimated weight=         3.00000
 proc =  11  # of atoms=   3  estimated weight=         3.00000
 proc =  12  # of atoms=   3  estimated weight=         3.00000
 proc =  13  # of atoms=   3  estimated weight=         3.00000
 proc =  14  # of atoms=   3  estimated weight=         3.00000
 proc =  15  # of atoms=   4  estimated weight=         4.00000
 proc =  16  # of atoms=   3  estimated weight=         3.00000
 proc =  17  # of atoms=   3  estimated weight=         3.00000
 proc =  18  # of atoms=   3  estimated weight=         3.00000
 proc =  19  # of atoms=   3  estimated weight=         3.00000
 proc =  20  # of atoms=   3  estimated weight=         3.00000
 proc =  21  # of atoms=   3  estimated weight=         3.00000
 proc =  22  # of atoms=   3  estimated weight=         3.00000
 proc =  23  # of atoms=   3  estimated weight=         3.00000
 proc =  24  # of atoms=   3  estimated weight=         3.00000
 proc =  25  # of atoms=   3  estimated weight=         3.00000
 proc =  26  # of atoms=   3  estimated weight=         3.00000
 proc =  27  # of atoms=   3  estimated weight=         3.00000
 proc =  28  # of atoms=   3  estimated weight=         3.00000
 proc =  29  # of atoms=   3  estimated weight=         3.00000
 proc =  30  # of atoms=   3  estimated weight=         3.00000
 proc =  31  # of atoms=   4  estimated weight=         4.00000




*******************************************************
        Analysis of neighbors and setting of grids        
*******************************************************

TFNAN=    4410   Average FNAN=  45.00000
TSNAN=       0   Average SNAN=   0.00000
<truncation> CpyCell= 1 ct_AN=   1 FNAN SNAN  45   0
<truncation> CpyCell= 1 ct_AN=   2 FNAN SNAN  45   0
<truncation> CpyCell= 1 ct_AN=   3 FNAN SNAN  45   0
<truncation> CpyCell= 1 ct_AN=   4 FNAN SNAN  45   0
<truncation> CpyCell= 1 ct_AN=   5 FNAN SNAN  45   0
<truncation> CpyCell= 1 ct_AN=   6 FNAN SNAN  45   0
<truncation> CpyCell= 1 ct_AN=   7 FNAN SNAN  45   0
<truncation> CpyCell= 1 ct_AN=   8 FNAN SNAN  45   0
<truncation> CpyCell= 1 ct_AN=   9 FNAN SNAN  45   0
<truncation> CpyCell= 1 ct_AN=  10 FNAN SNAN  45   0
<truncation> CpyCell= 1 ct_AN=  11 FNAN SNAN  45   0
<truncation> CpyCell= 1 ct_AN=  12 FNAN SNAN  45   0
<truncation> CpyCell= 1 ct_AN=  13 FNAN SNAN  45   0
<truncation> CpyCell= 1 ct_AN=  14 FNAN SNAN  45   0
<truncation> CpyCell= 1 ct_AN=  15 FNAN SNAN  45   0
<truncation> CpyCell= 1 ct_AN=  16 FNAN SNAN  45   0
<truncation> CpyCell= 1 ct_AN=  17 FNAN SNAN  45   0
<truncation> CpyCell= 1 ct_AN=  18 FNAN SNAN  45   0
<truncation> CpyCell= 1 ct_AN=  19 FNAN SNAN  45   0
<truncation> CpyCell= 1 ct_AN=  20 FNAN SNAN  45   0
     ..........
     ......

TFNAN=    4410   Average FNAN=  45.00000
TSNAN=       0   Average SNAN=   0.00000
<truncation> CpyCell= 2 ct_AN=   1 FNAN SNAN  45   0
<truncation> CpyCell= 2 ct_AN=   2 FNAN SNAN  45   0
<truncation> CpyCell= 2 ct_AN=   3 FNAN SNAN  45   0
<truncation> CpyCell= 2 ct_AN=   4 FNAN SNAN  45   0
<truncation> CpyCell= 2 ct_AN=   5 FNAN SNAN  45   0
<truncation> CpyCell= 2 ct_AN=   6 FNAN SNAN  45   0
<truncation> CpyCell= 2 ct_AN=   7 FNAN SNAN  45   0
<truncation> CpyCell= 2 ct_AN=   8 FNAN SNAN  45   0
<truncation> CpyCell= 2 ct_AN=   9 FNAN SNAN  45   0
<truncation> CpyCell= 2 ct_AN=  10 FNAN SNAN  45   0
<truncation> CpyCell= 2 ct_AN=  11 FNAN SNAN  45   0
<truncation> CpyCell= 2 ct_AN=  12 FNAN SNAN  45   0
<truncation> CpyCell= 2 ct_AN=  13 FNAN SNAN  45   0
<truncation> CpyCell= 2 ct_AN=  14 FNAN SNAN  45   0
<truncation> CpyCell= 2 ct_AN=  15 FNAN SNAN  45   0
<truncation> CpyCell= 2 ct_AN=  16 FNAN SNAN  45   0
<truncation> CpyCell= 2 ct_AN=  17 FNAN SNAN  45   0
<truncation> CpyCell= 2 ct_AN=  18 FNAN SNAN  45   0
<truncation> CpyCell= 2 ct_AN=  19 FNAN SNAN  45   0
<truncation> CpyCell= 2 ct_AN=  20 FNAN SNAN  45   0
     ..........
     ......

TFNAN=    4410   Average FNAN=  45.00000
TSNAN=       0   Average SNAN=   0.00000
<truncation> CpyCell= 2 ct_AN=   1 FNAN SNAN  45   0
<truncation> CpyCell= 2 ct_AN=   2 FNAN SNAN  45   0
<truncation> CpyCell= 2 ct_AN=   3 FNAN SNAN  45   0
<truncation> CpyCell= 2 ct_AN=   4 FNAN SNAN  45   0
<truncation> CpyCell= 2 ct_AN=   5 FNAN SNAN  45   0
<truncation> CpyCell= 2 ct_AN=   6 FNAN SNAN  45   0
<truncation> CpyCell= 2 ct_AN=   7 FNAN SNAN  45   0
<truncation> CpyCell= 2 ct_AN=   8 FNAN SNAN  45   0
<truncation> CpyCell= 2 ct_AN=   9 FNAN SNAN  45   0
<truncation> CpyCell= 2 ct_AN=  10 FNAN SNAN  45   0
<truncation> CpyCell= 2 ct_AN=  11 FNAN SNAN  45   0
<truncation> CpyCell= 2 ct_AN=  12 FNAN SNAN  45   0
<truncation> CpyCell= 2 ct_AN=  13 FNAN SNAN  45   0
<truncation> CpyCell= 2 ct_AN=  14 FNAN SNAN  45   0
<truncation> CpyCell= 2 ct_AN=  15 FNAN SNAN  45   0
<truncation> CpyCell= 2 ct_AN=  16 FNAN SNAN  45   0
<truncation> CpyCell= 2 ct_AN=  17 FNAN SNAN  45   0
<truncation> CpyCell= 2 ct_AN=  18 FNAN SNAN  45   0
<truncation> CpyCell= 2 ct_AN=  19 FNAN SNAN  45   0
<truncation> CpyCell= 2 ct_AN=  20 FNAN SNAN  45   0
     ..........
     ......

<Check_System> The system is slab.
lattice vectors (bohr)
A  = 32.541081523329,  0.000000000000,  0.000000000000
B  = -16.270540761665, 28.181403265827,  0.000000000000
C  =  0.000000000000,  0.000000000000, 22.676711862947
reciprocal lattice vectors (bohr^-1)
RA =  0.193084710558,  0.111477509617, -0.000000000000
RB =  0.000000000000,  0.222955019234,  0.000000000000
RC =  0.000000000000, -0.000000000000,  0.277076559651
Grid_Origin -1.104072408827 -0.570337923238 -11.237120610657
Cell_Volume =  20795.754379419846 (Bohr^3)
GridVol     =      0.009473284612 (Bohr^3)
Grid_Origin -1.104072408827 -0.570337923238 -11.237120610657
Cell_Volume =  20795.754379419846 (Bohr^3)
GridVol     =      0.009473284612 (Bohr^3)
<UCell_Box> Info. of cutoff energy and num. of grids
lattice vectors (bohr)
A  = 32.541081523329,  0.000000000000,  0.000000000000
B  = -16.270540761665, 28.181403265827,  0.000000000000
C  =  0.000000000000,  0.000000000000, 22.676711862947
reciprocal lattice vectors (bohr^-1)
RA =  0.193084710558,  0.111477509617, -0.000000000000
RB =  0.000000000000,  0.222955019234,  0.000000000000
RC =  0.000000000000, -0.000000000000,  0.277076559651
Required cutoff energy (Ryd) for 3D-grids = 250.0000
    Used cutoff energy (Ryd) for 3D-grids = 243.5738, 243.5738, 240.7552
Num. of grids of a-, b-, and c-axes = 140, 140, 112
Grid_Origin -1.104072408827 -0.570337923238 -11.237120610657
Cell_Volume =  20795.754379419846 (Bohr^3)
GridVol     =      0.009473284612 (Bohr^3)
Cell vectors (bohr) of the grid cell (gtv)
  gtv_a =  0.232436296595,  0.000000000000,  0.000000000000
  gtv_b = -0.116218148298,  0.201295737613,  0.000000000000
  gtv_c =  0.000000000000,  0.000000000000,  0.202470641633
  |gtv_a| =  0.232436296595
  |gtv_b| =  0.232436296595
  |gtv_c| =  0.202470641633
Num. of grids overlapping with atom    1 = 95490
Num. of grids overlapping with atom    2 = 95490
Num. of grids overlapping with atom    3 = 95490
Num. of grids overlapping with atom    4 = 95490
Num. of grids overlapping with atom    5 = 95490
Num. of grids overlapping with atom    6 = 95490
Num. of grids overlapping with atom    7 = 95490
Num. of grids overlapping with atom    8 = 95490
Num. of grids overlapping with atom    9 = 95490
Num. of grids overlapping with atom   10 = 95490
Num. of grids overlapping with atom   11 = 95490
Num. of grids overlapping with atom   12 = 95490
Num. of grids overlapping with atom   13 = 95490
Num. of grids overlapping with atom   14 = 95490
Num. of grids overlapping with atom   15 = 95490
Num. of grids overlapping with atom   16 = 95490
Num. of grids overlapping with atom   17 = 95490
Num. of grids overlapping with atom   18 = 95490
Num. of grids overlapping with atom   19 = 95490
Num. of grids overlapping with atom   20 = 95490
     ..........
     ......


*******************************************************
             SCF calculation at MD = 1                
*******************************************************

<MD= 1>  Calculation of the overlap matrix
<MD= 1>  Calculation of the nonlocal matrix

******************* MD= 1  SCF= 1 *******************
<Cluster>  Solving the eigenvalue problem...
    1    C  MulP   2.0000  2.0000 sum   4.0000
    2    C  MulP   2.0000  2.0000 sum   4.0000
    3    C  MulP   2.0000  2.0000 sum   4.0000
    4    C  MulP   2.0000  2.0000 sum   4.0000
    5    C  MulP   2.0000  2.0000 sum   4.0000
    6    C  MulP   2.0000  2.0000 sum   4.0000
    7    C  MulP   2.0000  2.0000 sum   4.0000
    8    C  MulP   2.0000  2.0000 sum   4.0000
    9    C  MulP   2.0000  2.0000 sum   4.0000
   10    C  MulP   2.0000  2.0000 sum   4.0000
   11    C  MulP   2.0000  2.0000 sum   4.0000
   12    C  MulP   2.0000  2.0000 sum   4.0000
   13    C  MulP   2.0000  2.0000 sum   4.0000
   14    C  MulP   2.0000  2.0000 sum   4.0000
   15    C  MulP   2.0000  2.0000 sum   4.0000
   16    C  MulP   2.0000  2.0000 sum   4.0000
   17    C  MulP   2.0000  2.0000 sum   4.0000
   18    C  MulP   2.0000  2.0000 sum   4.0000
   19    C  MulP   2.0000  2.0000 sum   4.0000
   20    C  MulP   2.0000  2.0000 sum   4.0000
     ..........
     ......

 Sum of MulP: up   =   196.00000 down          =   196.00000
              total=   392.00000 ideal(neutral)=   392.00000
<DFT>  Total Spin Moment (muB) =  0.000000000000
<DFT>  Mixing_weight= 0.300000000000
<DFT>  Uele   = -159.188797906102  dUele     =   1.000000000000
<DFT>  NormRD =    1.000000000000  Criterion =   0.000000001000

******************* MD= 1  SCF= 2 *******************
<Poisson>  Poisson's equation using FFT...
<Set_Hamiltonian>  Hamiltonian matrix for VNA+dVH+Vxc...
<Cluster>  Solving the eigenvalue problem...
    1    C  MulP   2.0000  2.0000 sum   4.0000
    2    C  MulP   2.0000  2.0000 sum   4.0000
    3    C  MulP   2.0000  2.0000 sum   4.0000
    4    C  MulP   2.0000  2.0000 sum   4.0000
    5    C  MulP   2.0000  2.0000 sum   4.0000
    6    C  MulP   2.0000  2.0000 sum   4.0000
    7    C  MulP   2.0000  2.0000 sum   4.0000
    8    C  MulP   2.0000  2.0000 sum   4.0000
    9    C  MulP   2.0000  2.0000 sum   4.0000
   10    C  MulP   2.0000  2.0000 sum   4.0000
   11    C  MulP   2.0000  2.0000 sum   4.0000
   12    C  MulP   2.0000  2.0000 sum   4.0000
   13    C  MulP   2.0000  2.0000 sum   4.0000
   14    C  MulP   2.0000  2.0000 sum   4.0000
   15    C  MulP   2.0000  2.0000 sum   4.0000
   16    C  MulP   2.0000  2.0000 sum   4.0000
   17    C  MulP   2.0000  2.0000 sum   4.0000
   18    C  MulP   2.0000  2.0000 sum   4.0000
   19    C  MulP   2.0000  2.0000 sum   4.0000
   20    C  MulP   2.0000  2.0000 sum   4.0000
     ..........
     ......

 Sum of MulP: up   =   196.00000 down          =   196.00000
              total=   392.00000 ideal(neutral)=   392.00000
<DFT>  Total Spin Moment (muB) =  0.000000000000
<DFT>  Mixing_weight= 0.400000000000
<DFT>  Uele   = -175.798509405768  dUele     =  16.609711499666
<DFT>  NormRD =    0.507130427629  Criterion =   0.000000001000

******************* MD= 1  SCF= 3 *******************
<Poisson>  Poisson's equation using FFT...
<Set_Hamiltonian>  Hamiltonian matrix for VNA+dVH+Vxc...
<Cluster>  Solving the eigenvalue problem...
    1    C  MulP   2.0000  2.0000 sum   4.0000
    2    C  MulP   2.0000  2.0000 sum   4.0000
    3    C  MulP   2.0000  2.0000 sum   4.0000
    4    C  MulP   2.0000  2.0000 sum   4.0000
    5    C  MulP   2.0000  2.0000 sum   4.0000
    6    C  MulP   2.0000  2.0000 sum   4.0000
    7    C  MulP   2.0000  2.0000 sum   4.0000
    8    C  MulP   2.0000  2.0000 sum   4.0000
    9    C  MulP   2.0000  2.0000 sum   4.0000
   10    C  MulP   2.0000  2.0000 sum   4.0000
   11    C  MulP   2.0000  2.0000 sum   4.0000
   12    C  MulP   2.0000  2.0000 sum   4.0000
   13    C  MulP   2.0000  2.0000 sum   4.0000
   14    C  MulP   2.0000  2.0000 sum   4.0000
   15    C  MulP   2.0000  2.0000 sum   4.0000
   16    C  MulP   2.0000  2.0000 sum   4.0000
   17    C  MulP   2.0000  2.0000 sum   4.0000
   18    C  MulP   2.0000  2.0000 sum   4.0000
   19    C  MulP   2.0000  2.0000 sum   4.0000
   20    C  MulP   2.0000  2.0000 sum   4.0000
     ..........
     ......

 Sum of MulP: up   =   196.00000 down          =   196.00000
              total=   392.00000 ideal(neutral)=   392.00000
<DFT>  Total Spin Moment (muB) =  0.000000000000
<DFT>  Mixing_weight= 0.400000000000
<DFT>  Uele   = -182.202565414577  dUele     =   6.404056008810
<DFT>  NormRD =    0.192020608618  Criterion =   0.000000001000

******************* MD= 1  SCF= 4 *******************
<Poisson>  Poisson's equation using FFT...
<Set_Hamiltonian>  Hamiltonian matrix for VNA+dVH+Vxc...
<Cluster>  Solving the eigenvalue problem...
    1    C  MulP   2.0000  2.0000 sum   4.0000
    2    C  MulP   2.0000  2.0000 sum   4.0000
    3    C  MulP   2.0000  2.0000 sum   4.0000
    4    C  MulP   2.0000  2.0000 sum   4.0000
    5    C  MulP   2.0000  2.0000 sum   4.0000
    6    C  MulP   2.0000  2.0000 sum   4.0000
    7    C  MulP   2.0000  2.0000 sum   4.0000
    8    C  MulP   2.0000  2.0000 sum   4.0000
    9    C  MulP   2.0000  2.0000 sum   4.0000
   10    C  MulP   2.0000  2.0000 sum   4.0000
   11    C  MulP   2.0000  2.0000 sum   4.0000
   12    C  MulP   2.0000  2.0000 sum   4.0000
   13    C  MulP   2.0000  2.0000 sum   4.0000
   14    C  MulP   2.0000  2.0000 sum   4.0000
   15    C  MulP   2.0000  2.0000 sum   4.0000
   16    C  MulP   2.0000  2.0000 sum   4.0000
   17    C  MulP   2.0000  2.0000 sum   4.0000
   18    C  MulP   2.0000  2.0000 sum   4.0000
   19    C  MulP   2.0000  2.0000 sum   4.0000
   20    C  MulP   2.0000  2.0000 sum   4.0000
     ..........
     ......

 Sum of MulP: up   =   196.00000 down          =   196.00000
              total=   392.00000 ideal(neutral)=   392.00000
<DFT>  Total Spin Moment (muB) =  0.000000000000
<DFT>  Mixing_weight= 0.400000000000
<DFT>  Uele   = -184.643539660419  dUele     =   2.440974245841
<DFT>  NormRD =    0.071740117692  Criterion =   0.000000001000

******************* MD= 1  SCF= 5 *******************
<Poisson>  Poisson's equation using FFT...
<Set_Hamiltonian>  Hamiltonian matrix for VNA+dVH+Vxc...
<Cluster>  Solving the eigenvalue problem...
    1    C  MulP   2.0000  2.0000 sum   4.0000
    2    C  MulP   2.0000  2.0000 sum   4.0000
    3    C  MulP   2.0000  2.0000 sum   4.0000
    4    C  MulP   2.0000  2.0000 sum   4.0000
    5    C  MulP   2.0000  2.0000 sum   4.0000
    6    C  MulP   2.0000  2.0000 sum   4.0000
    7    C  MulP   2.0000  2.0000 sum   4.0000
    8    C  MulP   2.0000  2.0000 sum   4.0000
    9    C  MulP   2.0000  2.0000 sum   4.0000
   10    C  MulP   2.0000  2.0000 sum   4.0000
   11    C  MulP   2.0000  2.0000 sum   4.0000
   12    C  MulP   2.0000  2.0000 sum   4.0000
   13    C  MulP   2.0000  2.0000 sum   4.0000
   14    C  MulP   2.0000  2.0000 sum   4.0000
   15    C  MulP   2.0000  2.0000 sum   4.0000
   16    C  MulP   2.0000  2.0000 sum   4.0000
   17    C  MulP   2.0000  2.0000 sum   4.0000
   18    C  MulP   2.0000  2.0000 sum   4.0000
   19    C  MulP   2.0000  2.0000 sum   4.0000
   20    C  MulP   2.0000  2.0000 sum   4.0000
     ..........
     ......

 Sum of MulP: up   =   196.00000 down          =   196.00000
              total=   392.00000 ideal(neutral)=   392.00000
<DFT>  Total Spin Moment (muB) =  0.000000000000
<DFT>  Mixing_weight= 0.400000000000
<DFT>  Uele   = -185.539186869187  dUele     =   0.895647208768
<DFT>  NormRD =    0.025695800879  Criterion =   0.000000001000

******************* MD= 1  SCF= 6 *******************
<Poisson>  Poisson's equation using FFT...
<Set_Hamiltonian>  Hamiltonian matrix for VNA+dVH+Vxc...
<Cluster>  Solving the eigenvalue problem...
    1    C  MulP   2.0000  2.0000 sum   4.0000
    2    C  MulP   2.0000  2.0000 sum   4.0000
    3    C  MulP   2.0000  2.0000 sum   4.0000
    4    C  MulP   2.0000  2.0000 sum   4.0000
    5    C  MulP   2.0000  2.0000 sum   4.0000
    6    C  MulP   2.0000  2.0000 sum   4.0000
    7    C  MulP   2.0000  2.0000 sum   4.0000
    8    C  MulP   2.0000  2.0000 sum   4.0000
    9    C  MulP   2.0000  2.0000 sum   4.0000
   10    C  MulP   2.0000  2.0000 sum   4.0000
   11    C  MulP   2.0000  2.0000 sum   4.0000
   12    C  MulP   2.0000  2.0000 sum   4.0000
   13    C  MulP   2.0000  2.0000 sum   4.0000
   14    C  MulP   2.0000  2.0000 sum   4.0000
   15    C  MulP   2.0000  2.0000 sum   4.0000
   16    C  MulP   2.0000  2.0000 sum   4.0000
   17    C  MulP   2.0000  2.0000 sum   4.0000
   18    C  MulP   2.0000  2.0000 sum   4.0000
   19    C  MulP   2.0000  2.0000 sum   4.0000
   20    C  MulP   2.0000  2.0000 sum   4.0000
     ..........
     ......

 Sum of MulP: up   =   196.00000 down          =   196.00000
              total=   392.00000 ideal(neutral)=   392.00000
<DFT>  Total Spin Moment (muB) =  0.000000000000
<DFT>  Mixing_weight= 0.022668930390
<DFT>  Uele   = -186.298665731094  dUele     =   0.759478861908
<DFT>  NormRD =    0.104835392881  Criterion =   0.000000001000

******************* MD= 1  SCF= 7 *******************
<Poisson>  Poisson's equation using FFT...
<Set_Hamiltonian>  Hamiltonian matrix for VNA+dVH+Vxc...
<Cluster>  Solving the eigenvalue problem...
    1    C  MulP   2.0000  2.0000 sum   4.0000
    2    C  MulP   2.0000  2.0000 sum   4.0000
    3    C  MulP   2.0000  2.0000 sum   4.0000
    4    C  MulP   2.0000  2.0000 sum   4.0000
    5    C  MulP   2.0000  2.0000 sum   4.0000
    6    C  MulP   2.0000  2.0000 sum   4.0000
    7    C  MulP   2.0000  2.0000 sum   4.0000
    8    C  MulP   2.0000  2.0000 sum   4.0000
    9    C  MulP   2.0000  2.0000 sum   4.0000
   10    C  MulP   2.0000  2.0000 sum   4.0000
   11    C  MulP   2.0000  2.0000 sum   4.0000
   12    C  MulP   2.0000  2.0000 sum   4.0000
   13    C  MulP   2.0000  2.0000 sum   4.0000
   14    C  MulP   2.0000  2.0000 sum   4.0000
   15    C  MulP   2.0000  2.0000 sum   4.0000
   16    C  MulP   2.0000  2.0000 sum   4.0000
   17    C  MulP   2.0000  2.0000 sum   4.0000
   18    C  MulP   2.0000  2.0000 sum   4.0000
   19    C  MulP   2.0000  2.0000 sum   4.0000
   20    C  MulP   2.0000  2.0000 sum   4.0000
     ..........
     ......

 Sum of MulP: up   =   196.00000 down          =   196.00000
              total=   392.00000 ideal(neutral)=   392.00000
<DFT>  Total Spin Moment (muB) =  0.000000000000
<DFT>  Mixing_weight= 0.010046081987
<DFT>  Uele   = -186.856991572804  dUele     =   0.558325841709
<DFT>  NormRD =    0.117513632545  Criterion =   0.000000001000

******************* MD= 1  SCF= 8 *******************
<Poisson>  Poisson's equation using FFT...
<Set_Hamiltonian>  Hamiltonian matrix for VNA+dVH+Vxc...
<Cluster>  Solving the eigenvalue problem...
    1    C  MulP   2.0000  2.0000 sum   4.0000
    2    C  MulP   2.0000  2.0000 sum   4.0000
    3    C  MulP   2.0000  2.0000 sum   4.0000
    4    C  MulP   2.0000  2.0000 sum   4.0000
    5    C  MulP   2.0000  2.0000 sum   4.0000
    6    C  MulP   2.0000  2.0000 sum   4.0000
    7    C  MulP   2.0000  2.0000 sum   4.0000
    8    C  MulP   2.0000  2.0000 sum   4.0000
    9    C  MulP   2.0000  2.0000 sum   4.0000
   10    C  MulP   2.0000  2.0000 sum   4.0000
   11    C  MulP   2.0000  2.0000 sum   4.0000
   12    C  MulP   2.0000  2.0000 sum   4.0000
   13    C  MulP   2.0000  2.0000 sum   4.0000
   14    C  MulP   2.0000  2.0000 sum   4.0000
   15    C  MulP   2.0000  2.0000 sum   4.0000
   16    C  MulP   2.0000  2.0000 sum   4.0000
   17    C  MulP   2.0000  2.0000 sum   4.0000
   18    C  MulP   2.0000  2.0000 sum   4.0000
   19    C  MulP   2.0000  2.0000 sum   4.0000
   20    C  MulP   2.0000  2.0000 sum   4.0000
     ..........
     ......

 Sum of MulP: up   =   196.00000 down          =   196.00000
              total=   392.00000 ideal(neutral)=   392.00000
<DFT>  Total Spin Moment (muB) =  0.000000000000
<DFT>  Mixing_weight= 0.379092514151
<DFT>  Uele   = -186.842728445660  dUele     =   0.014263127144
<DFT>  NormRD =    0.115946101954  Criterion =   0.000000001000

******************* MD= 1  SCF= 9 *******************
<Poisson>  Poisson's equation using FFT...
<Set_Hamiltonian>  Hamiltonian matrix for VNA+dVH+Vxc...
<Cluster>  Solving the eigenvalue problem...
    1    C  MulP   2.0000  2.0000 sum   4.0000
    2    C  MulP   2.0000  2.0000 sum   4.0000
    3    C  MulP   2.0000  2.0000 sum   4.0000
    4    C  MulP   2.0000  2.0000 sum   4.0000
    5    C  MulP   2.0000  2.0000 sum   4.0000
    6    C  MulP   2.0000  2.0000 sum   4.0000
    7    C  MulP   2.0000  2.0000 sum   4.0000
    8    C  MulP   2.0000  2.0000 sum   4.0000
    9    C  MulP   2.0000  2.0000 sum   4.0000
   10    C  MulP   2.0000  2.0000 sum   4.0000
   11    C  MulP   2.0000  2.0000 sum   4.0000
   12    C  MulP   2.0000  2.0000 sum   4.0000
   13    C  MulP   2.0000  2.0000 sum   4.0000
   14    C  MulP   2.0000  2.0000 sum   4.0000
   15    C  MulP   2.0000  2.0000 sum   4.0000
   16    C  MulP   2.0000  2.0000 sum   4.0000
   17    C  MulP   2.0000  2.0000 sum   4.0000
   18    C  MulP   2.0000  2.0000 sum   4.0000
   19    C  MulP   2.0000  2.0000 sum   4.0000
   20    C  MulP   2.0000  2.0000 sum   4.0000
     ..........
     ......

 Sum of MulP: up   =   196.00000 down          =   196.00000
              total=   392.00000 ideal(neutral)=   392.00000
<DFT>  Total Spin Moment (muB) =  0.000000000000
<DFT>  Mixing_weight= 0.400000000000
<DFT>  Uele   = -186.312437372294  dUele     =   0.530291073366
<DFT>  NormRD =    0.057714275197  Criterion =   0.000000001000

******************* MD= 1  SCF=10 *******************
<Poisson>  Poisson's equation using FFT...
<Set_Hamiltonian>  Hamiltonian matrix for VNA+dVH+Vxc...
<Cluster>  Solving the eigenvalue problem...
    1    C  MulP   2.0000  2.0000 sum   4.0000
    2    C  MulP   2.0000  2.0000 sum   4.0000
    3    C  MulP   2.0000  2.0000 sum   4.0000
    4    C  MulP   2.0000  2.0000 sum   4.0000
    5    C  MulP   2.0000  2.0000 sum   4.0000
    6    C  MulP   2.0000  2.0000 sum   4.0000
    7    C  MulP   2.0000  2.0000 sum   4.0000
    8    C  MulP   2.0000  2.0000 sum   4.0000
    9    C  MulP   2.0000  2.0000 sum   4.0000
   10    C  MulP   2.0000  2.0000 sum   4.0000
   11    C  MulP   2.0000  2.0000 sum   4.0000
   12    C  MulP   2.0000  2.0000 sum   4.0000
   13    C  MulP   2.0000  2.0000 sum   4.0000
   14    C  MulP   2.0000  2.0000 sum   4.0000
   15    C  MulP   2.0000  2.0000 sum   4.0000
   16    C  MulP   2.0000  2.0000 sum   4.0000
   17    C  MulP   2.0000  2.0000 sum   4.0000
   18    C  MulP   2.0000  2.0000 sum   4.0000
   19    C  MulP   2.0000  2.0000 sum   4.0000
   20    C  MulP   2.0000  2.0000 sum   4.0000
     ..........
     ......

 Sum of MulP: up   =   196.00000 down          =   196.00000
              total=   392.00000 ideal(neutral)=   392.00000
<DFT>  Total Spin Moment (muB) =  0.000000000000
<DFT>  Mixing_weight= 0.400000000000
<DFT>  Uele   = -186.063616046814  dUele     =   0.248821325481
<DFT>  NormRD =    0.027937543583  Criterion =   0.000000001000

******************* MD= 1  SCF=11 *******************
<Poisson>  Poisson's equation using FFT...
<Set_Hamiltonian>  Hamiltonian matrix for VNA+dVH+Vxc...
<Cluster>  Solving the eigenvalue problem...
    1    C  MulP   2.0000  2.0000 sum   4.0000
    2    C  MulP   2.0000  2.0000 sum   4.0000
    3    C  MulP   2.0000  2.0000 sum   4.0000
    4    C  MulP   2.0000  2.0000 sum   4.0000
    5    C  MulP   2.0000  2.0000 sum   4.0000
    6    C  MulP   2.0000  2.0000 sum   4.0000
    7    C  MulP   2.0000  2.0000 sum   4.0000
    8    C  MulP   2.0000  2.0000 sum   4.0000
    9    C  MulP   2.0000  2.0000 sum   4.0000
   10    C  MulP   2.0000  2.0000 sum   4.0000
   11    C  MulP   2.0000  2.0000 sum   4.0000
   12    C  MulP   2.0000  2.0000 sum   4.0000
   13    C  MulP   2.0000  2.0000 sum   4.0000
   14    C  MulP   2.0000  2.0000 sum   4.0000
   15    C  MulP   2.0000  2.0000 sum   4.0000
   16    C  MulP   2.0000  2.0000 sum   4.0000
   17    C  MulP   2.0000  2.0000 sum   4.0000
   18    C  MulP   2.0000  2.0000 sum   4.0000
   19    C  MulP   2.0000  2.0000 sum   4.0000
   20    C  MulP   2.0000  2.0000 sum   4.0000
     ..........
     ......

 Sum of MulP: up   =   196.00000 down          =   196.00000
              total=   392.00000 ideal(neutral)=   392.00000
<DFT>  Total Spin Moment (muB) =  0.000000000000
<DFT>  Mixing_weight= 0.400000000000
<DFT>  Uele   = -185.960769993249  dUele     =   0.102846053565
<DFT>  NormRD =    0.013991016398  Criterion =   0.000000001000

******************* MD= 1  SCF=12 *******************
<Poisson>  Poisson's equation using FFT...
<Set_Hamiltonian>  Hamiltonian matrix for VNA+dVH+Vxc...
<Cluster>  Solving the eigenvalue problem...
    1    C  MulP   2.0000  2.0000 sum   4.0000
    2    C  MulP   2.0000  2.0000 sum   4.0000
    3    C  MulP   2.0000  2.0000 sum   4.0000
    4    C  MulP   2.0000  2.0000 sum   4.0000
    5    C  MulP   2.0000  2.0000 sum   4.0000
    6    C  MulP   2.0000  2.0000 sum   4.0000
    7    C  MulP   2.0000  2.0000 sum   4.0000
    8    C  MulP   2.0000  2.0000 sum   4.0000
    9    C  MulP   2.0000  2.0000 sum   4.0000
   10    C  MulP   2.0000  2.0000 sum   4.0000
   11    C  MulP   2.0000  2.0000 sum   4.0000
   12    C  MulP   2.0000  2.0000 sum   4.0000
   13    C  MulP   2.0000  2.0000 sum   4.0000
   14    C  MulP   2.0000  2.0000 sum   4.0000
   15    C  MulP   2.0000  2.0000 sum   4.0000
   16    C  MulP   2.0000  2.0000 sum   4.0000
   17    C  MulP   2.0000  2.0000 sum   4.0000
   18    C  MulP   2.0000  2.0000 sum   4.0000
   19    C  MulP   2.0000  2.0000 sum   4.0000
   20    C  MulP   2.0000  2.0000 sum   4.0000
     ..........
     ......

 Sum of MulP: up   =   196.00000 down          =   196.00000
              total=   392.00000 ideal(neutral)=   392.00000
<DFT>  Total Spin Moment (muB) =  0.000000000000
<DFT>  Mixing_weight= 0.400000000000
<DFT>  Uele   = -185.893694161661  dUele     =   0.067075831588
<DFT>  NormRD =    0.000780585464  Criterion =   0.000000001000

******************* MD= 1  SCF=13 *******************
<Poisson>  Poisson's equation using FFT...
<Set_Hamiltonian>  Hamiltonian matrix for VNA+dVH+Vxc...
<Cluster>  Solving the eigenvalue problem...
    1    C  MulP   2.0000  2.0000 sum   4.0000
    2    C  MulP   2.0000  2.0000 sum   4.0000
    3    C  MulP   2.0000  2.0000 sum   4.0000
    4    C  MulP   2.0000  2.0000 sum   4.0000
    5    C  MulP   2.0000  2.0000 sum   4.0000
    6    C  MulP   2.0000  2.0000 sum   4.0000
    7    C  MulP   2.0000  2.0000 sum   4.0000
    8    C  MulP   2.0000  2.0000 sum   4.0000
    9    C  MulP   2.0000  2.0000 sum   4.0000
   10    C  MulP   2.0000  2.0000 sum   4.0000
   11    C  MulP   2.0000  2.0000 sum   4.0000
   12    C  MulP   2.0000  2.0000 sum   4.0000
   13    C  MulP   2.0000  2.0000 sum   4.0000
   14    C  MulP   2.0000  2.0000 sum   4.0000
   15    C  MulP   2.0000  2.0000 sum   4.0000
   16    C  MulP   2.0000  2.0000 sum   4.0000
   17    C  MulP   2.0000  2.0000 sum   4.0000
   18    C  MulP   2.0000  2.0000 sum   4.0000
   19    C  MulP   2.0000  2.0000 sum   4.0000
   20    C  MulP   2.0000  2.0000 sum   4.0000
     ..........
     ......

 Sum of MulP: up   =   196.00000 down          =   196.00000
              total=   392.00000 ideal(neutral)=   392.00000
<DFT>  Total Spin Moment (muB) =  0.000000000000
<DFT>  Mixing_weight= 0.400000000000
<DFT>  Uele   = -185.888595727767  dUele     =   0.005098433893
<DFT>  NormRD =    0.000019419599  Criterion =   0.000000001000

******************* MD= 1  SCF=14 *******************
<Poisson>  Poisson's equation using FFT...
<Set_Hamiltonian>  Hamiltonian matrix for VNA+dVH+Vxc...
<Cluster>  Solving the eigenvalue problem...
    1    C  MulP   2.0000  2.0000 sum   4.0000
    2    C  MulP   2.0000  2.0000 sum   4.0000
    3    C  MulP   2.0000  2.0000 sum   4.0000
    4    C  MulP   2.0000  2.0000 sum   4.0000
    5    C  MulP   2.0000  2.0000 sum   4.0000
    6    C  MulP   2.0000  2.0000 sum   4.0000
    7    C  MulP   2.0000  2.0000 sum   4.0000
    8    C  MulP   2.0000  2.0000 sum   4.0000
    9    C  MulP   2.0000  2.0000 sum   4.0000
   10    C  MulP   2.0000  2.0000 sum   4.0000
   11    C  MulP   2.0000  2.0000 sum   4.0000
   12    C  MulP   2.0000  2.0000 sum   4.0000
   13    C  MulP   2.0000  2.0000 sum   4.0000
   14    C  MulP   2.0000  2.0000 sum   4.0000
   15    C  MulP   2.0000  2.0000 sum   4.0000
   16    C  MulP   2.0000  2.0000 sum   4.0000
   17    C  MulP   2.0000  2.0000 sum   4.0000
   18    C  MulP   2.0000  2.0000 sum   4.0000
   19    C  MulP   2.0000  2.0000 sum   4.0000
   20    C  MulP   2.0000  2.0000 sum   4.0000
     ..........
     ......

 Sum of MulP: up   =   196.00000 down          =   196.00000
              total=   392.00000 ideal(neutral)=   392.00000
<DFT>  Total Spin Moment (muB) =  0.000000000000
<DFT>  Mixing_weight= 0.400000000000
<DFT>  Uele   = -185.888868802635  dUele     =   0.000273074868
<DFT>  NormRD =    0.000004270429  Criterion =   0.000000001000

******************* MD= 1  SCF=15 *******************
<Poisson>  Poisson's equation using FFT...
<Set_Hamiltonian>  Hamiltonian matrix for VNA+dVH+Vxc...
<Cluster>  Solving the eigenvalue problem...
    1    C  MulP   2.0000  2.0000 sum   4.0000
    2    C  MulP   2.0000  2.0000 sum   4.0000
    3    C  MulP   2.0000  2.0000 sum   4.0000
    4    C  MulP   2.0000  2.0000 sum   4.0000
    5    C  MulP   2.0000  2.0000 sum   4.0000
    6    C  MulP   2.0000  2.0000 sum   4.0000
    7    C  MulP   2.0000  2.0000 sum   4.0000
    8    C  MulP   2.0000  2.0000 sum   4.0000
    9    C  MulP   2.0000  2.0000 sum   4.0000
   10    C  MulP   2.0000  2.0000 sum   4.0000
   11    C  MulP   2.0000  2.0000 sum   4.0000
   12    C  MulP   2.0000  2.0000 sum   4.0000
   13    C  MulP   2.0000  2.0000 sum   4.0000
   14    C  MulP   2.0000  2.0000 sum   4.0000
   15    C  MulP   2.0000  2.0000 sum   4.0000
   16    C  MulP   2.0000  2.0000 sum   4.0000
   17    C  MulP   2.0000  2.0000 sum   4.0000
   18    C  MulP   2.0000  2.0000 sum   4.0000
   19    C  MulP   2.0000  2.0000 sum   4.0000
   20    C  MulP   2.0000  2.0000 sum   4.0000
     ..........
     ......

 Sum of MulP: up   =   196.00000 down          =   196.00000
              total=   392.00000 ideal(neutral)=   392.00000
<DFT>  Total Spin Moment (muB) =  0.000000000000
<DFT>  Mixing_weight= 0.400000000000
<DFT>  Uele   = -185.888872566367  dUele     =   0.000003763732
<DFT>  NormRD =    0.000003195021  Criterion =   0.000000001000

******************* MD= 1  SCF=16 *******************
<Poisson>  Poisson's equation using FFT...
<Set_Hamiltonian>  Hamiltonian matrix for VNA+dVH+Vxc...
<Cluster>  Solving the eigenvalue problem...
    1    C  MulP   2.0000  2.0000 sum   4.0000
    2    C  MulP   2.0000  2.0000 sum   4.0000
    3    C  MulP   2.0000  2.0000 sum   4.0000
    4    C  MulP   2.0000  2.0000 sum   4.0000
    5    C  MulP   2.0000  2.0000 sum   4.0000
    6    C  MulP   2.0000  2.0000 sum   4.0000
    7    C  MulP   2.0000  2.0000 sum   4.0000
    8    C  MulP   2.0000  2.0000 sum   4.0000
    9    C  MulP   2.0000  2.0000 sum   4.0000
   10    C  MulP   2.0000  2.0000 sum   4.0000
   11    C  MulP   2.0000  2.0000 sum   4.0000
   12    C  MulP   2.0000  2.0000 sum   4.0000
   13    C  MulP   2.0000  2.0000 sum   4.0000
   14    C  MulP   2.0000  2.0000 sum   4.0000
   15    C  MulP   2.0000  2.0000 sum   4.0000
   16    C  MulP   2.0000  2.0000 sum   4.0000
   17    C  MulP   2.0000  2.0000 sum   4.0000
   18    C  MulP   2.0000  2.0000 sum   4.0000
   19    C  MulP   2.0000  2.0000 sum   4.0000
   20    C  MulP   2.0000  2.0000 sum   4.0000
     ..........
     ......

 Sum of MulP: up   =   196.00000 down          =   196.00000
              total=   392.00000 ideal(neutral)=   392.00000
<DFT>  Total Spin Moment (muB) =  0.000000000000
<DFT>  Mixing_weight= 0.400000000000
<DFT>  Uele   = -185.888878951036  dUele     =   0.000006384668
<DFT>  NormRD =    0.000000325484  Criterion =   0.000000001000

******************* MD= 1  SCF=17 *******************
<Poisson>  Poisson's equation using FFT...
<Set_Hamiltonian>  Hamiltonian matrix for VNA+dVH+Vxc...
<Cluster>  Solving the eigenvalue problem...
    1    C  MulP   2.0000  2.0000 sum   4.0000
    2    C  MulP   2.0000  2.0000 sum   4.0000
    3    C  MulP   2.0000  2.0000 sum   4.0000
    4    C  MulP   2.0000  2.0000 sum   4.0000
    5    C  MulP   2.0000  2.0000 sum   4.0000
    6    C  MulP   2.0000  2.0000 sum   4.0000
    7    C  MulP   2.0000  2.0000 sum   4.0000
    8    C  MulP   2.0000  2.0000 sum   4.0000
    9    C  MulP   2.0000  2.0000 sum   4.0000
   10    C  MulP   2.0000  2.0000 sum   4.0000
   11    C  MulP   2.0000  2.0000 sum   4.0000
   12    C  MulP   2.0000  2.0000 sum   4.0000
   13    C  MulP   2.0000  2.0000 sum   4.0000
   14    C  MulP   2.0000  2.0000 sum   4.0000
   15    C  MulP   2.0000  2.0000 sum   4.0000
   16    C  MulP   2.0000  2.0000 sum   4.0000
   17    C  MulP   2.0000  2.0000 sum   4.0000
   18    C  MulP   2.0000  2.0000 sum   4.0000
   19    C  MulP   2.0000  2.0000 sum   4.0000
   20    C  MulP   2.0000  2.0000 sum   4.0000
     ..........
     ......

 Sum of MulP: up   =   196.00000 down          =   196.00000
              total=   392.00000 ideal(neutral)=   392.00000
<DFT>  Total Spin Moment (muB) =  0.000000000000
<DFT>  Mixing_weight= 0.400000000000
<DFT>  Uele   = -185.888879005077  dUele     =   0.000000054042
<DFT>  NormRD =    0.000000164237  Criterion =   0.000000001000

******************* MD= 1  SCF=18 *******************
<Poisson>  Poisson's equation using FFT...
<Set_Hamiltonian>  Hamiltonian matrix for VNA+dVH+Vxc...
<Cluster>  Solving the eigenvalue problem...
    1    C  MulP   2.0000  2.0000 sum   4.0000
    2    C  MulP   2.0000  2.0000 sum   4.0000
    3    C  MulP   2.0000  2.0000 sum   4.0000
    4    C  MulP   2.0000  2.0000 sum   4.0000
    5    C  MulP   2.0000  2.0000 sum   4.0000
    6    C  MulP   2.0000  2.0000 sum   4.0000
    7    C  MulP   2.0000  2.0000 sum   4.0000
    8    C  MulP   2.0000  2.0000 sum   4.0000
    9    C  MulP   2.0000  2.0000 sum   4.0000
   10    C  MulP   2.0000  2.0000 sum   4.0000
   11    C  MulP   2.0000  2.0000 sum   4.0000
   12    C  MulP   2.0000  2.0000 sum   4.0000
   13    C  MulP   2.0000  2.0000 sum   4.0000
   14    C  MulP   2.0000  2.0000 sum   4.0000
   15    C  MulP   2.0000  2.0000 sum   4.0000
   16    C  MulP   2.0000  2.0000 sum   4.0000
   17    C  MulP   2.0000  2.0000 sum   4.0000
   18    C  MulP   2.0000  2.0000 sum   4.0000
   19    C  MulP   2.0000  2.0000 sum   4.0000
   20    C  MulP   2.0000  2.0000 sum   4.0000
     ..........
     ......

 Sum of MulP: up   =   196.00000 down          =   196.00000
              total=   392.00000 ideal(neutral)=   392.00000
<DFT>  Total Spin Moment (muB) =  0.000000000000
<DFT>  Mixing_weight= 0.400000000000
<DFT>  Uele   = -185.888879016400  dUele     =   0.000000011323
<DFT>  NormRD =    0.000000146240  Criterion =   0.000000001000

******************* MD= 1  SCF=19 *******************
<Poisson>  Poisson's equation using FFT...
<Set_Hamiltonian>  Hamiltonian matrix for VNA+dVH+Vxc...
<Cluster>  Solving the eigenvalue problem...
    1    C  MulP   2.0000  2.0000 sum   4.0000
    2    C  MulP   2.0000  2.0000 sum   4.0000
    3    C  MulP   2.0000  2.0000 sum   4.0000
    4    C  MulP   2.0000  2.0000 sum   4.0000
    5    C  MulP   2.0000  2.0000 sum   4.0000
    6    C  MulP   2.0000  2.0000 sum   4.0000
    7    C  MulP   2.0000  2.0000 sum   4.0000
    8    C  MulP   2.0000  2.0000 sum   4.0000
    9    C  MulP   2.0000  2.0000 sum   4.0000
   10    C  MulP   2.0000  2.0000 sum   4.0000
   11    C  MulP   2.0000  2.0000 sum   4.0000
   12    C  MulP   2.0000  2.0000 sum   4.0000
   13    C  MulP   2.0000  2.0000 sum   4.0000
   14    C  MulP   2.0000  2.0000 sum   4.0000
   15    C  MulP   2.0000  2.0000 sum   4.0000
   16    C  MulP   2.0000  2.0000 sum   4.0000
   17    C  MulP   2.0000  2.0000 sum   4.0000
   18    C  MulP   2.0000  2.0000 sum   4.0000
   19    C  MulP   2.0000  2.0000 sum   4.0000
   20    C  MulP   2.0000  2.0000 sum   4.0000
     ..........
     ......

 Sum of MulP: up   =   196.00000 down          =   196.00000
              total=   392.00000 ideal(neutral)=   392.00000
<DFT>  Total Spin Moment (muB) =  0.000000000000
<DFT>  Mixing_weight= 0.400000000000
<DFT>  Uele   = -185.888879019673  dUele     =   0.000000003273
<DFT>  NormRD =    0.000000131711  Criterion =   0.000000001000

******************* MD= 1  SCF=20 *******************
<Poisson>  Poisson's equation using FFT...
<Set_Hamiltonian>  Hamiltonian matrix for VNA+dVH+Vxc...
<Cluster>  Solving the eigenvalue problem...
    1    C  MulP   2.0000  2.0000 sum   4.0000
    2    C  MulP   2.0000  2.0000 sum   4.0000
    3    C  MulP   2.0000  2.0000 sum   4.0000
    4    C  MulP   2.0000  2.0000 sum   4.0000
    5    C  MulP   2.0000  2.0000 sum   4.0000
    6    C  MulP   2.0000  2.0000 sum   4.0000
    7    C  MulP   2.0000  2.0000 sum   4.0000
    8    C  MulP   2.0000  2.0000 sum   4.0000
    9    C  MulP   2.0000  2.0000 sum   4.0000
   10    C  MulP   2.0000  2.0000 sum   4.0000
   11    C  MulP   2.0000  2.0000 sum   4.0000
   12    C  MulP   2.0000  2.0000 sum   4.0000
   13    C  MulP   2.0000  2.0000 sum   4.0000
   14    C  MulP   2.0000  2.0000 sum   4.0000
   15    C  MulP   2.0000  2.0000 sum   4.0000
   16    C  MulP   2.0000  2.0000 sum   4.0000
   17    C  MulP   2.0000  2.0000 sum   4.0000
   18    C  MulP   2.0000  2.0000 sum   4.0000
   19    C  MulP   2.0000  2.0000 sum   4.0000
   20    C  MulP   2.0000  2.0000 sum   4.0000
     ..........
     ......

 Sum of MulP: up   =   196.00000 down          =   196.00000
              total=   392.00000 ideal(neutral)=   392.00000
<DFT>  Total Spin Moment (muB) =  0.000000000000
<DFT>  Mixing_weight= 0.400000000000
<DFT>  Uele   = -185.888879021867  dUele     =   0.000000002194
<DFT>  NormRD =    0.000000125711  Criterion =   0.000000001000

******************* MD= 1  SCF=21 *******************
<Poisson>  Poisson's equation using FFT...
<Set_Hamiltonian>  Hamiltonian matrix for VNA+dVH+Vxc...
<Cluster>  Solving the eigenvalue problem...
    1    C  MulP   2.0000  2.0000 sum   4.0000
    2    C  MulP   2.0000  2.0000 sum   4.0000
    3    C  MulP   2.0000  2.0000 sum   4.0000
    4    C  MulP   2.0000  2.0000 sum   4.0000
    5    C  MulP   2.0000  2.0000 sum   4.0000
    6    C  MulP   2.0000  2.0000 sum   4.0000
    7    C  MulP   2.0000  2.0000 sum   4.0000
    8    C  MulP   2.0000  2.0000 sum   4.0000
    9    C  MulP   2.0000  2.0000 sum   4.0000
   10    C  MulP   2.0000  2.0000 sum   4.0000
   11    C  MulP   2.0000  2.0000 sum   4.0000
   12    C  MulP   2.0000  2.0000 sum   4.0000
   13    C  MulP   2.0000  2.0000 sum   4.0000
   14    C  MulP   2.0000  2.0000 sum   4.0000
   15    C  MulP   2.0000  2.0000 sum   4.0000
   16    C  MulP   2.0000  2.0000 sum   4.0000
   17    C  MulP   2.0000  2.0000 sum   4.0000
   18    C  MulP   2.0000  2.0000 sum   4.0000
   19    C  MulP   2.0000  2.0000 sum   4.0000
   20    C  MulP   2.0000  2.0000 sum   4.0000
     ..........
     ......

 Sum of MulP: up   =   196.00000 down          =   196.00000
              total=   392.00000 ideal(neutral)=   392.00000
<DFT>  Total Spin Moment (muB) =  0.000000000000
<DFT>  Mixing_weight= 0.400000000000
<DFT>  Uele   = -185.888879022072  dUele     =   0.000000000206
<DFT>  NormRD =    0.000000122193  Criterion =   0.000000001000
<MD= 1>  Force calculation
  Force calculation #1
  Force calculation #2
  Force calculation #3
  Force calculation #4
  Force calculation #5
<MD= 1>  Total Energy
  Force calculation #6
  Force calculation #7

*******************************************************
                  Dipole moment (Debye)                 
*******************************************************

 Absolute D        0.00007449

                      Dx                Dy                Dz
 Total             -0.00003448       -0.00006603        0.00000005
 Core            6947.74256987    13370.93680992        0.00000000
 Electron       -6947.74260435   -13370.93687595        0.00000005
 Back ground       -0.00000000       -0.00000000        0.00000000

*******************************************************
                Total Energy (Hartree) at MD = 1        
*******************************************************

  Uele  =    -185.888879022072

  Ukin  =     409.922803491881
  UH0   =   -5638.648005245265
  UH1   =       1.331778401210
  Una   =    -288.503987705702
  Unl   =     -52.634591629840
  Uxc0  =     -95.138593690170
  Uxc1  =     -95.138593690170
  Ucore =    5186.233083898417
  Uhub  =       0.000000000000
  Ucs   =       0.000000000000
  Uzs   =       0.000000000000
  Uzo   =       0.000000000000
  Uef   =       0.000000000000
  UvdW  =       0.000000000000
  Uch   =       0.000000000000
  Utot  =    -572.576106169637

  UpV   =       0.000000000000
  Enpy  =    -572.576106169637
  Note:

  Uele:   band energy
  Ukin:   kinetic energy
  UH0:    electric part of screened Coulomb energy
  UH1:    difference electron-electron Coulomb energy
  Una:    neutral atom potential energy
  Unl:    non-local potential energy
  Uxc0:   exchange-correlation energy for alpha spin
  Uxc1:   exchange-correlation energy for beta spin
  Ucore:  core-core Coulomb energy
  Uhub:   LDA+U energy
  Ucs:    constraint energy for spin orientation
  Uzs:    Zeeman term for spin magnetic moment
  Uzo:    Zeeman term for orbital magnetic moment
  Uef:    electric energy by electric field
  UvdW:   semi-empirical vdW energy 
  Uch:    penalty term to create a core hole
  UpV:    pressure times volume
  Enpy:   Enthalpy = Utot + UpV
  (see also PRB 72, 045121(2005) for the energy contributions)


*******************************************************
           Computational times (s) at MD = 1            
*******************************************************

  DFT in total      =   17.09486

  Set_OLP_Kin       =    0.82455
  Set_Nonlocal      =    1.94219
  Set_ProExpn_VNA   =    0.00000
  Set_Hamiltonian   =    5.38708
  Poisson           =    0.09897
  diagonalization   =    2.55629
  Mixing_DM         =    0.02847
  Force             =    0.72515
  Total_Energy      =    1.14888
  Set_Aden_Grid     =    0.03683
  Set_Orbitals_Grid =    0.34959
  Set_Density_Grid  =    3.41775
  RestartFileDFT    =    0.22838
  Mulliken_Charge   =    0.10713
  FFT(2D)_Density   =    0.00000

The SCF was achieved at MD=   1

*******************************************************
             MD or geometry opt. at MD = 1              
*******************************************************


outputting data on grids to files...

Save the scfout file (.//openmx.scfout)

***********************************************************
***********************************************************
               Computational Time (second)                 
***********************************************************
***********************************************************

                               Min_ID   Min_Time       Max_ID   Max_Time
   Total Computational Time =    25       20.798          0       21.004
   readfile                 =     6        1.248          0        1.269
   truncation               =    25        0.944         15        0.977
   MD_pac                   =     0        0.038         31        0.064
   OutData                  =    16        0.000          0        0.012
   DFT                      =    15       17.043          0       17.095

*** In DFT ***

   Set_OLP_Kin              =    11        0.823         31        1.096
   Set_Nonlocal             =    31        1.672          8        1.946
   Set_ProExpn_VNA          =     0        0.000          0        0.000
   Set_Hamiltonian          =    16        5.387          1        5.387
   Poisson                  =    14        0.099          0        0.099
   Diagonalization          =    26        2.556         27        2.557
   Mixing_DM                =    18        0.028          1        0.029
   Force                    =     6        0.725          4        0.725
   Total_Energy             =    26        1.125          0        1.149
   Set_Aden_Grid            =     0        0.037         31        0.039
   Set_Orbitals_Grid        =    20        0.343         31        0.444
   Set_Density_Grid         =    13        2.670         21        3.420
   RestartFileDFT           =    21        0.150          7        0.267
   Mulliken_Charge          =    23        0.107          4        0.107
   FFT(2D)_Density          =     0        0.000          0        0.000
   Others                   =    31        0.195         13        1.045

The calculation was normally finished.
