***********************************************************
***********************************************************

  This calculation was performed by OpenMX Ver. 3.9.9
  using 8 MPI processes and 1 OpenMP threads.

  Sun Jun  1 17:43:13 2025

***********************************************************
***********************************************************

#
# File Name
#

System.CurrrentDirectory         ./    # default=./
System.Name                      openmx
level.of.stdout                   1    # default=1 (1-3)
level.of.fileout                  0    # default=1 (0-2)

#
# Definition of Atomic Species
#

Species.Number       1
<Definition.of.Atomic.Species
 C     C6.0-s2p2d1        C_PBE19
Definition.of.Atomic.Species>

#
# Atoms
#
Atoms.Number      2
Atoms.SpeciesAndCoordinates.Unit   Ang # Ang|AU
<Atoms.SpeciesAndCoordinates
  1   C    0.000000000000    0.000000000000    0.000000000000  2.0  2.0  off
  2   C    0.000000000000    1.420281662206    0.000000000000  2.0  2.0  off
Atoms.SpeciesAndCoordinates>
Atoms.UnitVectors.Unit             Ang # Ang|AU
<Atoms.UnitVectors
    2.460000000000    0.000000000000    0.000000000000
   -1.230000000000    2.130422493310    0.000000000000
    0.000000000000    0.000000000000   12.000000000000
Atoms.UnitVectors>
#
# SCF or Electronic System
#

scf.XcType                 GGA-PBE     # LDA|LSDA-CA|LSDA-PW|GGA-PBE
scf.SpinPolarization        off        # On|Off|NC
scf.ElectronicTemperature  300.0       # default=300 (K)
scf.energycutoff           250.0       # default=150 (Ry)
scf.maxIter                1000        # default=40
scf.EigenvalueSolver       BAND        # DC|Cluster|Band
scf.Kgrid                  7 7 1       # means n1 x n2 x n3
scf.Mixing.Type           rmm-diis    # Simple|Rmm-Diis|Gr-Pulay|Kerker|Rmm-Diisk
scf.Init.Mixing.Weight     0.30        # default=0.30
scf.Min.Mixing.Weight      0.001       # default=0.001
scf.Max.Mixing.Weight      0.400       # default=0.40
scf.Mixing.History          20         # default=5
scf.Mixing.StartPulay       10         # default=6
scf.criterion             1.0e-10      # default=1.0e-6 (Hartree)
scf.partialCoreCorrection   ON

## 1DFFT ##
1DFFT.NumGridK                    900
1DFFT.NumGridR                    900
1DFFT.EnergyCutoff                3600.0

## Others ##
scf.ProExpn.VNA                   Off

# DFT+U
#scf.Hubbard.U             on
#scf.DFTU.Type             1             # 1:Simplified(Dudarev)|2:General, default=1
#scf.Hubbard.Occupation      dual        # onsite|full|dual
#<Hubbard.U.values                       # eV
#  He  1s 0.0 2s 0.0 1p 0.0
#  Li  1s 0.0 2s 0.0 1p 0.0
#  Ti  1s 0.0 2s 0.0 3s 0.0 1p 0.0 2p 0.0 1d 4.1
#  O   1s 0.0 2s 0.0 1p 0.0 2p 0.0 1d 0.0
#  H   1s 0.0 2s 0.0 1p 0.0
#  C   1s 0.0 2s 0.0 1p 0.0 2p 0.0 1d 0.0
#Hubbard.U.values>

#<Hund.J.values                       # eV
#H0  1s 0.0 2s 0.0 1p 0.0
#H1  1s 0.0 2s 0.0 1p 0.0
#Ti  1s 0.0 2s 0.0 3s 0.0 1p 0.0 2p 0.0 1d 0.0
#O   1s 0.0 2s 0.0 1p 0.0 2p 0.0 1d 0.0
#H   1s 0.0 2s 0.0 1p 0.0
#C   1s 0.0 2s 0.0 1p 0.0 2p 0.0 1d 0.0
#Hund.J.values>

# Output of molecular orbitals
#MO.fileout   ON
#<MO.kpoint
#  0.0 0.0 0.0
#MO.kpoint>

#Dos.fileout  on
#Dos.Erange  -10.0 10.0
#Dos.Kgrid   1 1 1

#Band.dispersion             on        # on|off, default=off
#Band.Nkpath                  3
#<Band.kpath
#100   0.0000000000   0.0000000000   0.0000000000     0.3333333333   0.6666666666   0.0000000000 Γ K
#100   0.3333333333   0.6666666666   0.0000000000     0.5000000000   0.5000000000   0.0000000000 K M
#100   0.5000000000   0.5000000000   0.0000000000     0.0000000000   0.0000000000   0.0000000000 M Γ
#Band.kpath>
#120   0.0000000000   0.0000000000   0.0000000000     0.3333333333   0.3333333333   0.0000000000 Γ K
##80   0.3333333333   0.3333333333   0.0000000000     0.5000000000   0.0000000000   0.0000000000 K M
##120   0.5000000000   0.0000000000   0.0000000000     0.0000000000   0.0000000000   0.0000000000 M Γ

# VDW DFT-D2
#scf.dftD            on         # on|off, default=off
#DFTD.Unit           Ang        # Ang|AU
#DFTD.rcut_dftD      50.0       # default=100 (DFTD.Unit)
#DFTD.d              20.0       # default=20
#DFTD.scale6         0.75       # default=0.75
#DFTD.IntDirection   1 1 1      # default=1 1 1 (1:on 0:off)

#
# MD or Geometry Optimization
#

#<MD.Fixed.Cell.Vectors
# 0 0 0
# 0 0 0
# 1 1 1
#MD.Fixed.Cell.Vectors>

MD.Type                     nomd #OptC2       # Nomd|Opt|NVE|NVT_VS|NVT_NH
                                     # Constraint_Opt|DIIS
#MD.maxIter                    500        # default=1
#MD.TimeStep                 1.0        # default=0.5 (fs)
#MD.Opt.criterion         1.0e-6        # default=1.0e-4 (Hartree/Bohr)

DATA.PATH     /home/huangdq_group/tuyouyou/data/opt/openmx3.9-amd/DFT_DATA19
HS.fileout    On


***********************************************************
***********************************************************

  Required cutoff energy (Ryd) for 3D-grids = 250.0000
      Used cutoff energy (Ryd) for 3D-grids = 243.5738, 243.5738, 240.7552
  Num. of grids of a-, b-, and c-axes = 20, 20, 112

  Num.Grid1.    20
  Num.Grid2.    20
  Num.Grid3.   112


  Cell_Volume =    424.403150600405 (Bohr^3)
  GridVol     =      0.009473284612 (Bohr^3)
  Cell vectors (bohr) of the grid cell (gtv)
    gtv_a =  0.232436296595,  0.000000000000,  0.000000000000
    gtv_b = -0.116218148298,  0.201295737613,  0.000000000000
    gtv_c =  0.000000000000,  0.000000000000,  0.202470641633
    |gtv_a| =  0.232436296595
    |gtv_b| =  0.232436296595
    |gtv_c| =  0.202470641633

***********************************************************
***********************************************************


***********************************************************
***********************************************************
                  SCF history at MD= 1                    
***********************************************************
***********************************************************

   SCF=   1  NormRD=  1.000000000000  Uele= -3.248750842700
   SCF=   2  NormRD=  0.507130416842  Uele= -3.587724525671
   SCF=   3  NormRD=  0.192020646289  Uele= -3.718419562260
   SCF=   4  NormRD=  0.071740152607  Uele= -3.768235381480
   SCF=   5  NormRD=  0.025695826276  Uele= -3.786513910696
   SCF=   6  NormRD=  0.014976475248  Uele= -3.802013503405
   SCF=   7  NormRD=  0.009386972722  Uele= -3.804264634736
   SCF=   8  NormRD=  0.004459953324  Uele= -3.798034782707
   SCF=   9  NormRD=  0.002190903030  Uele= -3.795457237980
   SCF=  10  NormRD=  0.001113377565  Uele= -3.794392825251
   SCF=  11  NormRD=  0.000583992846  Uele= -3.793954289210
   SCF=  12  NormRD=  0.000043323968  Uele= -3.793729141310
   SCF=  13  NormRD=  0.000001078250  Uele= -3.793648289634
   SCF=  14  NormRD=  0.000000044051  Uele= -3.793650436815
   SCF=  15  NormRD=  0.000000000351  Uele= -3.793650509728
   SCF=  16  NormRD=  0.000000000071  Uele= -3.793650510304
   SCF=  17  NormRD=  0.000000000012  Uele= -3.793650510306

*******************************************************
        Total energy (Hartree) at MD = 1        
*******************************************************

  Uele.         -3.793650510306

  Ukin.          8.365772303617
  UH0.        -115.074449086638
  UH1.           0.027179161244
  Una.          -5.887836612194
  Unl.          -1.074175871919
  Uxc0.         -1.941603964854
  Uxc1.         -1.941603964854
  Ucore.       105.841491508131
  Uhub.          0.000000000000
  Ucs.           0.000000000000
  Uzs.           0.000000000000
  Uzo.           0.000000000000
  Uef.           0.000000000000
  UvdW.          0.000000000000
  Uch.           0.000000000000
  Utot.        -11.685226527466

  UpV.           0.000000000000
  Enpy.        -11.685226527466
  Note:

  Utot = Ukin+UH0+UH1+Una+Unl+Uxc0+Uxc1+Ucore+Uhub+Ucs+Uzs+Uzo+Uef+UvdW+Uch

  Uele:   band energy
  Ukin:   kinetic energy
  UH0:    electric part of screened Coulomb energy
  UH1:    difference electron-electron Coulomb energy
  Una:    neutral atom potential energy
  Unl:    non-local potential energy
  Uxc0:   exchange-correlation energy for alpha spin
  Uxc1:   exchange-correlation energy for beta spin
  Ucore:  core-core Coulomb energy
  Uhub:   LDA+U energy
  Ucs:    constraint energy for spin orientation
  Uzs:    Zeeman term for spin magnetic moment
  Uzo:    Zeeman term for orbital magnetic moment
  Uef:    electric energy by electric field
  UvdW:   semi-empirical vdW energy
  Uch:    penalty term to create a core hole

  UpV:    pressure times volume
  Enpy:   Enthalpy = Utot + UpV
  (see also PRB 72, 045121(2005) for the energy contributions)



  Chemical potential (Hartree)      -0.137199517485

***********************************************************
***********************************************************
           Eigenvalues (Hartree) of SCF KS-eq.           
***********************************************************
***********************************************************

   Chemical Potential (Hartree) =  -0.13719951748499
   Number of States             =   8.00000000000000
   Eigenvalues
              Up-spin           Down-spin

   kloop=0
   k1=  -0.42857 k2=  -0.42857 k3=   0.00000

    1   -0.65139348155862  -0.65139348155862
    2   -0.61425480425528  -0.61425480425528
    3   -0.42592602829985  -0.42592602829985
    4   -0.20721831211875  -0.20721831211875
    5   -0.07828364632700  -0.07828364632700
    6    0.21692987036960   0.21692987036960
    7    0.45705299417284   0.45705299417284
    8    0.50580838497250   0.50580838497250
    9    0.51963934223578   0.51963934223578
   10    0.60951821617156   0.60951821617156
   11    0.66470933572022   0.66470933572022
   12    0.77863759408374   0.77863759408374
   13    0.86185994768480   0.86185994768480
   14    0.98407745192485   0.98407745192485
   15    1.20607464873032   1.20607464873032
   16    1.31888562480669   1.31888562480669
   17    1.58937890174737   1.58937890174737
   18    1.77147343151036   1.77147343151036
   19    1.84366758007535   1.84366758007535
   20    2.03731332661448   2.03731332661448
   21    2.26935692102202   2.26935692102202
   22    2.48126435402913   2.48126435402913
   23    2.54012019689402   2.54012019689402
   24    3.47088715975311   3.47088715975311
   25    3.57561850327332   3.57561850327332
   26    5.74173965322751   5.74173965322751

   kloop=1
   k1=  -0.42857 k2=  -0.28572 k3=   0.00000

    1   -0.65413704888492  -0.65413704888492
    2   -0.56103436284811  -0.56103436284811
    3   -0.50174205058032  -0.50174205058032
    4   -0.19181749785922  -0.19181749785922
    5   -0.08040577567681  -0.08040577567681
    6    0.36248620292439   0.36248620292439
    7    0.36477319419443   0.36477319419443
    8    0.47728795409168   0.47728795409168
    9    0.50714691169614   0.50714691169614
   10    0.65326317478364   0.65326317478364
   11    0.74339341731087   0.74339341731087
   12    0.77610248494696   0.77610248494696
   13    0.82149492468338   0.82149492468338
   14    0.89211252867920   0.89211252867920
   15    1.20001297205465   1.20001297205465
   16    1.37553983427744   1.37553983427744
   17    1.58339357188183   1.58339357188183
   18    1.76760715663032   1.76760715663032
   19    1.78985196772979   1.78985196772979
   20    2.14537463125757   2.14537463125757
   21    2.23416341161661   2.23416341161661
   22    2.56567251882992   2.56567251882992
   23    2.60393164725562   2.60393164725562
   24    3.38654168828346   3.38654168828346
   25    3.81434193207276   3.81434193207276
   26    7.14302210719152   7.14302210719152

   kloop=2
   k1=  -0.42857 k2=  -0.14286 k3=   0.00000

    1   -0.65137041623978  -0.65137041623978
    2   -0.61428167320169  -0.61428167320169
    3   -0.42592554840072  -0.42592554840072
    4   -0.20719804449618  -0.20719804449618
    5   -0.07831677076754  -0.07831677076754
    6    0.21692765934607   0.21692765934607
    7    0.45705642877453   0.45705642877453
    8    0.50583159894080   0.50583159894080
    9    0.51963998030697   0.51963998030697
   10    0.60952009837309   0.60952009837309
   11    0.66473184881512   0.66473184881512
   12    0.77864718922162   0.77864718922162
   13    0.86187247281981   0.86187247281981
   14    0.98401066134986   0.98401066134986
   15    1.20606690592929   1.20606690592929
   16    1.31888697227101   1.31888697227101
   17    1.58920609660588   1.58920609660588
   18    1.77148904851356   1.77148904851356
   19    1.84368109036921   1.84368109036921
   20    2.03726884416752   2.03726884416752
   21    2.26914755192146   2.26914755192146
   22    2.48128124570247   2.48128124570247
   23    2.54020055588341   2.54020055588341
   24    3.47134091022689   3.47134091022689
   25    3.57570502394234   3.57570502394234
   26    5.74213514263244   5.74213514263244

   kloop=3
   k1=  -0.42857 k2=  -0.00000 k3=   0.00000

    1   -0.70156844083590  -0.70156844083590
    2   -0.57997922797553  -0.57997922797553
    3   -0.37013001906385  -0.37013001906385
    4   -0.24764306755206  -0.24764306755206
    5   -0.04088066720968  -0.04088066720968
    6    0.14855825032885   0.14855825032885
    7    0.46620059768765   0.46620059768765
    8    0.49037917305637   0.49037917305637
    9    0.51990699663843   0.51990699663843
   10    0.57683271722844   0.57683271722844
   11    0.66241348978710   0.66241348978710
   12    0.79518828802714   0.79518828802714
   13    0.87194004482665   0.87194004482665
   14    1.11760822416181   1.11760822416181
   15    1.20936823493822   1.20936823493822
   16    1.36140764880576   1.36140764880576
   17    1.67194412774622   1.67194412774622
   18    1.73859088451047   1.73859088451047
   19    1.81606048491466   1.81606048491466
   20    1.90711765683506   1.90711765683506
   21    2.27183051890590   2.27183051890590
   22    2.27448086376232   2.27448086376232
   23    2.48633267732347   2.48633267732347
   24    3.21008835042425   3.21008835042425
   25    4.10468415861944   4.10468415861944
   26    5.12234047424318   5.12234047424318

   kloop=4
   k1=  -0.42857 k2=   0.14286 k3=   0.00000

    1   -0.73463979588735  -0.73463979588735
    2   -0.50866927431297  -0.50866927431297
    3   -0.40690875561422  -0.40690875561422
    4   -0.27737428861030  -0.27737428861030
    5    0.01397507543727   0.01397507543727
    6    0.22376720588257   0.22376720588257
    7    0.38592778316531   0.38592778316531
    8    0.43893199029604   0.43893199029604
    9    0.44422424853444   0.44422424853444
   10    0.60715219883177   0.60715219883177
   11    0.70147949258058   0.70147949258058
   12    0.87564843162472   0.87564843162472
   13    0.90782664675129   0.90782664675129
   14    1.05528202961275   1.05528202961275
   15    1.26009529740629   1.26009529740629
   16    1.41858261976655   1.41858261976655
   17    1.59072479574323   1.59072479574323
   18    1.66643563270251   1.66643563270251
   19    1.69864571700276   1.69864571700276
   20    2.06789994735843   2.06789994735843
   21    2.08609112730113   2.08609112730113
   22    2.31670682051143   2.31670682051143
   23    2.68041664717644   2.68041664717644
   24    3.25283427994643   3.25283427994643
   25    4.92146697024569   4.92146697024569
   26    5.76602059456175   5.76602059456175

   kloop=5
   k1=  -0.42857 k2=   0.28571 k3=   0.00000

    1   -0.73464109917224  -0.73464109917224
    2   -0.50866450885579  -0.50866450885579
    3   -0.40690943104953  -0.40690943104953
    4   -0.27737831369270  -0.27737831369270
    5    0.01398679463179   0.01398679463179
    6    0.22377078098034   0.22377078098034
    7    0.38591203988928   0.38591203988928
    8    0.43893393248522   0.43893393248522
    9    0.44422762361179   0.44422762361179
   10    0.60714587744984   0.60714587744984
   11    0.70147654322407   0.70147654322407
   12    0.87563369451530   0.87563369451530
   13    0.90781976657406   0.90781976657406
   14    1.05527477064119   1.05527477064119
   15    1.26009202119388   1.26009202119388
   16    1.41855116106154   1.41855116106154
   17    1.59089054172039   1.59089054172039
   18    1.66626860167797   1.66626860167797
   19    1.69864882337531   1.69864882337531
   20    2.06789606121110   2.06789606121110
   21    2.08611498005882   2.08611498005882
   22    2.31669227818535   2.31669227818535
   23    2.68060410622620   2.68060410622620
   24    3.25284618425957   3.25284618425957
   25    4.92136790774491   4.92136790774491
   26    5.76596501121244   5.76596501121244

   kloop=6
   k1=  -0.42857 k2=   0.42857 k3=   0.00000

    1   -0.70157445919086  -0.70157445919086
    2   -0.57996899958934  -0.57996899958934
    3   -0.37012806249247  -0.37012806249247
    4   -0.24765646347706  -0.24765646347706
    5   -0.04085219725488  -0.04085219725488
    6    0.14855034769032   0.14855034769032
    7    0.46622290880560   0.46622290880560
    8    0.49038708925530   0.49038708925530
    9    0.51989497115332   0.51989497115332
   10    0.57677568552430   0.57677568552430
   11    0.66240513451274   0.66240513451274
   12    0.79517444551235   0.79517444551235
   13    0.87192709661184   0.87192709661184
   14    1.11760902848038   1.11760902848038
   15    1.20945273761452   1.20945273761452
   16    1.36148285300779   1.36148285300779
   17    1.67192330181021   1.67192330181021
   18    1.73849308091841   1.73849308091841
   19    1.81604014610277   1.81604014610277
   20    1.90711870358501   1.90711870358501
   21    2.27204153679853   2.27204153679853
   22    2.27444734007812   2.27444734007812
   23    2.48639898202532   2.48639898202532
   24    3.21002328502963   3.21002328502963
   25    4.10416707166890   4.10416707166890
   26    5.12231586447836   5.12231586447836

   kloop=7
   k1=  -0.28571 k2=  -0.42857 k3=   0.00000

    1   -0.65413830373826  -0.65413830373826
    2   -0.56103345518012  -0.56103345518012
    3   -0.50174118326925  -0.50174118326925
    4   -0.19181876198160  -0.19181876198160
    5   -0.08040448161551  -0.08040448161551
    6    0.36248561409376   0.36248561409376
    7    0.36477210718718   0.36477210718718
    8    0.47728811505570   0.47728811505570
    9    0.50714610577320   0.50714610577320
   10    0.65326293326444   0.65326293326444
   11    0.74339199702994   0.74339199702994
   12    0.77610448110074   0.77610448110074
   13    0.82149536181245   0.82149536181245
   14    0.89211412689036   0.89211412689036
   15    1.20001466105116   1.20001466105116
   16    1.37553792224932   1.37553792224932
   17    1.58339515719668   1.58339515719668
   18    1.76760631835045   1.76760631835045
   19    1.78985121520719   1.78985121520719
   20    2.14537243598774   2.14537243598774
   21    2.23415699549695   2.23415699549695
   22    2.56567387641050   2.56567387641050
   23    2.60392931342177   2.60392931342177
   24    3.38655040331614   3.38655040331614
   25    3.81434769658365   3.81434769658365
   26    7.14300031132593   7.14300031132593

   kloop=8
   k1=  -0.28571 k2=  -0.28572 k3=   0.00000

    1   -0.65413071123688  -0.65413071123688
    2   -0.56105492856962  -0.56105492856962
    3   -0.50172806822311  -0.50172806822311
    4   -0.19180363496665  -0.19180363496665
    5   -0.08042714006836  -0.08042714006836
    6    0.36243677857020   0.36243677857020
    7    0.36482308075036   0.36482308075036
    8    0.47728952060559   0.47728952060559
    9    0.50714293237914   0.50714293237914
   10    0.65326208806787   0.65326208806787
   11    0.74336512532175   0.74336512532175
   12    0.77612360799672   0.77612360799672
   13    0.82149874529626   0.82149874529626
   14    0.89211543626826   0.89211543626826
   15    1.20000384558214   1.20000384558214
   16    1.37550344414304   1.37550344414304
   17    1.58343253216538   1.58343253216538
   18    1.76756569742438   1.76756569742438
   19    1.78982899971223   1.78982899971223
   20    2.14513572474748   2.14513572474748
   21    2.23375355012813   2.23375355012813
   22    2.56598969879570   2.56598969879570
   23    2.60392618554806   2.60392618554806
   24    3.38709071251986   3.38709071251986
   25    3.81434059579476   3.81434059579476
   26    7.14343914664048   7.14343914664048

   kloop=9
   k1=  -0.28571 k2=  -0.14286 k3=   0.00000

    1   -0.73463774122386  -0.73463774122386
    2   -0.50867804397230  -0.50867804397230
    3   -0.40690230804984  -0.40690230804984
    4   -0.27736879265904  -0.27736879265904
    5    0.01396077132412   0.01396077132412
    6    0.22378461410919   0.22378461410919
    7    0.38590573315852   0.38590573315852
    8    0.43891912286467   0.43891912286467
    9    0.44421853944771   0.44421853944771
   10    0.60713570727875   0.60713570727875
   11    0.70149460958102   0.70149460958102
   12    0.87561857925706   0.87561857925706
   13    0.90784177757646   0.90784177757646
   14    1.05521884688204   1.05521884688204
   15    1.26007167075119   1.26007167075119
   16    1.41856556288189   1.41856556288189
   17    1.59075772238603   1.59075772238603
   18    1.66627913798926   1.66627913798926
   19    1.69867948047152   1.69867948047152
   20    2.06752686084176   2.06752686084176
   21    2.08599795175685   2.08599795175685
   22    2.31668633468848   2.31668633468848
   23    2.68095039816187   2.68095039816187
   24    3.25279642412477   3.25279642412477
   25    4.92201619714010   4.92201619714010
   26    5.76645271264962   5.76645271264962

   kloop=10
   k1=  -0.28571 k2=  -0.00000 k3=   0.00000

    1   -0.78597061924656  -0.78597061924656
    2   -0.44610977545243  -0.44610977545243
    3   -0.33678890723829  -0.33678890723829
    4   -0.33495408710862  -0.33495408710862
    5    0.10073852815716   0.10073852815716
    6    0.16112282205975   0.16112282205975
    7    0.36139649872335   0.36139649872335
    8    0.40255047372420   0.40255047372420
    9    0.40809843390365   0.40809843390365
   10    0.46330455256467   0.46330455256467
   11    0.84944620142692   0.84944620142692
   12    0.90156743379914   0.90156743379914
   13    0.91658309605223   0.91658309605223
   14    1.35306899920588   1.35306899920588
   15    1.42562697504546   1.42562697504546
   16    1.45906434673378   1.45906434673378
   17    1.48191240802898   1.48191240802898
   18    1.73129055574676   1.73129055574676
   19    1.91499984302377   1.91499984302377
   20    1.92848110751702   1.92848110751702
   21    1.99514714081255   1.99514714081255
   22    2.37342646749037   2.37342646749037
   23    2.51882497286037   2.51882497286037
   24    2.96344234505131   2.96344234505131
   25    5.39153414859796   5.39153414859796
   26    5.76617298042379   5.76617298042379

   kloop=11
   k1=  -0.28571 k2=   0.14286 k3=   0.00000

    1   -0.80341978253561  -0.80341978253561
    2   -0.39147720531990  -0.39147720531990
    3   -0.35485646082918  -0.35485646082918
    4   -0.34733750777554  -0.34733750777554
    5    0.14501795250741   0.14501795250741
    6    0.21587407430426   0.21587407430426
    7    0.28166801207399   0.28166801207399
    8    0.34066245020550   0.34066245020550
    9    0.38375851226153   0.38375851226153
   10    0.46902034332379   0.46902034332379
   11    0.81711663674014   0.81711663674014
   12    0.94037282206670   0.94037282206670
   13    1.03452311301883   1.03452311301883
   14    1.24384492323742   1.24384492323742
   15    1.44724210309272   1.44724210309272
   16    1.59205798266611   1.59205798266611
   17    1.70103229336286   1.70103229336286
   18    1.72815532476284   1.72815532476284
   19    1.80163802304581   1.80163802304581
   20    1.97134297485190   1.97134297485190
   21    2.21107475587605   2.21107475587605
   22    2.26897841850036   2.26897841850036
   23    2.81228905855337   2.81228905855337
   24    2.95635052423339   2.95635052423339
   25    5.60871235972034   5.60871235972034
   26    6.33722190240998   6.33722190240998

   kloop=12
   k1=  -0.28571 k2=   0.28571 k3=   0.00000

    1   -0.78597200317528  -0.78597200317528
    2   -0.44610165597942  -0.44610165597942
    3   -0.33679118701868  -0.33679118701868
    4   -0.33495852945317  -0.33495852945317
    5    0.10075652355144   0.10075652355144
    6    0.16110399216411   0.16110399216411
    7    0.36142530518701   0.36142530518701
    8    0.40255806091390   0.40255806091390
    9    0.40809810693036   0.40809810693036
   10    0.46330982288281   0.46330982288281
   11    0.84942795274429   0.84942795274429
   12    0.90156429276830   0.90156429276830
   13    0.91657467741714   0.91657467741714
   14    1.35310557888843   1.35310557888843
   15    1.42564419080933   1.42564419080933
   16    1.45904363801216   1.45904363801216
   17    1.48181751243711   1.48181751243711
   18    1.73130466734944   1.73130466734944
   19    1.91508237921287   1.91508237921287
   20    1.92848298913988   1.92848298913988
   21    1.99513416648410   1.99513416648410
   22    2.37343583650298   2.37343583650298
   23    2.51890305075599   2.51890305075599
   24    2.96357622471201   2.96357622471201
   25    5.39205062805935   5.39205062805935
   26    5.76548160228617   5.76548160228617

   kloop=13
   k1=  -0.28571 k2=   0.42857 k3=   0.00000

    1   -0.73464109886724  -0.73464109886724
    2   -0.50866451750363  -0.50866451750363
    3   -0.40690942126034  -0.40690942126034
    4   -0.27737831382228  -0.27737831382228
    5    0.01398679003950   0.01398679003950
    6    0.22377078161725   0.22377078161725
    7    0.38591206042475   0.38591206042475
    8    0.43893392981729   0.43893392981729
    9    0.44422763693976   0.44422763693976
   10    0.60714585452549   0.60714585452549
   11    0.70147653400678   0.70147653400678
   12    0.87563368937803   0.87563368937803
   13    0.90781977692678   0.90781977692678
   14    1.05527475872984   1.05527475872984
   15    1.26009201086389   1.26009201086389
   16    1.41855116539384   1.41855116539384
   17    1.59089055947014   1.59089055947014
   18    1.66626860103318   1.66626860103318
   19    1.69864883249739   1.69864883249739
   20    2.06789604022162   2.06789604022162
   21    2.08611495704251   2.08611495704251
   22    2.31669226763023   2.31669226763023
   23    2.68060409966508   2.68060409966508
   24    3.25284618953291   3.25284618953291
   25    4.92136799643760   4.92136799643760
   26    5.76596504856892   5.76596504856892

   kloop=14
   k1=  -0.14286 k2=  -0.42857 k3=   0.00000

    1   -0.65137070780153  -0.65137070780153
    2   -0.61428201627486  -0.61428201627486
    3   -0.42592428747316  -0.42592428747316
    4   -0.20719848956375  -0.20719848956375
    5   -0.07831656862559  -0.07831656862559
    6    0.21692590269767   0.21692590269767
    7    0.45705713123880   0.45705713123880
    8    0.50583192982121   0.50583192982121
    9    0.51964020977656   0.51964020977656
   10    0.60951957390668   0.60951957390668
   11    0.66473057967939   0.66473057967939
   12    0.77864747774892   0.77864747774892
   13    0.86187270909653   0.86187270909653
   14    0.98401342981816   0.98401342981816
   15    1.20606425026338   1.20606425026338
   16    1.31889032917307   1.31889032917307
   17    1.58920282547385   1.58920282547385
   18    1.77149232619431   1.77149232619431
   19    1.84368113677169   1.84368113677169
   20    2.03726613015599   2.03726613015599
   21    2.26914779887162   2.26914779887162
   22    2.48127813140183   2.48127813140183
   23    2.54020013763519   2.54020013763519
   24    3.47134283941010   3.47134283941010
   25    3.57570167162801   3.57570167162801
   26    5.74211521552252   5.74211521552252

   kloop=15
   k1=  -0.14286 k2=  -0.28572 k3=   0.00000

    1   -0.73463750361476  -0.73463750361476
    2   -0.50867908148222  -0.50867908148222
    3   -0.40690139887929  -0.40690139887929
    4   -0.27736856666801  -0.27736856666801
    5    0.01396020115676   0.01396020115676
    6    0.22378279430099   0.22378279430099
    7    0.38590776966824   0.38590776966824
    8    0.43891973872512   0.43891973872512
    9    0.44421892141960   0.44421892141960
   10    0.60713508009375   0.60713508009375
   11    0.70149475329602   0.70149475329602
   12    0.87561853912508   0.87561853912508
   13    0.90783937352728   0.90783937352728
   14    1.05522063340736   1.05522063340736
   15    1.26006911060247   1.26006911060247
   16    1.41856711322928   1.41856711322928
   17    1.59075458394513   1.59075458394513
   18    1.66627941439398   1.66627941439398
   19    1.69868259195284   1.69868259195284
   20    2.06753071501321   2.06753071501321
   21    2.08599628744343   2.08599628744343
   22    2.31668541118070   2.31668541118070
   23    2.68094642837012   2.68094642837012
   24    3.25279519192726   3.25279519192726
   25    4.92200748142243   4.92200748142243
   26    5.76643972067402   5.76643972067402

   kloop=16
   k1=  -0.14286 k2=  -0.14286 k3=   0.00000

    1   -0.80341689365820  -0.80341689365820
    2   -0.39149886147174  -0.39149886147174
    3   -0.35485304338366  -0.35485304338366
    4   -0.34731892520585  -0.34731892520585
    5    0.14500264827036   0.14500264827036
    6    0.21593770198214   0.21593770198214
    7    0.28160592739597   0.28160592739597
    8    0.34061576650424   0.34061576650424
    9    0.38375457092010   0.38375457092010
   10    0.46900518943692   0.46900518943692
   11    0.81714420755359   0.81714420755359
   12    0.94031049915109   0.94031049915109
   13    1.03449331552369   1.03449331552369
   14    1.24377148217651   1.24377148217651
   15    1.44702296048442   1.44702296048442
   16    1.59210811183644   1.59210811183644
   17    1.70109998310120   1.70109998310120
   18    1.72816539489759   1.72816539489759
   19    1.80164325091008   1.80164325091008
   20    1.97131575781588   1.97131575781588
   21    2.21102594482154   2.21102594482154
   22    2.26859181371284   2.26859181371284
   23    2.81276791542662   2.81276791542662
   24    2.95628983056126   2.95628983056126
   25    5.60905947751498   5.60905947751498
   26    6.33805159530751   6.33805159530751

   kloop=17
   k1=  -0.14286 k2=  -0.00000 k3=   0.00000

    1   -0.83858482060256  -0.83858482060256
    2   -0.39605840605712  -0.39605840605712
    3   -0.31465250744632  -0.31465250744632
    4   -0.28281142348700  -0.28281142348700
    5    0.17484978641982   0.17484978641982
    6    0.23719488050044   0.23719488050044
    7    0.24337488765743   0.24337488765743
    8    0.29602258249219   0.29602258249219
    9    0.35703705591130   0.35703705591130
   10    0.37185098854261   0.37185098854261
   11    0.94916705526058   0.94916705526058
   12    1.00255486350097   1.00255486350097
   13    1.00737175705385   1.00737175705385
   14    1.50222471476275   1.50222471476275
   15    1.54818476682165   1.54818476682165
   16    1.65883044940591   1.65883044940591
   17    1.66467373180201   1.66467373180201
   18    1.74907371435493   1.74907371435493
   19    2.18704479017396   2.18704479017396
   20    2.38521188055206   2.38521188055206
   21    2.65998106094254   2.65998106094254
   22    2.70492234037942   2.70492234037942
   23    2.70765460046225   2.70765460046225
   24    2.83868199688543   2.83868199688543
   25    5.36129641063634   5.36129641063634
   26    6.72860457711997   6.72860457711997

   kloop=18
   k1=  -0.14286 k2=   0.14286 k3=   0.00000

    1   -0.83858662898308  -0.83858662898308
    2   -0.39605954231886  -0.39605954231886
    3   -0.31463921322890  -0.31463921322890
    4   -0.28282200093717  -0.28282200093717
    5    0.17481022095069   0.17481022095069
    6    0.23720130850693   0.23720130850693
    7    0.24341247469674   0.24341247469674
    8    0.29605214610898   0.29605214610898
    9    0.35703875198549   0.35703875198549
   10    0.37185551124830   0.37185551124830
   11    0.94913536682201   0.94913536682201
   12    1.00258448233474   1.00258448233474
   13    1.00739126623074   1.00739126623074
   14    1.50247625327950   1.50247625327950
   15    1.54816574684383   1.54816574684383
   16    1.65884842127283   1.65884842127283
   17    1.66464752507769   1.66464752507769
   18    1.74889621730663   1.74889621730663
   19    2.18697693960452   2.18697693960452
   20    2.38519462930219   2.38519462930219
   21    2.65996670614767   2.65996670614767
   22    2.70537620800330   2.70537620800330
   23    2.70773513713756   2.70773513713756
   24    2.83805562454516   2.83805562454516
   25    5.36205584687273   5.36205584687273
   26    6.72811576219818   6.72811576219818

   kloop=19
   k1=  -0.14286 k2=   0.28571 k3=   0.00000

    1   -0.80341978252314  -0.80341978252314
    2   -0.39147723716842  -0.39147723716842
    3   -0.35485645532682  -0.35485645532682
    4   -0.34733747429437  -0.34733747429437
    5    0.14501794292169   0.14501794292169
    6    0.21587409033357   0.21587409033357
    7    0.28166801856233   0.28166801856233
    8    0.34066244709794   0.34066244709794
    9    0.38375851243111   0.38375851243111
   10    0.46902031698085   0.46902031698085
   11    0.81711664059593   0.81711664059593
   12    0.94037280007120   0.94037280007120
   13    1.03452310729532   1.03452310729532
   14    1.24384491481134   1.24384491481134
   15    1.44724209497725   1.44724209497725
   16    1.59205799831215   1.59205799831215
   17    1.70103231771282   1.70103231771282
   18    1.72815533919037   1.72815533919037
   19    1.80163802300690   1.80163802300690
   20    1.97134296807178   1.97134296807178
   21    2.21107472939226   2.21107472939226
   22    2.26897844920923   2.26897844920923
   23    2.81228911677297   2.81228911677297
   24    2.95635051490605   2.95635051490605
   25    5.60871265556259   5.60871265556259
   26    6.33722184792576   6.33722184792576

   kloop=20
   k1=  -0.14286 k2=   0.42857 k3=   0.00000

    1   -0.73463979480669  -0.73463979480669
    2   -0.50866929948304  -0.50866929948304
    3   -0.40690872777881  -0.40690872777881
    4   -0.27737428187313  -0.27737428187313
    5    0.01397506696201   0.01397506696201
    6    0.22376722508579   0.22376722508579
    7    0.38592778632031   0.38592778632031
    8    0.43893198298531   0.43893198298531
    9    0.44422426305545   0.44422426305545
   10    0.60715217716023   0.60715217716023
   11    0.70147949139504   0.70147949139504
   12    0.87564841281062   0.87564841281062
   13    0.90782665292602   0.90782665292602
   14    1.05528203632462   1.05528203632462
   15    1.26009529532737   1.26009529532737
   16    1.41858262397512   1.41858262397512
   17    1.59072480874944   1.59072480874944
   18    1.66643561885917   1.66643561885917
   19    1.69864572790971   1.69864572790971
   20    2.06789998317478   2.06789998317478
   21    2.08609110752807   2.08609110752807
   22    2.31670681161866   2.31670681161866
   23    2.68041668357659   2.68041668357659
   24    3.25283427755820   3.25283427755820
   25    4.92146693708230   4.92146693708230
   26    5.76602064105316   5.76602064105316

   kloop=21
   k1=   0.00000 k2=  -0.42857 k3=   0.00000

    1   -0.70156776148146  -0.70156776148146
    2   -0.57998010616563  -0.57998010616563
    3   -0.37013012025366  -0.37013012025366
    4   -0.24764249546999  -0.24764249546999
    5   -0.04088145183591  -0.04088145183591
    6    0.14855821747808   0.14855821747808
    7    0.46620119283481   0.46620119283481
    8    0.49037995143541   0.49037995143541
    9    0.51990703340104   0.51990703340104
   10    0.57683355929739   0.57683355929739
   11    0.66241200669528   0.66241200669528
   12    0.79518810146021   0.79518810146021
   13    0.87193995512684   0.87193995512684
   14    1.11760763190690   1.11760763190690
   15    1.20936725058003   1.20936725058003
   16    1.36140818960180   1.36140818960180
   17    1.67194491071380   1.67194491071380
   18    1.73859030023088   1.73859030023088
   19    1.81606083229104   1.81606083229104
   20    1.90711844297350   1.90711844297350
   21    2.27183137496838   2.27183137496838
   22    2.27448203045933   2.27448203045933
   23    2.48633263249547   2.48633263249547
   24    3.21009039561721   3.21009039561721
   25    4.10467286910798   4.10467286910798
   26    5.12233902195747   5.12233902195747

   kloop=22
   k1=   0.00000 k2=  -0.28572 k3=   0.00000

    1   -0.78597013293657  -0.78597013293657
    2   -0.44611077162781  -0.44611077162781
    3   -0.33678921500768  -0.33678921500768
    4   -0.33495353341910  -0.33495353341910
    5    0.10073745492246   0.10073745492246
    6    0.16112272695909   0.16112272695909
    7    0.36139719676579   0.36139719676579
    8    0.40255092614773   0.40255092614773
    9    0.40809972160787   0.40809972160787
   10    0.46330518707293   0.46330518707293
   11    0.84944565292057   0.84944565292057
   12    0.90156613270269   0.90156613270269
   13    0.91658250259238   0.91658250259238
   14    1.35306829737794   1.35306829737794
   15    1.42562515611533   1.42562515611533
   16    1.45905879479981   1.45905879479981
   17    1.48191296779729   1.48191296779729
   18    1.73129188390639   1.73129188390639
   19    1.91499848397928   1.91499848397928
   20    1.92847900133186   1.92847900133186
   21    1.99514957988028   1.99514957988028
   22    2.37342504098671   2.37342504098671
   23    2.51882458509708   2.51882458509708
   24    2.96344410685324   2.96344410685324
   25    5.39153327539292   5.39153327539292
   26    5.76616298943145   5.76616298943145

   kloop=23
   k1=   0.00000 k2=  -0.14286 k3=   0.00000

    1   -0.83858457302679  -0.83858457302679
    2   -0.39605811461303  -0.39605811461303
    3   -0.31465332702630  -0.31465332702630
    4   -0.28281177031529  -0.28281177031529
    5    0.17484976967968   0.17484976967968
    6    0.23719411782095   0.23719411782095
    7    0.24337580041450   0.24337580041450
    8    0.29602279216935   0.29602279216935
    9    0.35703724730643   0.35703724730643
   10    0.37185148129083   0.37185148129083
   11    0.94916629372088   0.94916629372088
   12    1.00255452182785   1.00255452182785
   13    1.00737133335376   1.00737133335376
   14    1.50222198897924   1.50222198897924
   15    1.54818560655284   1.54818560655284
   16    1.65883247298221   1.65883247298221
   17    1.66467251705918   1.66467251705918
   18    1.74907039732198   1.74907039732198
   19    2.18704152503702   2.18704152503702
   20    2.38520904858797   2.38520904858797
   21    2.65997365334012   2.65997365334012
   22    2.70491777879155   2.70491777879155
   23    2.70765568934631   2.70765568934631
   24    2.83867543831025   2.83867543831025
   25    5.36129774084299   5.36129774084299
   26    6.72860153929905   6.72860153929905

   kloop=24
   k1=   0.00000 k2=  -0.00000 k3=   0.00000

    1   -0.85629543656295  -0.85629543656295
    2   -0.41706368153277  -0.41706368153277
    3   -0.25045132051293  -0.25045132051293
    4   -0.25042749601522  -0.25042749601522
    5    0.17141140733092   0.17141140733092
    6    0.17148268552825   0.17148268552825
    7    0.28881354138200   0.28881354138200
    8    0.29549167621865   0.29549167621865
    9    0.33706501671885   0.33706501671885
   10    0.34374373161878   0.34374373161878
   11    1.01740117261459   1.01740117261459
   12    1.02379221198849   1.02379221198849
   13    1.02386029457894   1.02386029457894
   14    1.49185876301497   1.49185876301497
   15    1.49191822107061   1.49191822107061
   16    1.75216462329911   1.75216462329911
   17    1.75221003221966   1.75221003221966
   18    2.06616983055703   2.06616983055703
   19    2.50832373787580   2.50832373787580
   20    2.50836884243355   2.50836884243355
   21    3.10704294246934   3.10704294246934
   22    3.53465259733996   3.53465259733996
   23    3.53623659952063   3.53623659952063
   24    5.03637050933617   5.03637050933617
   25    5.03666226630990   5.03666226630990
   26    6.69763895425928   6.69763895425928

***********************************************************
***********************************************************
                   Mulliken populations                    
***********************************************************
***********************************************************

  Total spin moment (muB)   0.000000000

                    Up spin      Down spin     Sum           Diff
      1    C      1.999999999  1.999999999   3.999999998   0.000000000
      2    C      2.000000001  2.000000001   4.000000002   0.000000000

 Sum of MulP: up   =     4.00000 down          =     4.00000
              total=     8.00000 ideal(neutral)=     8.00000


  Decomposed Mulliken populations

    1    C          Up spin      Down spin     Sum           Diff
            multiple
  s           0    0.544029516  0.544029516   1.088059032   0.000000000
   sum over m      0.544029516  0.544029516   1.088059032   0.000000000
  s           1    0.014838179  0.014838179   0.029676359   0.000000000
   sum over m      0.014838179  0.014838179   0.029676359   0.000000000
   sum over m+mul  0.558867695  0.558867695   1.117735390   0.000000000
  px          0    0.420486646  0.420486646   0.840973291   0.000000000
  py          0    0.420559321  0.420559321   0.841118642   0.000000000
  pz          0    0.490420142  0.490420142   0.980840283   0.000000000
   sum over m      1.331466108  1.331466108   2.662932217   0.000000000
  px          1    0.029702999  0.029702999   0.059405998   0.000000000
  py          1    0.029760542  0.029760542   0.059521084   0.000000000
  pz          1   -0.009768957 -0.009768957  -0.019537913   0.000000000
   sum over m      0.049694584  0.049694584   0.099389169   0.000000000
   sum over m+mul  1.381160693  1.381160693   2.762321385   0.000000000
  d3z^2-r^2   0    0.002825652  0.002825652   0.005651304   0.000000000
  dx^2-y^2    0    0.018897791  0.018897791   0.037795583   0.000000000
  dxy         0    0.018899354  0.018899354   0.037798708   0.000000000
  dxz         0    0.009673805  0.009673805   0.019347611   0.000000000
  dyz         0    0.009675009  0.009675009   0.019350018   0.000000000
   sum over m      0.059971612  0.059971612   0.119943223   0.000000000
   sum over m+mul  0.059971612  0.059971612   0.119943223   0.000000000

    2    C          Up spin      Down spin     Sum           Diff
            multiple
  s           0    0.544029516  0.544029516   1.088059032   0.000000000
   sum over m      0.544029516  0.544029516   1.088059032   0.000000000
  s           1    0.014838179  0.014838179   0.029676358   0.000000000
   sum over m      0.014838179  0.014838179   0.029676358   0.000000000
   sum over m+mul  0.558867695  0.558867695   1.117735390   0.000000000
  px          0    0.420486647  0.420486647   0.840973294   0.000000000
  py          0    0.420559319  0.420559319   0.841118639   0.000000000
  pz          0    0.490420144  0.490420144   0.980840288   0.000000000
   sum over m      1.331466110  1.331466110   2.662932221   0.000000000
  px          1    0.029702999  0.029702999   0.059405998   0.000000000
  py          1    0.029760542  0.029760542   0.059521085   0.000000000
  pz          1   -0.009768957 -0.009768957  -0.019537913   0.000000000
   sum over m      0.049694585  0.049694585   0.099389169   0.000000000
   sum over m+mul  1.381160695  1.381160695   2.762321390   0.000000000
  d3z^2-r^2   0    0.002825652  0.002825652   0.005651304   0.000000000
  dx^2-y^2    0    0.018897791  0.018897791   0.037795583   0.000000000
  dxy         0    0.018899354  0.018899354   0.037798708   0.000000000
  dxz         0    0.009673805  0.009673805   0.019347610   0.000000000
  dyz         0    0.009675009  0.009675009   0.019350017   0.000000000
   sum over m      0.059971611  0.059971611   0.119943222   0.000000000
   sum over m+mul  0.059971611  0.059971611   0.119943222   0.000000000

***********************************************************
***********************************************************
                    Dipole moment (Debye)                  
***********************************************************
***********************************************************

 Absolute D        0.00000014

                      Dx                Dy                Dz
 Total             -0.00000000       -0.00000014       -0.00000000
 Core               0.00000000       27.28762614        0.00000000
 Electron          -0.00000000      -27.28762628       -0.00000000
 Back ground        0.00000000       -0.00000000       -0.00000000

***********************************************************
***********************************************************
       xyz-coordinates (Ang) and forces (Hartree/Bohr)  
***********************************************************
***********************************************************

<coordinates.forces
  2
    1     C     0.00000   0.00000   0.00000   0.000009423450 -0.000162651689 -0.000000000244
    2     C     0.00000   1.42028   0.00000  -0.000009423452  0.000162651687  0.000000000244
coordinates.forces>

***********************************************************
***********************************************************
       Fractional coordinates of the final structure       
***********************************************************
***********************************************************

     1      C     0.00000000000000   0.00000000000000   0.00000000000000
     2      C     0.33333333333318   0.66666666666635   0.00000000000000

***********************************************************
***********************************************************
               Computational Time (second)                 
***********************************************************
***********************************************************

   Elapsed.Time.         6.228

                               Min_ID   Min_Time       Max_ID   Max_Time
   Total Computational Time =     3        5.960          0        6.228
   readfile                 =     5        1.429          7        1.430
   truncation               =     7        0.656          0        0.687
   MD_pac                   =     0        0.122          1        0.132
   OutData                  =     3        0.000          0        0.018
   DFT                      =     1        3.464          2        3.494

*** In DFT ***

   Set_OLP_Kin              =     2        0.028          0        0.296
   Set_Nonlocal             =     0        0.423          2        0.691
   Set_ProExpn_VNA          =     0        0.000          0        0.000
   Set_Hamiltonian          =     5        1.032          0        1.032
   Poisson                  =     0        0.008          3        0.008
   Diagonalization          =     0        0.230          3        0.234
   Mixing_DM                =     2        0.004          0        0.004
   Force                    =     6        0.216          0        0.216
   Total_Energy             =     2        0.282          0        0.301
   Set_Aden_Grid            =     6        0.007          1        0.008
   Set_Orbitals_Grid        =     3        0.000          0        0.084
   Set_Density_Grid         =     2        0.680          7        0.681
   RestartFileDFT           =     4        0.021          2        0.114
   Mulliken_Charge          =     5        0.023          1        0.023
   FFT(2D)_Density          =     0        0.000          0        0.000
   Others                   =     1        0.132          4        0.267
