============================================================
Currently Loaded Modulefiles:
 1) intel/oneapi/2023.2.0  
MKLROOT=/apps/support/intel_spr_rocky8.9/oneapi/2023.2.0/mkl/2023.2.0
============================================================
Job ID: namd-cy
Job name: namd-cy
Number of nodes: 1
Number of processors: 8
Task is running on the following nodes:
qhcn003
OMP_NUM_THREADS = 1
============================================================

5 995 1 1
dkcx = 0.000000, dkcy = 0.000000, dkcz = 0.000000
dkdx = 0.000000, dkdy = 0.000000, dkdz = 0.000000
dkx = 0, dky = 0, dkz = 0
Read epc time: 0.006287s.
Sample 0, EPCTXT time: 0.008352s.
TimeProp in 0 fs: 0.00989s.
TimeProp in 1 fs: 0.00105s.
TimeProp in 2 fs: 0.00098s.
TimeProp in 3 fs: 0.00097s.
TimeProp in 4 fs: 0.00097s.
TimeProp in 5 fs: 0.00104s.
TimeProp in 6 fs: 0.00105s.
TimeProp in 7 fs: 0.00097s.
TimeProp in 8 fs: 0.00097s.
TimeProp in 9 fs: 0.00097s.
TimeProp in 10 fs: 0.00101s.
TimeProp in 11 fs: 0.00104s.
TimeProp in 12 fs: 0.00105s.
TimeProp in 13 fs: 0.00098s.
TimeProp in 14 fs: 0.00100s.
TimeProp in 15 fs: 0.00097s.
TimeProp in 16 fs: 0.00101s.
TimeProp in 17 fs: 0.00101s.
TimeProp in 18 fs: 0.00106s.
TimeProp in 19 fs: 0.00098s.
TimeProp in 20 fs: 0.00100s.
TimeProp in 21 fs: 0.00097s.
TimeProp in 22 fs: 0.00103s.
TimeProp in 23 fs: 0.00098s.
TimeProp in 24 fs: 0.00107s.
TimeProp in 25 fs: 0.00098s.
TimeProp in 26 fs: 0.00102s.
TimeProp in 27 fs: 0.00097s.
TimeProp in 28 fs: 0.00103s.
TimeProp in 29 fs: 0.00097s.
TimeProp in 30 fs: 0.00105s.
TimeProp in 31 fs: 0.00104s.
TimeProp in 32 fs: 0.00100s.
TimeProp in 33 fs: 0.00097s.
TimeProp in 34 fs: 0.00104s.
TimeProp in 35 fs: 0.00098s.
TimeProp in 36 fs: 0.00098s.
TimeProp in 37 fs: 0.00098s.
TimeProp in 38 fs: 0.00104s.
TimeProp in 39 fs: 0.00099s.
TimeProp in 40 fs: 0.00104s.
TimeProp in 41 fs: 0.00096s.
TimeProp in 42 fs: 0.00103s.
TimeProp in 43 fs: 0.00100s.
TimeProp in 44 fs: 0.00102s.
TimeProp in 45 fs: 0.00097s.
TimeProp in 46 fs: 0.00106s.
TimeProp in 47 fs: 0.00099s.
TimeProp in 48 fs: 0.00103s.
TimeProp in 49 fs: 0.00098s.
TimeProp in 50 fs: 0.00103s.
TimeProp in 51 fs: 0.00101s.
TimeProp in 52 fs: 0.00105s.
TimeProp in 53 fs: 0.00098s.
TimeProp in 54 fs: 0.00103s.
TimeProp in 55 fs: 0.00099s.
TimeProp in 56 fs: 0.00102s.
TimeProp in 57 fs: 0.00102s.
TimeProp in 58 fs: 0.00105s.
TimeProp in 59 fs: 0.00100s.
TimeProp in 60 fs: 0.00103s.
TimeProp in 61 fs: 0.00102s.
TimeProp in 62 fs: 0.00104s.
TimeProp in 63 fs: 0.00101s.
TimeProp in 64 fs: 0.00105s.
TimeProp in 65 fs: 0.00101s.
TimeProp in 66 fs: 0.00103s.
TimeProp in 67 fs: 0.00101s.
TimeProp in 68 fs: 0.00103s.
TimeProp in 69 fs: 0.00099s.
TimeProp in 70 fs: 0.00104s.
TimeProp in 71 fs: 0.00100s.
TimeProp in 72 fs: 0.00103s.
TimeProp in 73 fs: 0.00101s.
TimeProp in 74 fs: 0.00104s.
TimeProp in 75 fs: 0.00099s.
TimeProp in 76 fs: 0.00105s.
TimeProp in 77 fs: 0.00097s.
TimeProp in 78 fs: 0.00102s.
TimeProp in 79 fs: 0.00104s.
TimeProp in 80 fs: 0.00102s.
TimeProp in 81 fs: 0.00098s.
TimeProp in 82 fs: 0.00106s.
TimeProp in 83 fs: 0.00100s.
TimeProp in 84 fs: 0.00103s.
TimeProp in 85 fs: 0.00099s.
TimeProp in 86 fs: 0.00102s.
TimeProp in 87 fs: 0.00100s.
TimeProp in 88 fs: 0.00104s.
TimeProp in 89 fs: 0.00100s.
TimeProp in 90 fs: 0.00104s.
TimeProp in 91 fs: 0.00099s.
TimeProp in 92 fs: 0.00097s.
TimeProp in 93 fs: 0.00100s.
TimeProp in 94 fs: 0.00105s.
TimeProp in 95 fs: 0.00100s.
TimeProp in 96 fs: 0.00103s.
TimeProp in 97 fs: 0.00099s.
TimeProp in 98 fs: 0.00099s.
TimeProp in 99 fs: 0.00101s.
TimeProp in 100 fs: 0.00100s.
TimeProp in 101 fs: 0.00101s.
TimeProp in 102 fs: 0.00105s.
TimeProp in 103 fs: 0.00101s.
TimeProp in 104 fs: 0.00097s.
TimeProp in 105 fs: 0.00097s.
TimeProp in 106 fs: 0.00104s.
TimeProp in 107 fs: 0.00102s.
TimeProp in 108 fs: 0.00105s.
TimeProp in 109 fs: 0.00101s.
TimeProp in 110 fs: 0.00102s.
TimeProp in 111 fs: 0.00099s.
TimeProp in 112 fs: 0.00102s.
TimeProp in 113 fs: 0.00102s.
TimeProp in 114 fs: 0.00105s.
TimeProp in 115 fs: 0.00104s.
TimeProp in 116 fs: 0.00100s.
TimeProp in 117 fs: 0.00097s.
TimeProp in 118 fs: 0.00105s.
TimeProp in 119 fs: 0.00104s.
TimeProp in 120 fs: 0.00104s.
TimeProp in 121 fs: 0.00104s.
TimeProp in 122 fs: 0.00099s.
TimeProp in 123 fs: 0.00096s.
TimeProp in 124 fs: 0.00101s.
TimeProp in 125 fs: 0.00102s.
TimeProp in 126 fs: 0.00103s.
TimeProp in 127 fs: 0.00105s.
TimeProp in 128 fs: 0.00099s.
TimeProp in 129 fs: 0.00097s.
TimeProp in 130 fs: 0.00103s.
TimeProp in 131 fs: 0.00103s.
TimeProp in 132 fs: 0.00103s.
TimeProp in 133 fs: 0.00102s.
TimeProp in 134 fs: 0.00099s.
TimeProp in 135 fs: 0.00098s.
TimeProp in 136 fs: 0.00101s.
TimeProp in 137 fs: 0.00103s.
TimeProp in 138 fs: 0.00105s.
TimeProp in 139 fs: 0.00102s.
TimeProp in 140 fs: 0.00097s.
TimeProp in 141 fs: 0.00098s.
TimeProp in 142 fs: 0.00104s.
TimeProp in 143 fs: 0.00103s.
TimeProp in 144 fs: 0.00102s.
TimeProp in 145 fs: 0.00102s.
TimeProp in 146 fs: 0.00101s.
TimeProp in 147 fs: 0.00098s.
TimeProp in 148 fs: 0.00102s.
TimeProp in 149 fs: 0.00104s.
TimeProp in 150 fs: 0.00101s.
TimeProp in 151 fs: 0.00102s.
TimeProp in 152 fs: 0.00097s.
TimeProp in 153 fs: 0.00100s.
TimeProp in 154 fs: 0.00102s.
TimeProp in 155 fs: 0.00104s.
TimeProp in 156 fs: 0.00101s.
TimeProp in 157 fs: 0.00103s.
TimeProp in 158 fs: 0.00097s.
TimeProp in 159 fs: 0.00099s.
TimeProp in 160 fs: 0.00101s.
TimeProp in 161 fs: 0.00105s.
TimeProp in 162 fs: 0.00102s.
TimeProp in 163 fs: 0.00102s.
TimeProp in 164 fs: 0.00097s.
TimeProp in 165 fs: 0.00101s.
TimeProp in 166 fs: 0.00103s.
TimeProp in 167 fs: 0.00105s.
TimeProp in 168 fs: 0.00102s.
TimeProp in 169 fs: 0.00102s.
TimeProp in 170 fs: 0.00098s.
TimeProp in 171 fs: 0.00101s.
TimeProp in 172 fs: 0.00102s.
TimeProp in 173 fs: 0.00103s.
TimeProp in 174 fs: 0.00102s.
TimeProp in 175 fs: 0.00103s.
TimeProp in 176 fs: 0.00099s.
TimeProp in 177 fs: 0.00101s.
TimeProp in 178 fs: 0.00102s.
TimeProp in 179 fs: 0.00104s.
TimeProp in 180 fs: 0.00102s.
TimeProp in 181 fs: 0.00102s.
TimeProp in 182 fs: 0.00101s.
TimeProp in 183 fs: 0.00101s.
TimeProp in 184 fs: 0.00102s.
TimeProp in 185 fs: 0.00104s.
TimeProp in 186 fs: 0.00102s.
TimeProp in 187 fs: 0.00102s.
TimeProp in 188 fs: 0.00102s.
TimeProp in 189 fs: 0.00101s.
TimeProp in 190 fs: 0.00102s.
TimeProp in 191 fs: 0.00104s.
TimeProp in 192 fs: 0.00102s.
TimeProp in 193 fs: 0.00103s.
TimeProp in 194 fs: 0.00103s.
TimeProp in 195 fs: 0.00098s.
TimeProp in 196 fs: 0.00102s.
TimeProp in 197 fs: 0.00104s.
TimeProp in 198 fs: 0.00102s.
TimeProp in 199 fs: 0.00102s.
TimeProp in 200 fs: 0.00097s.
TimeProp in 201 fs: 0.00099s.
TimeProp in 202 fs: 0.00102s.
TimeProp in 203 fs: 0.00104s.
TimeProp in 204 fs: 0.00102s.
TimeProp in 205 fs: 0.00102s.
TimeProp in 206 fs: 0.00097s.
TimeProp in 207 fs: 0.00101s.
TimeProp in 208 fs: 0.00102s.
TimeProp in 209 fs: 0.00104s.
TimeProp in 210 fs: 0.00103s.
TimeProp in 211 fs: 0.00102s.
TimeProp in 212 fs: 0.00097s.
TimeProp in 213 fs: 0.00101s.
TimeProp in 214 fs: 0.00102s.
TimeProp in 215 fs: 0.00105s.
TimeProp in 216 fs: 0.00104s.
TimeProp in 217 fs: 0.00103s.
TimeProp in 218 fs: 0.00098s.
TimeProp in 219 fs: 0.00100s.
TimeProp in 220 fs: 0.00103s.
TimeProp in 221 fs: 0.00104s.
TimeProp in 222 fs: 0.00104s.
TimeProp in 223 fs: 0.00102s.
TimeProp in 224 fs: 0.00099s.
TimeProp in 225 fs: 0.00100s.
TimeProp in 226 fs: 0.00102s.
TimeProp in 227 fs: 0.00104s.
TimeProp in 228 fs: 0.00105s.
TimeProp in 229 fs: 0.00102s.
TimeProp in 230 fs: 0.00102s.
TimeProp in 231 fs: 0.00099s.
TimeProp in 232 fs: 0.00103s.
TimeProp in 233 fs: 0.00104s.
TimeProp in 234 fs: 0.00102s.
TimeProp in 235 fs: 0.00102s.
TimeProp in 236 fs: 0.00101s.
TimeProp in 237 fs: 0.00097s.
TimeProp in 238 fs: 0.00103s.
TimeProp in 239 fs: 0.00104s.
TimeProp in 240 fs: 0.00102s.
TimeProp in 241 fs: 0.00101s.
TimeProp in 242 fs: 0.00101s.
TimeProp in 243 fs: 0.00101s.
TimeProp in 244 fs: 0.00101s.
TimeProp in 245 fs: 0.00104s.
TimeProp in 246 fs: 0.00102s.
TimeProp in 247 fs: 0.00103s.
TimeProp in 248 fs: 0.00102s.
TimeProp in 249 fs: 0.00099s.
TimeProp in 250 fs: 0.00101s.
TimeProp in 251 fs: 0.00103s.
TimeProp in 252 fs: 0.00102s.
TimeProp in 253 fs: 0.00102s.
TimeProp in 254 fs: 0.00101s.
TimeProp in 255 fs: 0.00100s.
TimeProp in 256 fs: 0.00101s.
TimeProp in 257 fs: 0.00105s.
TimeProp in 258 fs: 0.00103s.
TimeProp in 259 fs: 0.00103s.
TimeProp in 260 fs: 0.00102s.
TimeProp in 261 fs: 0.00100s.
TimeProp in 262 fs: 0.00102s.
TimeProp in 263 fs: 0.00104s.
TimeProp in 264 fs: 0.00104s.
TimeProp in 265 fs: 0.00102s.
TimeProp in 266 fs: 0.00101s.
TimeProp in 267 fs: 0.00097s.
TimeProp in 268 fs: 0.00101s.
TimeProp in 269 fs: 0.00104s.
TimeProp in 270 fs: 0.00105s.
TimeProp in 271 fs: 0.00102s.
TimeProp in 272 fs: 0.00103s.
TimeProp in 273 fs: 0.00099s.
TimeProp in 274 fs: 0.00101s.
TimeProp in 275 fs: 0.00103s.
TimeProp in 276 fs: 0.00105s.
TimeProp in 277 fs: 0.00102s.
TimeProp in 278 fs: 0.00103s.
TimeProp in 279 fs: 0.00099s.
TimeProp in 280 fs: 0.00101s.
TimeProp in 281 fs: 0.00103s.
TimeProp in 282 fs: 0.00102s.
TimeProp in 283 fs: 0.00103s.
TimeProp in 284 fs: 0.00102s.
TimeProp in 285 fs: 0.00099s.
TimeProp in 286 fs: 0.00100s.
TimeProp in 287 fs: 0.00105s.
TimeProp in 288 fs: 0.00102s.
TimeProp in 289 fs: 0.00102s.
TimeProp in 290 fs: 0.00101s.
TimeProp in 291 fs: 0.00100s.
TimeProp in 292 fs: 0.00101s.
TimeProp in 293 fs: 0.00104s.
TimeProp in 294 fs: 0.00103s.
TimeProp in 295 fs: 0.00102s.
TimeProp in 296 fs: 0.00101s.
TimeProp in 297 fs: 0.00100s.
TimeProp in 298 fs: 0.00101s.
TimeProp in 299 fs: 0.00105s.
TimeProp in 300 fs: 0.00103s.
TimeProp in 301 fs: 0.00102s.
TimeProp in 302 fs: 0.00102s.
TimeProp in 303 fs: 0.00100s.
TimeProp in 304 fs: 0.00101s.
TimeProp in 305 fs: 0.00104s.
TimeProp in 306 fs: 0.00104s.
TimeProp in 307 fs: 0.00102s.
TimeProp in 308 fs: 0.00101s.
TimeProp in 309 fs: 0.00097s.
TimeProp in 310 fs: 0.00102s.
TimeProp in 311 fs: 0.00104s.
TimeProp in 312 fs: 0.00104s.
TimeProp in 313 fs: 0.00102s.
TimeProp in 314 fs: 0.00102s.
TimeProp in 315 fs: 0.00097s.
TimeProp in 316 fs: 0.00103s.
TimeProp in 317 fs: 0.00105s.
TimeProp in 318 fs: 0.00103s.
TimeProp in 319 fs: 0.00102s.
TimeProp in 320 fs: 0.00102s.
TimeProp in 321 fs: 0.00098s.
TimeProp in 322 fs: 0.00103s.
TimeProp in 323 fs: 0.00104s.
TimeProp in 324 fs: 0.00103s.
TimeProp in 325 fs: 0.00102s.
TimeProp in 326 fs: 0.00101s.
TimeProp in 327 fs: 0.00097s.
TimeProp in 328 fs: 0.00101s.
TimeProp in 329 fs: 0.00104s.
TimeProp in 330 fs: 0.00103s.
TimeProp in 331 fs: 0.00103s.
TimeProp in 332 fs: 0.00101s.
TimeProp in 333 fs: 0.00100s.
TimeProp in 334 fs: 0.00101s.
TimeProp in 335 fs: 0.00104s.
TimeProp in 336 fs: 0.00103s.
TimeProp in 337 fs: 0.00103s.
TimeProp in 338 fs: 0.00102s.
TimeProp in 339 fs: 0.00099s.
TimeProp in 340 fs: 0.00101s.
TimeProp in 341 fs: 0.00104s.
TimeProp in 342 fs: 0.00103s.
TimeProp in 343 fs: 0.00101s.
TimeProp in 344 fs: 0.00100s.
TimeProp in 345 fs: 0.00101s.
TimeProp in 346 fs: 0.00101s.
TimeProp in 347 fs: 0.00105s.
TimeProp in 348 fs: 0.00103s.
TimeProp in 349 fs: 0.00103s.
TimeProp in 350 fs: 0.00102s.
TimeProp in 351 fs: 0.00099s.
TimeProp in 352 fs: 0.00101s.
TimeProp in 353 fs: 0.00105s.
TimeProp in 354 fs: 0.00104s.
TimeProp in 355 fs: 0.00103s.
TimeProp in 356 fs: 0.00102s.
TimeProp in 357 fs: 0.00098s.
TimeProp in 358 fs: 0.00100s.
TimeProp in 359 fs: 0.00103s.
TimeProp in 360 fs: 0.00104s.
TimeProp in 361 fs: 0.00103s.
TimeProp in 362 fs: 0.00103s.
TimeProp in 363 fs: 0.00099s.
TimeProp in 364 fs: 0.00102s.
TimeProp in 365 fs: 0.00105s.
TimeProp in 366 fs: 0.00103s.
TimeProp in 367 fs: 0.00102s.
TimeProp in 368 fs: 0.00102s.
TimeProp in 369 fs: 0.00098s.
TimeProp in 370 fs: 0.00103s.
TimeProp in 371 fs: 0.00104s.
TimeProp in 372 fs: 0.00103s.
TimeProp in 373 fs: 0.00102s.
TimeProp in 374 fs: 0.00104s.
TimeProp in 375 fs: 0.00098s.
TimeProp in 376 fs: 0.00103s.
TimeProp in 377 fs: 0.00104s.
TimeProp in 378 fs: 0.00103s.
TimeProp in 379 fs: 0.00101s.
TimeProp in 380 fs: 0.00101s.
TimeProp in 381 fs: 0.00100s.
TimeProp in 382 fs: 0.00100s.
TimeProp in 383 fs: 0.00104s.
TimeProp in 384 fs: 0.00103s.
TimeProp in 385 fs: 0.00101s.
TimeProp in 386 fs: 0.00101s.
TimeProp in 387 fs: 0.00098s.
TimeProp in 388 fs: 0.00100s.
TimeProp in 389 fs: 0.00102s.
TimeProp in 390 fs: 0.00103s.
TimeProp in 391 fs: 0.00098s.
TimeProp in 392 fs: 0.00101s.
TimeProp in 393 fs: 0.00101s.
TimeProp in 394 fs: 0.00102s.
TimeProp in 395 fs: 0.00102s.
TimeProp in 396 fs: 0.00103s.
TimeProp in 397 fs: 0.00099s.
TimeProp in 398 fs: 0.00102s.
TimeProp in 399 fs: 0.00102s.
TimeProp in 400 fs: 0.00101s.
TimeProp in 401 fs: 0.00103s.
TimeProp in 402 fs: 0.00104s.
TimeProp in 403 fs: 0.00099s.
TimeProp in 404 fs: 0.00101s.
TimeProp in 405 fs: 0.00104s.
TimeProp in 406 fs: 0.00103s.
TimeProp in 407 fs: 0.00102s.
TimeProp in 408 fs: 0.00103s.
TimeProp in 409 fs: 0.00100s.
TimeProp in 410 fs: 0.00101s.
TimeProp in 411 fs: 0.00101s.
TimeProp in 412 fs: 0.00102s.
TimeProp in 413 fs: 0.00101s.
TimeProp in 414 fs: 0.00103s.
TimeProp in 415 fs: 0.00100s.
TimeProp in 416 fs: 0.00102s.
TimeProp in 417 fs: 0.00102s.
TimeProp in 418 fs: 0.00103s.
TimeProp in 419 fs: 0.00102s.
TimeProp in 420 fs: 0.00103s.
TimeProp in 421 fs: 0.00101s.
TimeProp in 422 fs: 0.00101s.
TimeProp in 423 fs: 0.00102s.
TimeProp in 424 fs: 0.00103s.
TimeProp in 425 fs: 0.00101s.
TimeProp in 426 fs: 0.00103s.
TimeProp in 427 fs: 0.00104s.
TimeProp in 428 fs: 0.00103s.
TimeProp in 429 fs: 0.00101s.
TimeProp in 430 fs: 0.00100s.
TimeProp in 431 fs: 0.00101s.
TimeProp in 432 fs: 0.00103s.
TimeProp in 433 fs: 0.00104s.
TimeProp in 434 fs: 0.00101s.
TimeProp in 435 fs: 0.00102s.
TimeProp in 436 fs: 0.00101s.
TimeProp in 437 fs: 0.00101s.
TimeProp in 438 fs: 0.00103s.
TimeProp in 439 fs: 0.00104s.
TimeProp in 440 fs: 0.00102s.
TimeProp in 441 fs: 0.00101s.
TimeProp in 442 fs: 0.00101s.
TimeProp in 443 fs: 0.00102s.
TimeProp in 444 fs: 0.00103s.
TimeProp in 445 fs: 0.00104s.
TimeProp in 446 fs: 0.00102s.
TimeProp in 447 fs: 0.00101s.
TimeProp in 448 fs: 0.00102s.
TimeProp in 449 fs: 0.00101s.
TimeProp in 450 fs: 0.00104s.
TimeProp in 451 fs: 0.00104s.
TimeProp in 452 fs: 0.00103s.
TimeProp in 453 fs: 0.00100s.
TimeProp in 454 fs: 0.00102s.
TimeProp in 455 fs: 0.00100s.
TimeProp in 456 fs: 0.00103s.
TimeProp in 457 fs: 0.00103s.
TimeProp in 458 fs: 0.00106s.
TimeProp in 459 fs: 0.00100s.
TimeProp in 460 fs: 0.00100s.
TimeProp in 461 fs: 0.00101s.
TimeProp in 462 fs: 0.00090s.
TimeProp in 463 fs: 0.00091s.
TimeProp in 464 fs: 0.00092s.
TimeProp in 465 fs: 0.00090s.
TimeProp in 466 fs: 0.00089s.
TimeProp in 467 fs: 0.00090s.
TimeProp in 468 fs: 0.00087s.
TimeProp in 469 fs: 0.00091s.
TimeProp in 470 fs: 0.00090s.
TimeProp in 471 fs: 0.00093s.
TimeProp in 472 fs: 0.00086s.
TimeProp in 473 fs: 0.00087s.
TimeProp in 474 fs: 0.00087s.
TimeProp in 475 fs: 0.00088s.
TimeProp in 476 fs: 0.00090s.
TimeProp in 477 fs: 0.00089s.
TimeProp in 478 fs: 0.00090s.
TimeProp in 479 fs: 0.00088s.
TimeProp in 480 fs: 0.00087s.
TimeProp in 481 fs: 0.00091s.
TimeProp in 482 fs: 0.00093s.
TimeProp in 483 fs: 0.00089s.
TimeProp in 484 fs: 0.00092s.
TimeProp in 485 fs: 0.00091s.
TimeProp in 486 fs: 0.00090s.
TimeProp in 487 fs: 0.00089s.
TimeProp in 488 fs: 0.00087s.
TimeProp in 489 fs: 0.00091s.
TimeProp in 490 fs: 0.00092s.
TimeProp in 491 fs: 0.00088s.
TimeProp in 492 fs: 0.00094s.
TimeProp in 493 fs: 0.00090s.
TimeProp in 494 fs: 0.00089s.
TimeProp in 495 fs: 0.00085s.
TimeProp in 496 fs: 0.00090s.
TimeProp in 497 fs: 0.00090s.
TimeProp in 498 fs: 0.00089s.
TimeProp in 499 fs: 0.00088s.
TimeProp in 500 fs: 0.00085s.
TimeProp in 501 fs: 0.00086s.
TimeProp in 502 fs: 0.00085s.
TimeProp in 503 fs: 0.00093s.
TimeProp in 504 fs: 0.00088s.
TimeProp in 505 fs: 0.00089s.
TimeProp in 506 fs: 0.00085s.
TimeProp in 507 fs: 0.00088s.
TimeProp in 508 fs: 0.00091s.
TimeProp in 509 fs: 0.00094s.
TimeProp in 510 fs: 0.00089s.
TimeProp in 511 fs: 0.00085s.
TimeProp in 512 fs: 0.00085s.
TimeProp in 513 fs: 0.00089s.
TimeProp in 514 fs: 0.00087s.
TimeProp in 515 fs: 0.00088s.
TimeProp in 516 fs: 0.00092s.
TimeProp in 517 fs: 0.00086s.
TimeProp in 518 fs: 0.00085s.
TimeProp in 519 fs: 0.00090s.
TimeProp in 520 fs: 0.00091s.
TimeProp in 521 fs: 0.00088s.
TimeProp in 522 fs: 0.00092s.
TimeProp in 523 fs: 0.00088s.
TimeProp in 524 fs: 0.00088s.
TimeProp in 525 fs: 0.00092s.
TimeProp in 526 fs: 0.00093s.
TimeProp in 527 fs: 0.00088s.
TimeProp in 528 fs: 0.00085s.
TimeProp in 529 fs: 0.00090s.
TimeProp in 530 fs: 0.00087s.
TimeProp in 531 fs: 0.00088s.
TimeProp in 532 fs: 0.00092s.
TimeProp in 533 fs: 0.00093s.
TimeProp in 534 fs: 0.00085s.
TimeProp in 535 fs: 0.00092s.
TimeProp in 536 fs: 0.00086s.
TimeProp in 537 fs: 0.00088s.
TimeProp in 538 fs: 0.00091s.
TimeProp in 539 fs: 0.00094s.
TimeProp in 540 fs: 0.00088s.
TimeProp in 541 fs: 0.00084s.
TimeProp in 542 fs: 0.00087s.
TimeProp in 543 fs: 0.00089s.
TimeProp in 544 fs: 0.00092s.
TimeProp in 545 fs: 0.00091s.
TimeProp in 546 fs: 0.00090s.
TimeProp in 547 fs: 0.00085s.
TimeProp in 548 fs: 0.00090s.
TimeProp in 549 fs: 0.00089s.
TimeProp in 550 fs: 0.00093s.
TimeProp in 551 fs: 0.00087s.
TimeProp in 552 fs: 0.00092s.
TimeProp in 553 fs: 0.00090s.
TimeProp in 554 fs: 0.00087s.
TimeProp in 555 fs: 0.00086s.
TimeProp in 556 fs: 0.00091s.
TimeProp in 557 fs: 0.00091s.
TimeProp in 558 fs: 0.00086s.
TimeProp in 559 fs: 0.00089s.
TimeProp in 560 fs: 0.00087s.
TimeProp in 561 fs: 0.00088s.
TimeProp in 562 fs: 0.00085s.
TimeProp in 563 fs: 0.00085s.
TimeProp in 564 fs: 0.00089s.
TimeProp in 565 fs: 0.00095s.
TimeProp in 566 fs: 0.00086s.
TimeProp in 567 fs: 0.00088s.
TimeProp in 568 fs: 0.00089s.
TimeProp in 569 fs: 0.00089s.
TimeProp in 570 fs: 0.00092s.
TimeProp in 571 fs: 0.00091s.
TimeProp in 572 fs: 0.00090s.
TimeProp in 573 fs: 0.00090s.
TimeProp in 574 fs: 0.00091s.
TimeProp in 575 fs: 0.00086s.
TimeProp in 576 fs: 0.00088s.
TimeProp in 577 fs: 0.00090s.
TimeProp in 578 fs: 0.00093s.
TimeProp in 579 fs: 0.00086s.
TimeProp in 580 fs: 0.00087s.
TimeProp in 581 fs: 0.00087s.
TimeProp in 582 fs: 0.00087s.
TimeProp in 583 fs: 0.00092s.
TimeProp in 584 fs: 0.00094s.
TimeProp in 585 fs: 0.00089s.
TimeProp in 586 fs: 0.00089s.
TimeProp in 587 fs: 0.00085s.
TimeProp in 588 fs: 0.00089s.
TimeProp in 589 fs: 0.00093s.
TimeProp in 590 fs: 0.00087s.
TimeProp in 591 fs: 0.00092s.
TimeProp in 592 fs: 0.00089s.
TimeProp in 593 fs: 0.00091s.
TimeProp in 594 fs: 0.00087s.
TimeProp in 595 fs: 0.00093s.
TimeProp in 596 fs: 0.00090s.
TimeProp in 597 fs: 0.00087s.
TimeProp in 598 fs: 0.00090s.
TimeProp in 599 fs: 0.00094s.
TimeProp in 600 fs: 0.00086s.
TimeProp in 601 fs: 0.00094s.
TimeProp in 602 fs: 0.00092s.
TimeProp in 603 fs: 0.00085s.
TimeProp in 604 fs: 0.00090s.
TimeProp in 605 fs: 0.00090s.
TimeProp in 606 fs: 0.00088s.
TimeProp in 607 fs: 0.00088s.
TimeProp in 608 fs: 0.00091s.
TimeProp in 609 fs: 0.00088s.
TimeProp in 610 fs: 0.00090s.
TimeProp in 611 fs: 0.00086s.
TimeProp in 612 fs: 0.00092s.
TimeProp in 613 fs: 0.00090s.
TimeProp in 614 fs: 0.00086s.
TimeProp in 615 fs: 0.00088s.
TimeProp in 616 fs: 0.00088s.
TimeProp in 617 fs: 0.00087s.
TimeProp in 618 fs: 0.00092s.
TimeProp in 619 fs: 0.00092s.
TimeProp in 620 fs: 0.00089s.
TimeProp in 621 fs: 0.00088s.
TimeProp in 622 fs: 0.00089s.
TimeProp in 623 fs: 0.00085s.
TimeProp in 624 fs: 0.00087s.
TimeProp in 625 fs: 0.00091s.
TimeProp in 626 fs: 0.00091s.
TimeProp in 627 fs: 0.00091s.
TimeProp in 628 fs: 0.00084s.
TimeProp in 629 fs: 0.00088s.
TimeProp in 630 fs: 0.00108s.
TimeProp in 631 fs: 0.00094s.
TimeProp in 632 fs: 0.00091s.
TimeProp in 633 fs: 0.00093s.
TimeProp in 634 fs: 0.00085s.
TimeProp in 635 fs: 0.00088s.
TimeProp in 636 fs: 0.00090s.
TimeProp in 637 fs: 0.00094s.
TimeProp in 638 fs: 0.00092s.
TimeProp in 639 fs: 0.00086s.
TimeProp in 640 fs: 0.00087s.
TimeProp in 641 fs: 0.00090s.
TimeProp in 642 fs: 0.00091s.
TimeProp in 643 fs: 0.00086s.
TimeProp in 644 fs: 0.00091s.
TimeProp in 645 fs: 0.00091s.
TimeProp in 646 fs: 0.00086s.
TimeProp in 647 fs: 0.00087s.
TimeProp in 648 fs: 0.00094s.
TimeProp in 649 fs: 0.00089s.
TimeProp in 650 fs: 0.00093s.
TimeProp in 651 fs: 0.00092s.
TimeProp in 652 fs: 0.00090s.
TimeProp in 653 fs: 0.00091s.
TimeProp in 654 fs: 0.00093s.
TimeProp in 655 fs: 0.00089s.
TimeProp in 656 fs: 0.00085s.
TimeProp in 657 fs: 0.00088s.
TimeProp in 658 fs: 0.00087s.
TimeProp in 659 fs: 0.00088s.
TimeProp in 660 fs: 0.00086s.
TimeProp in 661 fs: 0.00093s.
TimeProp in 662 fs: 0.00090s.
TimeProp in 663 fs: 0.00090s.
TimeProp in 664 fs: 0.00088s.
TimeProp in 665 fs: 0.00087s.
TimeProp in 666 fs: 0.00085s.
TimeProp in 667 fs: 0.00094s.
TimeProp in 668 fs: 0.00092s.
TimeProp in 669 fs: 0.00092s.
TimeProp in 670 fs: 0.00086s.
TimeProp in 671 fs: 0.00085s.
TimeProp in 672 fs: 0.00089s.
TimeProp in 673 fs: 0.00087s.
TimeProp in 674 fs: 0.00091s.
TimeProp in 675 fs: 0.00090s.
TimeProp in 676 fs: 0.00089s.
TimeProp in 677 fs: 0.00085s.
TimeProp in 678 fs: 0.00085s.
TimeProp in 679 fs: 0.00088s.
TimeProp in 680 fs: 0.00094s.
TimeProp in 681 fs: 0.00091s.
TimeProp in 682 fs: 0.00091s.
TimeProp in 683 fs: 0.00088s.
TimeProp in 684 fs: 0.00085s.
TimeProp in 685 fs: 0.00091s.
TimeProp in 686 fs: 0.00094s.
TimeProp in 687 fs: 0.00092s.
TimeProp in 688 fs: 0.00086s.
TimeProp in 689 fs: 0.00091s.
TimeProp in 690 fs: 0.00085s.
TimeProp in 691 fs: 0.00087s.
TimeProp in 692 fs: 0.00089s.
TimeProp in 693 fs: 0.00093s.
TimeProp in 694 fs: 0.00089s.
TimeProp in 695 fs: 0.00086s.
TimeProp in 696 fs: 0.00087s.
TimeProp in 697 fs: 0.00086s.
TimeProp in 698 fs: 0.00090s.
TimeProp in 699 fs: 0.00090s.
TimeProp in 700 fs: 0.00086s.
TimeProp in 701 fs: 0.00087s.
TimeProp in 702 fs: 0.00089s.
TimeProp in 703 fs: 0.00085s.
TimeProp in 704 fs: 0.00093s.
TimeProp in 705 fs: 0.00091s.
TimeProp in 706 fs: 0.00086s.
TimeProp in 707 fs: 0.00085s.
TimeProp in 708 fs: 0.00095s.
TimeProp in 709 fs: 0.00091s.
TimeProp in 710 fs: 0.00087s.
TimeProp in 711 fs: 0.00088s.
TimeProp in 712 fs: 0.00088s.
TimeProp in 713 fs: 0.00085s.
TimeProp in 714 fs: 0.00088s.
TimeProp in 715 fs: 0.00092s.
TimeProp in 716 fs: 0.00087s.
TimeProp in 717 fs: 0.00086s.
TimeProp in 718 fs: 0.00085s.
TimeProp in 719 fs: 0.00086s.
TimeProp in 720 fs: 0.00085s.
TimeProp in 721 fs: 0.00094s.
TimeProp in 722 fs: 0.00091s.
TimeProp in 723 fs: 0.00088s.
TimeProp in 724 fs: 0.00085s.
TimeProp in 725 fs: 0.00085s.
TimeProp in 726 fs: 0.00091s.
TimeProp in 727 fs: 0.00094s.
TimeProp in 728 fs: 0.00091s.
TimeProp in 729 fs: 0.00086s.
TimeProp in 730 fs: 0.00085s.
TimeProp in 731 fs: 0.00085s.
TimeProp in 732 fs: 0.00085s.
TimeProp in 733 fs: 0.00089s.
TimeProp in 734 fs: 0.00094s.
TimeProp in 735 fs: 0.00090s.
TimeProp in 736 fs: 0.00085s.
TimeProp in 737 fs: 0.00089s.
TimeProp in 738 fs: 0.00088s.
TimeProp in 739 fs: 0.00085s.
TimeProp in 740 fs: 0.00094s.
TimeProp in 741 fs: 0.00093s.
TimeProp in 742 fs: 0.00085s.
TimeProp in 743 fs: 0.00091s.
TimeProp in 744 fs: 0.00090s.
TimeProp in 745 fs: 0.00088s.
TimeProp in 746 fs: 0.00087s.
TimeProp in 747 fs: 0.00091s.
TimeProp in 748 fs: 0.00089s.
TimeProp in 749 fs: 0.00092s.
TimeProp in 750 fs: 0.00088s.
TimeProp in 751 fs: 0.00092s.
TimeProp in 752 fs: 0.00085s.
TimeProp in 753 fs: 0.00093s.
TimeProp in 754 fs: 0.00093s.
TimeProp in 755 fs: 0.00091s.
TimeProp in 756 fs: 0.00090s.
TimeProp in 757 fs: 0.00094s.
TimeProp in 758 fs: 0.00088s.
TimeProp in 759 fs: 0.00089s.
TimeProp in 760 fs: 0.00094s.
TimeProp in 761 fs: 0.00088s.
TimeProp in 762 fs: 0.00088s.
TimeProp in 763 fs: 0.00090s.
TimeProp in 764 fs: 0.00091s.
TimeProp in 765 fs: 0.00088s.
TimeProp in 766 fs: 0.00090s.
TimeProp in 767 fs: 0.00088s.
TimeProp in 768 fs: 0.00090s.
TimeProp in 769 fs: 0.00089s.
TimeProp in 770 fs: 0.00088s.
TimeProp in 771 fs: 0.00090s.
TimeProp in 772 fs: 0.00091s.
TimeProp in 773 fs: 0.00085s.
TimeProp in 774 fs: 0.00091s.
TimeProp in 775 fs: 0.00091s.
TimeProp in 776 fs: 0.00089s.
TimeProp in 777 fs: 0.00088s.
TimeProp in 778 fs: 0.00089s.
TimeProp in 779 fs: 0.00089s.
TimeProp in 780 fs: 0.00087s.
TimeProp in 781 fs: 0.00091s.
TimeProp in 782 fs: 0.00090s.
TimeProp in 783 fs: 0.00088s.
TimeProp in 784 fs: 0.00089s.
TimeProp in 785 fs: 0.00093s.
TimeProp in 786 fs: 0.00087s.
TimeProp in 787 fs: 0.00091s.
TimeProp in 788 fs: 0.00091s.
TimeProp in 789 fs: 0.00089s.
TimeProp in 790 fs: 0.00091s.
TimeProp in 791 fs: 0.00094s.
TimeProp in 792 fs: 0.00086s.
TimeProp in 793 fs: 0.00085s.
TimeProp in 794 fs: 0.00087s.
TimeProp in 795 fs: 0.00090s.
TimeProp in 796 fs: 0.00093s.
TimeProp in 797 fs: 0.00090s.
TimeProp in 798 fs: 0.00089s.
TimeProp in 799 fs: 0.00089s.
TimeProp in 800 fs: 0.00090s.
TimeProp in 801 fs: 0.00085s.
TimeProp in 802 fs: 0.00093s.
TimeProp in 803 fs: 0.00091s.
TimeProp in 804 fs: 0.00094s.
TimeProp in 805 fs: 0.00092s.
TimeProp in 806 fs: 0.00087s.
TimeProp in 807 fs: 0.00086s.
TimeProp in 808 fs: 0.00086s.
TimeProp in 809 fs: 0.00092s.
TimeProp in 810 fs: 0.00090s.
TimeProp in 811 fs: 0.00088s.
TimeProp in 812 fs: 0.00088s.
TimeProp in 813 fs: 0.00091s.
TimeProp in 814 fs: 0.00086s.
TimeProp in 815 fs: 0.00090s.
TimeProp in 816 fs: 0.00090s.
TimeProp in 817 fs: 0.00092s.
TimeProp in 818 fs: 0.00085s.
TimeProp in 819 fs: 0.00091s.
TimeProp in 820 fs: 0.00090s.
TimeProp in 821 fs: 0.00093s.
TimeProp in 822 fs: 0.00088s.
TimeProp in 823 fs: 0.00092s.
TimeProp in 824 fs: 0.00086s.
TimeProp in 825 fs: 0.00087s.
TimeProp in 826 fs: 0.00092s.
TimeProp in 827 fs: 0.00092s.
TimeProp in 828 fs: 0.00090s.
TimeProp in 829 fs: 0.00091s.
TimeProp in 830 fs: 0.00090s.
TimeProp in 831 fs: 0.00086s.
TimeProp in 832 fs: 0.00091s.
TimeProp in 833 fs: 0.00089s.
TimeProp in 834 fs: 0.00092s.
TimeProp in 835 fs: 0.00091s.
TimeProp in 836 fs: 0.00093s.
TimeProp in 837 fs: 0.00084s.
TimeProp in 838 fs: 0.00088s.
TimeProp in 839 fs: 0.00092s.
TimeProp in 840 fs: 0.00092s.
TimeProp in 841 fs: 0.00085s.
TimeProp in 842 fs: 0.00090s.
TimeProp in 843 fs: 0.00089s.
TimeProp in 844 fs: 0.00090s.
TimeProp in 845 fs: 0.00089s.
TimeProp in 846 fs: 0.00090s.
TimeProp in 847 fs: 0.00092s.
TimeProp in 848 fs: 0.00085s.
TimeProp in 849 fs: 0.00088s.
TimeProp in 850 fs: 0.00086s.
TimeProp in 851 fs: 0.00093s.
TimeProp in 852 fs: 0.00092s.
TimeProp in 853 fs: 0.00096s.
TimeProp in 854 fs: 0.00085s.
TimeProp in 855 fs: 0.00089s.
TimeProp in 856 fs: 0.00085s.
TimeProp in 857 fs: 0.00089s.
TimeProp in 858 fs: 0.00091s.
TimeProp in 859 fs: 0.00087s.
TimeProp in 860 fs: 0.00090s.
TimeProp in 861 fs: 0.00085s.
TimeProp in 862 fs: 0.00089s.
TimeProp in 863 fs: 0.00091s.
TimeProp in 864 fs: 0.00091s.
TimeProp in 865 fs: 0.00089s.
TimeProp in 866 fs: 0.00094s.
TimeProp in 867 fs: 0.00085s.
TimeProp in 868 fs: 0.00087s.
TimeProp in 869 fs: 0.00091s.
TimeProp in 870 fs: 0.00089s.
TimeProp in 871 fs: 0.00090s.
TimeProp in 872 fs: 0.00091s.
TimeProp in 873 fs: 0.00088s.
TimeProp in 874 fs: 0.00089s.
TimeProp in 875 fs: 0.00090s.
TimeProp in 876 fs: 0.00090s.
TimeProp in 877 fs: 0.00090s.
TimeProp in 878 fs: 0.00088s.
TimeProp in 879 fs: 0.00091s.
TimeProp in 880 fs: 0.00085s.
TimeProp in 881 fs: 0.00086s.
TimeProp in 882 fs: 0.00093s.
TimeProp in 883 fs: 0.00092s.
TimeProp in 884 fs: 0.00090s.
TimeProp in 885 fs: 0.00093s.
TimeProp in 886 fs: 0.00088s.
TimeProp in 887 fs: 0.00085s.
TimeProp in 888 fs: 0.00085s.
TimeProp in 889 fs: 0.00091s.
TimeProp in 890 fs: 0.00091s.
TimeProp in 891 fs: 0.00092s.
TimeProp in 892 fs: 0.00091s.
TimeProp in 893 fs: 0.00089s.
TimeProp in 894 fs: 0.00089s.
TimeProp in 895 fs: 0.00087s.
TimeProp in 896 fs: 0.00092s.
TimeProp in 897 fs: 0.00091s.
TimeProp in 898 fs: 0.00091s.
TimeProp in 899 fs: 0.00087s.
TimeProp in 900 fs: 0.00086s.
TimeProp in 901 fs: 0.00087s.
TimeProp in 902 fs: 0.00090s.
TimeProp in 903 fs: 0.00086s.
TimeProp in 904 fs: 0.00087s.
TimeProp in 905 fs: 0.00090s.
TimeProp in 906 fs: 0.00085s.
TimeProp in 907 fs: 0.00091s.
TimeProp in 908 fs: 0.00092s.
TimeProp in 909 fs: 0.00089s.
TimeProp in 910 fs: 0.00085s.
TimeProp in 911 fs: 0.00085s.
TimeProp in 912 fs: 0.00091s.
TimeProp in 913 fs: 0.00095s.
TimeProp in 914 fs: 0.00089s.
TimeProp in 915 fs: 0.00088s.
TimeProp in 916 fs: 0.00089s.
TimeProp in 917 fs: 0.00085s.
TimeProp in 918 fs: 0.00086s.
TimeProp in 919 fs: 0.00089s.
TimeProp in 920 fs: 0.00090s.
TimeProp in 921 fs: 0.00092s.
TimeProp in 922 fs: 0.00085s.
TimeProp in 923 fs: 0.00088s.
TimeProp in 924 fs: 0.00089s.
TimeProp in 925 fs: 0.00085s.
TimeProp in 926 fs: 0.00094s.
TimeProp in 927 fs: 0.00092s.
TimeProp in 928 fs: 0.00088s.
TimeProp in 929 fs: 0.00085s.
TimeProp in 930 fs: 0.00092s.
TimeProp in 931 fs: 0.00088s.
TimeProp in 932 fs: 0.00093s.
TimeProp in 933 fs: 0.00092s.
TimeProp in 934 fs: 0.00090s.
TimeProp in 935 fs: 0.00085s.
TimeProp in 936 fs: 0.00088s.
TimeProp in 937 fs: 0.00089s.
TimeProp in 938 fs: 0.00091s.
TimeProp in 939 fs: 0.00093s.
TimeProp in 940 fs: 0.00091s.
TimeProp in 941 fs: 0.00087s.
TimeProp in 942 fs: 0.00085s.
TimeProp in 943 fs: 0.00092s.
TimeProp in 944 fs: 0.00088s.
TimeProp in 945 fs: 0.00095s.
TimeProp in 946 fs: 0.00091s.
TimeProp in 947 fs: 0.00089s.
TimeProp in 948 fs: 0.00085s.
TimeProp in 949 fs: 0.00092s.
TimeProp in 950 fs: 0.00089s.
TimeProp in 951 fs: 0.00090s.
TimeProp in 952 fs: 0.00089s.
TimeProp in 953 fs: 0.00087s.
TimeProp in 954 fs: 0.00086s.
TimeProp in 955 fs: 0.00090s.
TimeProp in 956 fs: 0.00093s.
TimeProp in 957 fs: 0.00090s.
TimeProp in 958 fs: 0.00087s.
TimeProp in 959 fs: 0.00085s.
TimeProp in 960 fs: 0.00091s.
TimeProp in 961 fs: 0.00122s.
TimeProp in 962 fs: 0.00094s.
TimeProp in 963 fs: 0.00091s.
TimeProp in 964 fs: 0.00086s.
TimeProp in 965 fs: 0.00090s.
TimeProp in 966 fs: 0.00089s.
TimeProp in 967 fs: 0.00089s.
TimeProp in 968 fs: 0.00093s.
TimeProp in 969 fs: 0.00084s.
TimeProp in 970 fs: 0.00090s.
TimeProp in 971 fs: 0.00091s.
TimeProp in 972 fs: 0.00086s.
TimeProp in 973 fs: 0.00085s.
TimeProp in 974 fs: 0.00095s.
TimeProp in 975 fs: 0.00089s.
TimeProp in 976 fs: 0.00086s.
TimeProp in 977 fs: 0.00090s.
TimeProp in 978 fs: 0.00085s.
TimeProp in 979 fs: 0.00088s.
TimeProp in 980 fs: 0.00095s.
TimeProp in 981 fs: 0.00084s.
TimeProp in 982 fs: 0.00086s.
TimeProp in 983 fs: 0.00091s.
TimeProp in 984 fs: 0.00087s.
TimeProp in 985 fs: 0.00089s.
TimeProp in 986 fs: 0.00095s.
TimeProp in 987 fs: 0.00088s.
TimeProp in 988 fs: 0.00087s.
TimeProp in 989 fs: 0.00091s.
TimeProp in 990 fs: 0.00087s.
TimeProp in 991 fs: 0.00090s.
TimeProp in 992 fs: 0.00095s.
TimeProp in 993 fs: 0.00088s.
TimeProp in 994 fs: 0.00087s.
TimeProp in 995 fs: 0.00093s.
TimeProp in 996 fs: 0.00088s.
TimeProp in 997 fs: 0.00089s.
TimeProp in 998 fs: 0.00095s.
TimeProp in 999 fs: 0.00087s.
Sample 0, TimeProp time: 0.997524s.
FSSH-SHM in 0 fs: 0.08617s.
FSSH-SHM in 1 fs: 0.03888s.
FSSH-SHM in 2 fs: 0.03924s.
FSSH-SHM in 3 fs: 0.04032s.
FSSH-SHM in 4 fs: 0.04085s.
FSSH-SHM in 5 fs: 0.04114s.
FSSH-SHM in 6 fs: 0.04123s.
FSSH-SHM in 7 fs: 0.04120s.
FSSH-SHM in 8 fs: 0.04120s.
FSSH-SHM in 9 fs: 0.04118s.
FSSH-SHM in 10 fs: 0.04134s.
FSSH-SHM in 11 fs: 0.04133s.
FSSH-SHM in 12 fs: 0.04120s.
FSSH-SHM in 13 fs: 0.04112s.
FSSH-SHM in 14 fs: 0.04110s.
FSSH-SHM in 15 fs: 0.04128s.
FSSH-SHM in 16 fs: 0.04138s.
FSSH-SHM in 17 fs: 0.04132s.
FSSH-SHM in 18 fs: 0.04131s.
FSSH-SHM in 19 fs: 0.04140s.
FSSH-SHM in 20 fs: 0.04112s.
FSSH-SHM in 21 fs: 0.04104s.
FSSH-SHM in 22 fs: 0.04105s.
FSSH-SHM in 23 fs: 0.04120s.
FSSH-SHM in 24 fs: 0.04118s.
FSSH-SHM in 25 fs: 0.04117s.
FSSH-SHM in 26 fs: 0.04134s.
FSSH-SHM in 27 fs: 0.04120s.
FSSH-SHM in 28 fs: 0.04113s.
FSSH-SHM in 29 fs: 0.04116s.
FSSH-SHM in 30 fs: 0.04111s.
FSSH-SHM in 31 fs: 0.04124s.
FSSH-SHM in 32 fs: 0.04126s.
FSSH-SHM in 33 fs: 0.04122s.
FSSH-SHM in 34 fs: 0.04125s.
FSSH-SHM in 35 fs: 0.04124s.
FSSH-SHM in 36 fs: 0.04143s.
FSSH-SHM in 37 fs: 0.04134s.
FSSH-SHM in 38 fs: 0.04138s.
FSSH-SHM in 39 fs: 0.04142s.
FSSH-SHM in 40 fs: 0.04134s.
FSSH-SHM in 41 fs: 0.04132s.
FSSH-SHM in 42 fs: 0.04117s.
FSSH-SHM in 43 fs: 0.04118s.
FSSH-SHM in 44 fs: 0.04132s.
FSSH-SHM in 45 fs: 0.04138s.
FSSH-SHM in 46 fs: 0.04243s.
FSSH-SHM in 47 fs: 0.04145s.
FSSH-SHM in 48 fs: 0.04132s.
FSSH-SHM in 49 fs: 0.04128s.
FSSH-SHM in 50 fs: 0.04128s.
FSSH-SHM in 51 fs: 0.04136s.
FSSH-SHM in 52 fs: 0.04137s.
FSSH-SHM in 53 fs: 0.04130s.
FSSH-SHM in 54 fs: 0.04132s.
FSSH-SHM in 55 fs: 0.04141s.
FSSH-SHM in 56 fs: 0.04145s.
FSSH-SHM in 57 fs: 0.04137s.
FSSH-SHM in 58 fs: 0.04134s.
FSSH-SHM in 59 fs: 0.04111s.
FSSH-SHM in 60 fs: 0.04113s.
FSSH-SHM in 61 fs: 0.04119s.
FSSH-SHM in 62 fs: 0.04112s.
FSSH-SHM in 63 fs: 0.04113s.
FSSH-SHM in 64 fs: 0.04127s.
FSSH-SHM in 65 fs: 0.04130s.
FSSH-SHM in 66 fs: 0.04140s.
FSSH-SHM in 67 fs: 0.04137s.
FSSH-SHM in 68 fs: 0.04131s.
FSSH-SHM in 69 fs: 0.04123s.
FSSH-SHM in 70 fs: 0.04124s.
FSSH-SHM in 71 fs: 0.04127s.
FSSH-SHM in 72 fs: 0.04168s.
FSSH-SHM in 73 fs: 0.04128s.
FSSH-SHM in 74 fs: 0.04134s.
FSSH-SHM in 75 fs: 0.04136s.
FSSH-SHM in 76 fs: 0.04133s.
FSSH-SHM in 77 fs: 0.04118s.
FSSH-SHM in 78 fs: 0.04105s.
FSSH-SHM in 79 fs: 0.04109s.
FSSH-SHM in 80 fs: 0.04116s.
FSSH-SHM in 81 fs: 0.04129s.
FSSH-SHM in 82 fs: 0.04131s.
FSSH-SHM in 83 fs: 0.04115s.
FSSH-SHM in 84 fs: 0.04109s.
FSSH-SHM in 85 fs: 0.04100s.
FSSH-SHM in 86 fs: 0.04116s.
FSSH-SHM in 87 fs: 0.04133s.
FSSH-SHM in 88 fs: 0.04121s.
FSSH-SHM in 89 fs: 0.04102s.
FSSH-SHM in 90 fs: 0.04094s.
FSSH-SHM in 91 fs: 0.04099s.
FSSH-SHM in 92 fs: 0.04107s.
FSSH-SHM in 93 fs: 0.04113s.
FSSH-SHM in 94 fs: 0.04106s.
FSSH-SHM in 95 fs: 0.04109s.
FSSH-SHM in 96 fs: 0.04105s.
FSSH-SHM in 97 fs: 0.04108s.
FSSH-SHM in 98 fs: 0.04108s.
FSSH-SHM in 99 fs: 0.04109s.
FSSH-SHM in 100 fs: 0.04115s.
FSSH-SHM in 101 fs: 0.04122s.
FSSH-SHM in 102 fs: 0.04130s.
FSSH-SHM in 103 fs: 0.04124s.
FSSH-SHM in 104 fs: 0.04129s.
FSSH-SHM in 105 fs: 0.04130s.
FSSH-SHM in 106 fs: 0.04125s.
FSSH-SHM in 107 fs: 0.04132s.
FSSH-SHM in 108 fs: 0.04139s.
FSSH-SHM in 109 fs: 0.04130s.
FSSH-SHM in 110 fs: 0.04130s.
FSSH-SHM in 111 fs: 0.04130s.
FSSH-SHM in 112 fs: 0.04129s.
FSSH-SHM in 113 fs: 0.04161s.
FSSH-SHM in 114 fs: 0.04160s.
FSSH-SHM in 115 fs: 0.04142s.
FSSH-SHM in 116 fs: 0.04146s.
FSSH-SHM in 117 fs: 0.04152s.
FSSH-SHM in 118 fs: 0.04145s.
FSSH-SHM in 119 fs: 0.04146s.
FSSH-SHM in 120 fs: 0.04137s.
FSSH-SHM in 121 fs: 0.04143s.
FSSH-SHM in 122 fs: 0.04148s.
FSSH-SHM in 123 fs: 0.04139s.
FSSH-SHM in 124 fs: 0.04143s.
FSSH-SHM in 125 fs: 0.04143s.
FSSH-SHM in 126 fs: 0.04125s.
FSSH-SHM in 127 fs: 0.04127s.
FSSH-SHM in 128 fs: 0.04134s.
FSSH-SHM in 129 fs: 0.04137s.
FSSH-SHM in 130 fs: 0.04136s.
FSSH-SHM in 131 fs: 0.04137s.
FSSH-SHM in 132 fs: 0.04133s.
FSSH-SHM in 133 fs: 0.04136s.
FSSH-SHM in 134 fs: 0.04133s.
FSSH-SHM in 135 fs: 0.04129s.
FSSH-SHM in 136 fs: 0.04124s.
FSSH-SHM in 137 fs: 0.04131s.
FSSH-SHM in 138 fs: 0.04139s.
FSSH-SHM in 139 fs: 0.04123s.
FSSH-SHM in 140 fs: 0.04117s.
FSSH-SHM in 141 fs: 0.04130s.
FSSH-SHM in 142 fs: 0.04126s.
FSSH-SHM in 143 fs: 0.04132s.
FSSH-SHM in 144 fs: 0.04125s.
FSSH-SHM in 145 fs: 0.04125s.
FSSH-SHM in 146 fs: 0.04118s.
FSSH-SHM in 147 fs: 0.04118s.
FSSH-SHM in 148 fs: 0.04132s.
FSSH-SHM in 149 fs: 0.04135s.
FSSH-SHM in 150 fs: 0.04143s.
FSSH-SHM in 151 fs: 0.04148s.
FSSH-SHM in 152 fs: 0.04145s.
FSSH-SHM in 153 fs: 0.04139s.
FSSH-SHM in 154 fs: 0.04118s.
FSSH-SHM in 155 fs: 0.04122s.
FSSH-SHM in 156 fs: 0.04134s.
FSSH-SHM in 157 fs: 0.04155s.
FSSH-SHM in 158 fs: 0.04142s.
FSSH-SHM in 159 fs: 0.04145s.
FSSH-SHM in 160 fs: 0.04141s.
FSSH-SHM in 161 fs: 0.04131s.
FSSH-SHM in 162 fs: 0.04144s.
FSSH-SHM in 163 fs: 0.04150s.
FSSH-SHM in 164 fs: 0.04142s.
FSSH-SHM in 165 fs: 0.04138s.
FSSH-SHM in 166 fs: 0.04129s.
FSSH-SHM in 167 fs: 0.04120s.
FSSH-SHM in 168 fs: 0.04127s.
FSSH-SHM in 169 fs: 0.04123s.
FSSH-SHM in 170 fs: 0.04138s.
FSSH-SHM in 171 fs: 0.04152s.
FSSH-SHM in 172 fs: 0.04148s.
FSSH-SHM in 173 fs: 0.04149s.
FSSH-SHM in 174 fs: 0.04135s.
FSSH-SHM in 175 fs: 0.04135s.
FSSH-SHM in 176 fs: 0.04129s.
FSSH-SHM in 177 fs: 0.04124s.
FSSH-SHM in 178 fs: 0.04092s.
FSSH-SHM in 179 fs: 0.04093s.
FSSH-SHM in 180 fs: 0.04107s.
FSSH-SHM in 181 fs: 0.04151s.
FSSH-SHM in 182 fs: 0.04159s.
FSSH-SHM in 183 fs: 0.04134s.
FSSH-SHM in 184 fs: 0.04137s.
FSSH-SHM in 185 fs: 0.04149s.
FSSH-SHM in 186 fs: 0.04159s.
FSSH-SHM in 187 fs: 0.04151s.
FSSH-SHM in 188 fs: 0.04133s.
FSSH-SHM in 189 fs: 0.04137s.
FSSH-SHM in 190 fs: 0.04147s.
FSSH-SHM in 191 fs: 0.04157s.
FSSH-SHM in 192 fs: 0.04167s.
FSSH-SHM in 193 fs: 0.04138s.
FSSH-SHM in 194 fs: 0.04138s.
FSSH-SHM in 195 fs: 0.04156s.
FSSH-SHM in 196 fs: 0.04153s.
FSSH-SHM in 197 fs: 0.04146s.
FSSH-SHM in 198 fs: 0.04137s.
FSSH-SHM in 199 fs: 0.04145s.
FSSH-SHM in 200 fs: 0.04139s.
FSSH-SHM in 201 fs: 0.04121s.
FSSH-SHM in 202 fs: 0.04124s.
FSSH-SHM in 203 fs: 0.04117s.
FSSH-SHM in 204 fs: 0.04108s.
FSSH-SHM in 205 fs: 0.04123s.
FSSH-SHM in 206 fs: 0.04116s.
FSSH-SHM in 207 fs: 0.04111s.
FSSH-SHM in 208 fs: 0.04116s.
FSSH-SHM in 209 fs: 0.04122s.
FSSH-SHM in 210 fs: 0.04125s.
FSSH-SHM in 211 fs: 0.04109s.
FSSH-SHM in 212 fs: 0.04112s.
FSSH-SHM in 213 fs: 0.04113s.
FSSH-SHM in 214 fs: 0.04111s.
FSSH-SHM in 215 fs: 0.04106s.
FSSH-SHM in 216 fs: 0.04116s.
FSSH-SHM in 217 fs: 0.04125s.
FSSH-SHM in 218 fs: 0.04132s.
FSSH-SHM in 219 fs: 0.04131s.
FSSH-SHM in 220 fs: 0.04129s.
FSSH-SHM in 221 fs: 0.04121s.
FSSH-SHM in 222 fs: 0.04105s.
FSSH-SHM in 223 fs: 0.04115s.
FSSH-SHM in 224 fs: 0.04116s.
FSSH-SHM in 225 fs: 0.04120s.
FSSH-SHM in 226 fs: 0.04116s.
FSSH-SHM in 227 fs: 0.04104s.
FSSH-SHM in 228 fs: 0.04113s.
FSSH-SHM in 229 fs: 0.04115s.
FSSH-SHM in 230 fs: 0.04122s.
FSSH-SHM in 231 fs: 0.04135s.
FSSH-SHM in 232 fs: 0.04130s.
FSSH-SHM in 233 fs: 0.04125s.
FSSH-SHM in 234 fs: 0.04130s.
FSSH-SHM in 235 fs: 0.04119s.
FSSH-SHM in 236 fs: 0.04118s.
FSSH-SHM in 237 fs: 0.04107s.
FSSH-SHM in 238 fs: 0.04106s.
FSSH-SHM in 239 fs: 0.04106s.
FSSH-SHM in 240 fs: 0.04096s.
FSSH-SHM in 241 fs: 0.04100s.
FSSH-SHM in 242 fs: 0.04114s.
FSSH-SHM in 243 fs: 0.04082s.
FSSH-SHM in 244 fs: 0.04083s.
FSSH-SHM in 245 fs: 0.04077s.
FSSH-SHM in 246 fs: 0.04074s.
FSSH-SHM in 247 fs: 0.04114s.
FSSH-SHM in 248 fs: 0.04128s.
FSSH-SHM in 249 fs: 0.04111s.
FSSH-SHM in 250 fs: 0.04113s.
FSSH-SHM in 251 fs: 0.04127s.
FSSH-SHM in 252 fs: 0.04127s.
FSSH-SHM in 253 fs: 0.04124s.
FSSH-SHM in 254 fs: 0.04134s.
FSSH-SHM in 255 fs: 0.04129s.
FSSH-SHM in 256 fs: 0.04121s.
FSSH-SHM in 257 fs: 0.04123s.
FSSH-SHM in 258 fs: 0.04110s.
FSSH-SHM in 259 fs: 0.04113s.
FSSH-SHM in 260 fs: 0.04102s.
FSSH-SHM in 261 fs: 0.04106s.
FSSH-SHM in 262 fs: 0.04112s.
FSSH-SHM in 263 fs: 0.04111s.
FSSH-SHM in 264 fs: 0.04151s.
FSSH-SHM in 265 fs: 0.04236s.
FSSH-SHM in 266 fs: 0.04237s.
FSSH-SHM in 267 fs: 0.04237s.
FSSH-SHM in 268 fs: 0.04235s.
FSSH-SHM in 269 fs: 0.04220s.
FSSH-SHM in 270 fs: 0.04213s.
FSSH-SHM in 271 fs: 0.04123s.
FSSH-SHM in 272 fs: 0.04132s.
FSSH-SHM in 273 fs: 0.04132s.
FSSH-SHM in 274 fs: 0.04121s.
FSSH-SHM in 275 fs: 0.04126s.
FSSH-SHM in 276 fs: 0.04131s.
FSSH-SHM in 277 fs: 0.04133s.
FSSH-SHM in 278 fs: 0.04127s.
FSSH-SHM in 279 fs: 0.04122s.
FSSH-SHM in 280 fs: 0.04125s.
FSSH-SHM in 281 fs: 0.04129s.
FSSH-SHM in 282 fs: 0.04125s.
FSSH-SHM in 283 fs: 0.04133s.
FSSH-SHM in 284 fs: 0.04127s.
FSSH-SHM in 285 fs: 0.04123s.
FSSH-SHM in 286 fs: 0.04126s.
FSSH-SHM in 287 fs: 0.04125s.
FSSH-SHM in 288 fs: 0.04143s.
FSSH-SHM in 289 fs: 0.04123s.
FSSH-SHM in 290 fs: 0.04123s.
FSSH-SHM in 291 fs: 0.04109s.
FSSH-SHM in 292 fs: 0.04117s.
FSSH-SHM in 293 fs: 0.04125s.
FSSH-SHM in 294 fs: 0.04119s.
FSSH-SHM in 295 fs: 0.04130s.
FSSH-SHM in 296 fs: 0.04125s.
FSSH-SHM in 297 fs: 0.04116s.
FSSH-SHM in 298 fs: 0.04113s.
FSSH-SHM in 299 fs: 0.04117s.
FSSH-SHM in 300 fs: 0.04125s.
FSSH-SHM in 301 fs: 0.04137s.
FSSH-SHM in 302 fs: 0.04134s.
FSSH-SHM in 303 fs: 0.04133s.
FSSH-SHM in 304 fs: 0.04129s.
FSSH-SHM in 305 fs: 0.04123s.
FSSH-SHM in 306 fs: 0.04106s.
FSSH-SHM in 307 fs: 0.04106s.
FSSH-SHM in 308 fs: 0.04098s.
FSSH-SHM in 309 fs: 0.04098s.
FSSH-SHM in 310 fs: 0.04101s.
FSSH-SHM in 311 fs: 0.04089s.
FSSH-SHM in 312 fs: 0.04092s.
FSSH-SHM in 313 fs: 0.04090s.
FSSH-SHM in 314 fs: 0.04110s.
FSSH-SHM in 315 fs: 0.04113s.
FSSH-SHM in 316 fs: 0.04118s.
FSSH-SHM in 317 fs: 0.04129s.
FSSH-SHM in 318 fs: 0.04112s.
FSSH-SHM in 319 fs: 0.04127s.
FSSH-SHM in 320 fs: 0.04118s.
FSSH-SHM in 321 fs: 0.04118s.
FSSH-SHM in 322 fs: 0.04109s.
FSSH-SHM in 323 fs: 0.04093s.
FSSH-SHM in 324 fs: 0.04095s.
FSSH-SHM in 325 fs: 0.04097s.
FSSH-SHM in 326 fs: 0.04109s.
FSSH-SHM in 327 fs: 0.04109s.
FSSH-SHM in 328 fs: 0.04107s.
FSSH-SHM in 329 fs: 0.04120s.
FSSH-SHM in 330 fs: 0.04115s.
FSSH-SHM in 331 fs: 0.04112s.
FSSH-SHM in 332 fs: 0.04112s.
FSSH-SHM in 333 fs: 0.04110s.
FSSH-SHM in 334 fs: 0.04108s.
FSSH-SHM in 335 fs: 0.04110s.
FSSH-SHM in 336 fs: 0.04121s.
FSSH-SHM in 337 fs: 0.04116s.
FSSH-SHM in 338 fs: 0.04112s.
FSSH-SHM in 339 fs: 0.04125s.
FSSH-SHM in 340 fs: 0.04124s.
FSSH-SHM in 341 fs: 0.04120s.
FSSH-SHM in 342 fs: 0.04122s.
FSSH-SHM in 343 fs: 0.04119s.
FSSH-SHM in 344 fs: 0.04117s.
FSSH-SHM in 345 fs: 0.04126s.
FSSH-SHM in 346 fs: 0.04113s.
FSSH-SHM in 347 fs: 0.04119s.
FSSH-SHM in 348 fs: 0.04114s.
FSSH-SHM in 349 fs: 0.04117s.
FSSH-SHM in 350 fs: 0.04123s.
FSSH-SHM in 351 fs: 0.04120s.
FSSH-SHM in 352 fs: 0.04115s.
FSSH-SHM in 353 fs: 0.04111s.
FSSH-SHM in 354 fs: 0.04115s.
FSSH-SHM in 355 fs: 0.04120s.
FSSH-SHM in 356 fs: 0.04126s.
FSSH-SHM in 357 fs: 0.04128s.
FSSH-SHM in 358 fs: 0.04112s.
FSSH-SHM in 359 fs: 0.04115s.
FSSH-SHM in 360 fs: 0.04119s.
FSSH-SHM in 361 fs: 0.04115s.
FSSH-SHM in 362 fs: 0.04103s.
FSSH-SHM in 363 fs: 0.04096s.
FSSH-SHM in 364 fs: 0.04093s.
FSSH-SHM in 365 fs: 0.04112s.
FSSH-SHM in 366 fs: 0.04119s.
FSSH-SHM in 367 fs: 0.04125s.
FSSH-SHM in 368 fs: 0.04134s.
FSSH-SHM in 369 fs: 0.04154s.
FSSH-SHM in 370 fs: 0.04123s.
FSSH-SHM in 371 fs: 0.04115s.
FSSH-SHM in 372 fs: 0.04111s.
FSSH-SHM in 373 fs: 0.04109s.
FSSH-SHM in 374 fs: 0.04100s.
FSSH-SHM in 375 fs: 0.04108s.
FSSH-SHM in 376 fs: 0.04103s.
FSSH-SHM in 377 fs: 0.04093s.
FSSH-SHM in 378 fs: 0.04099s.
FSSH-SHM in 379 fs: 0.04111s.
FSSH-SHM in 380 fs: 0.04128s.
FSSH-SHM in 381 fs: 0.04128s.
FSSH-SHM in 382 fs: 0.04128s.
FSSH-SHM in 383 fs: 0.04118s.
FSSH-SHM in 384 fs: 0.04113s.
FSSH-SHM in 385 fs: 0.04115s.
FSSH-SHM in 386 fs: 0.04111s.
FSSH-SHM in 387 fs: 0.04124s.
FSSH-SHM in 388 fs: 0.04128s.
FSSH-SHM in 389 fs: 0.04126s.
FSSH-SHM in 390 fs: 0.04125s.
FSSH-SHM in 391 fs: 0.04124s.
FSSH-SHM in 392 fs: 0.04127s.
FSSH-SHM in 393 fs: 0.04126s.
FSSH-SHM in 394 fs: 0.04143s.
FSSH-SHM in 395 fs: 0.04133s.
FSSH-SHM in 396 fs: 0.04131s.
FSSH-SHM in 397 fs: 0.04118s.
FSSH-SHM in 398 fs: 0.04113s.
FSSH-SHM in 399 fs: 0.04113s.
FSSH-SHM in 400 fs: 0.04102s.
FSSH-SHM in 401 fs: 0.04113s.
FSSH-SHM in 402 fs: 0.04119s.
FSSH-SHM in 403 fs: 0.04106s.
FSSH-SHM in 404 fs: 0.04097s.
FSSH-SHM in 405 fs: 0.04103s.
FSSH-SHM in 406 fs: 0.04113s.
FSSH-SHM in 407 fs: 0.04119s.
FSSH-SHM in 408 fs: 0.04118s.
FSSH-SHM in 409 fs: 0.04115s.
FSSH-SHM in 410 fs: 0.04120s.
FSSH-SHM in 411 fs: 0.04146s.
FSSH-SHM in 412 fs: 0.04134s.
FSSH-SHM in 413 fs: 0.04137s.
FSSH-SHM in 414 fs: 0.04126s.
FSSH-SHM in 415 fs: 0.04118s.
FSSH-SHM in 416 fs: 0.04107s.
FSSH-SHM in 417 fs: 0.04104s.
FSSH-SHM in 418 fs: 0.04103s.
FSSH-SHM in 419 fs: 0.04122s.
FSSH-SHM in 420 fs: 0.04129s.
FSSH-SHM in 421 fs: 0.04128s.
FSSH-SHM in 422 fs: 0.04137s.
FSSH-SHM in 423 fs: 0.04137s.
FSSH-SHM in 424 fs: 0.04115s.
FSSH-SHM in 425 fs: 0.04110s.
FSSH-SHM in 426 fs: 0.04114s.
FSSH-SHM in 427 fs: 0.04113s.
FSSH-SHM in 428 fs: 0.04105s.
FSSH-SHM in 429 fs: 0.04112s.
FSSH-SHM in 430 fs: 0.04103s.
FSSH-SHM in 431 fs: 0.04101s.
FSSH-SHM in 432 fs: 0.04106s.
FSSH-SHM in 433 fs: 0.04093s.
FSSH-SHM in 434 fs: 0.04082s.
FSSH-SHM in 435 fs: 0.04067s.
FSSH-SHM in 436 fs: 0.04076s.
FSSH-SHM in 437 fs: 0.04100s.
FSSH-SHM in 438 fs: 0.04133s.
FSSH-SHM in 439 fs: 0.04137s.
FSSH-SHM in 440 fs: 0.04119s.
FSSH-SHM in 441 fs: 0.04124s.
FSSH-SHM in 442 fs: 0.04133s.
FSSH-SHM in 443 fs: 0.04128s.
FSSH-SHM in 444 fs: 0.04131s.
FSSH-SHM in 445 fs: 0.04138s.
FSSH-SHM in 446 fs: 0.04126s.
FSSH-SHM in 447 fs: 0.04126s.
FSSH-SHM in 448 fs: 0.04113s.
FSSH-SHM in 449 fs: 0.04109s.
FSSH-SHM in 450 fs: 0.04126s.
FSSH-SHM in 451 fs: 0.04140s.
FSSH-SHM in 452 fs: 0.04124s.
FSSH-SHM in 453 fs: 0.04121s.
FSSH-SHM in 454 fs: 0.04126s.
FSSH-SHM in 455 fs: 0.04138s.
FSSH-SHM in 456 fs: 0.04135s.
FSSH-SHM in 457 fs: 0.04121s.
FSSH-SHM in 458 fs: 0.04110s.
FSSH-SHM in 459 fs: 0.04116s.
FSSH-SHM in 460 fs: 0.04119s.
FSSH-SHM in 461 fs: 0.04122s.
FSSH-SHM in 462 fs: 0.04146s.
FSSH-SHM in 463 fs: 0.04119s.
FSSH-SHM in 464 fs: 0.04121s.
FSSH-SHM in 465 fs: 0.04126s.
FSSH-SHM in 466 fs: 0.04124s.
FSSH-SHM in 467 fs: 0.04129s.
FSSH-SHM in 468 fs: 0.04139s.
FSSH-SHM in 469 fs: 0.04126s.
FSSH-SHM in 470 fs: 0.04120s.
FSSH-SHM in 471 fs: 0.04118s.
FSSH-SHM in 472 fs: 0.04117s.
FSSH-SHM in 473 fs: 0.04129s.
FSSH-SHM in 474 fs: 0.04131s.
FSSH-SHM in 475 fs: 0.04132s.
FSSH-SHM in 476 fs: 0.04130s.
FSSH-SHM in 477 fs: 0.04116s.
FSSH-SHM in 478 fs: 0.04113s.
FSSH-SHM in 479 fs: 0.04105s.
FSSH-SHM in 480 fs: 0.04106s.
FSSH-SHM in 481 fs: 0.04101s.
FSSH-SHM in 482 fs: 0.04109s.
FSSH-SHM in 483 fs: 0.04142s.
FSSH-SHM in 484 fs: 0.04234s.
FSSH-SHM in 485 fs: 0.04119s.
FSSH-SHM in 486 fs: 0.04112s.
FSSH-SHM in 487 fs: 0.04119s.
FSSH-SHM in 488 fs: 0.04122s.
FSSH-SHM in 489 fs: 0.04121s.
FSSH-SHM in 490 fs: 0.04120s.
FSSH-SHM in 491 fs: 0.04122s.
FSSH-SHM in 492 fs: 0.04125s.
FSSH-SHM in 493 fs: 0.04125s.
FSSH-SHM in 494 fs: 0.04128s.
FSSH-SHM in 495 fs: 0.04121s.
FSSH-SHM in 496 fs: 0.04117s.
FSSH-SHM in 497 fs: 0.04112s.
FSSH-SHM in 498 fs: 0.04109s.
FSSH-SHM in 499 fs: 0.04112s.
FSSH-SHM in 500 fs: 0.04105s.
FSSH-SHM in 501 fs: 0.04103s.
FSSH-SHM in 502 fs: 0.04095s.
FSSH-SHM in 503 fs: 0.04091s.
FSSH-SHM in 504 fs: 0.04088s.
FSSH-SHM in 505 fs: 0.04065s.
FSSH-SHM in 506 fs: 0.04087s.
FSSH-SHM in 507 fs: 0.04091s.
FSSH-SHM in 508 fs: 0.04093s.
FSSH-SHM in 509 fs: 0.04103s.
FSSH-SHM in 510 fs: 0.04115s.
FSSH-SHM in 511 fs: 0.04111s.
FSSH-SHM in 512 fs: 0.04113s.
FSSH-SHM in 513 fs: 0.04121s.
FSSH-SHM in 514 fs: 0.04121s.
FSSH-SHM in 515 fs: 0.04116s.
FSSH-SHM in 516 fs: 0.04119s.
FSSH-SHM in 517 fs: 0.04126s.
FSSH-SHM in 518 fs: 0.04152s.
FSSH-SHM in 519 fs: 0.04120s.
FSSH-SHM in 520 fs: 0.04129s.
FSSH-SHM in 521 fs: 0.04127s.
FSSH-SHM in 522 fs: 0.04131s.
FSSH-SHM in 523 fs: 0.04125s.
FSSH-SHM in 524 fs: 0.04126s.
FSSH-SHM in 525 fs: 0.04113s.
FSSH-SHM in 526 fs: 0.04116s.
FSSH-SHM in 527 fs: 0.04103s.
FSSH-SHM in 528 fs: 0.04096s.
FSSH-SHM in 529 fs: 0.04093s.
FSSH-SHM in 530 fs: 0.04087s.
FSSH-SHM in 531 fs: 0.04103s.
FSSH-SHM in 532 fs: 0.04101s.
FSSH-SHM in 533 fs: 0.04100s.
FSSH-SHM in 534 fs: 0.04112s.
FSSH-SHM in 535 fs: 0.04120s.
FSSH-SHM in 536 fs: 0.04125s.
FSSH-SHM in 537 fs: 0.04123s.
FSSH-SHM in 538 fs: 0.04100s.
FSSH-SHM in 539 fs: 0.04097s.
FSSH-SHM in 540 fs: 0.04118s.
FSSH-SHM in 541 fs: 0.04127s.
FSSH-SHM in 542 fs: 0.04130s.
FSSH-SHM in 543 fs: 0.04129s.
FSSH-SHM in 544 fs: 0.04145s.
FSSH-SHM in 545 fs: 0.04138s.
FSSH-SHM in 546 fs: 0.04125s.
FSSH-SHM in 547 fs: 0.04124s.
FSSH-SHM in 548 fs: 0.04115s.
FSSH-SHM in 549 fs: 0.04103s.
FSSH-SHM in 550 fs: 0.04090s.
FSSH-SHM in 551 fs: 0.04081s.
FSSH-SHM in 552 fs: 0.04084s.
FSSH-SHM in 553 fs: 0.04097s.
FSSH-SHM in 554 fs: 0.04116s.
FSSH-SHM in 555 fs: 0.04117s.
FSSH-SHM in 556 fs: 0.04113s.
FSSH-SHM in 557 fs: 0.04111s.
FSSH-SHM in 558 fs: 0.04097s.
FSSH-SHM in 559 fs: 0.04096s.
FSSH-SHM in 560 fs: 0.04096s.
FSSH-SHM in 561 fs: 0.04107s.
FSSH-SHM in 562 fs: 0.04099s.
FSSH-SHM in 563 fs: 0.04105s.
FSSH-SHM in 564 fs: 0.04119s.
FSSH-SHM in 565 fs: 0.04127s.
FSSH-SHM in 566 fs: 0.04125s.
FSSH-SHM in 567 fs: 0.04124s.
FSSH-SHM in 568 fs: 0.04122s.
FSSH-SHM in 569 fs: 0.04121s.
FSSH-SHM in 570 fs: 0.04120s.
FSSH-SHM in 571 fs: 0.04112s.
FSSH-SHM in 572 fs: 0.04109s.
FSSH-SHM in 573 fs: 0.04127s.
FSSH-SHM in 574 fs: 0.04186s.
FSSH-SHM in 575 fs: 0.04190s.
FSSH-SHM in 576 fs: 0.04130s.
FSSH-SHM in 577 fs: 0.04109s.
FSSH-SHM in 578 fs: 0.04115s.
FSSH-SHM in 579 fs: 0.04115s.
FSSH-SHM in 580 fs: 0.04104s.
FSSH-SHM in 581 fs: 0.04103s.
FSSH-SHM in 582 fs: 0.04087s.
FSSH-SHM in 583 fs: 0.04088s.
FSSH-SHM in 584 fs: 0.04088s.
FSSH-SHM in 585 fs: 0.04094s.
FSSH-SHM in 586 fs: 0.04099s.
FSSH-SHM in 587 fs: 0.04102s.
FSSH-SHM in 588 fs: 0.04105s.
FSSH-SHM in 589 fs: 0.04100s.
FSSH-SHM in 590 fs: 0.04105s.
FSSH-SHM in 591 fs: 0.04099s.
FSSH-SHM in 592 fs: 0.04098s.
FSSH-SHM in 593 fs: 0.04110s.
FSSH-SHM in 594 fs: 0.04122s.
FSSH-SHM in 595 fs: 0.04125s.
FSSH-SHM in 596 fs: 0.04121s.
FSSH-SHM in 597 fs: 0.04126s.
FSSH-SHM in 598 fs: 0.04124s.
FSSH-SHM in 599 fs: 0.04128s.
FSSH-SHM in 600 fs: 0.04127s.
FSSH-SHM in 601 fs: 0.04116s.
FSSH-SHM in 602 fs: 0.04117s.
FSSH-SHM in 603 fs: 0.04112s.
FSSH-SHM in 604 fs: 0.04106s.
FSSH-SHM in 605 fs: 0.04104s.
FSSH-SHM in 606 fs: 0.04102s.
FSSH-SHM in 607 fs: 0.04109s.
FSSH-SHM in 608 fs: 0.04118s.
FSSH-SHM in 609 fs: 0.04114s.
FSSH-SHM in 610 fs: 0.04121s.
FSSH-SHM in 611 fs: 0.04120s.
FSSH-SHM in 612 fs: 0.04113s.
FSSH-SHM in 613 fs: 0.04116s.
FSSH-SHM in 614 fs: 0.04116s.
FSSH-SHM in 615 fs: 0.04118s.
FSSH-SHM in 616 fs: 0.04134s.
FSSH-SHM in 617 fs: 0.04131s.
FSSH-SHM in 618 fs: 0.04131s.
FSSH-SHM in 619 fs: 0.04124s.
FSSH-SHM in 620 fs: 0.04116s.
FSSH-SHM in 621 fs: 0.04113s.
FSSH-SHM in 622 fs: 0.04123s.
FSSH-SHM in 623 fs: 0.04129s.
FSSH-SHM in 624 fs: 0.04122s.
FSSH-SHM in 625 fs: 0.04125s.
FSSH-SHM in 626 fs: 0.04126s.
FSSH-SHM in 627 fs: 0.04122s.
FSSH-SHM in 628 fs: 0.04124s.
FSSH-SHM in 629 fs: 0.04117s.
FSSH-SHM in 630 fs: 0.04122s.
FSSH-SHM in 631 fs: 0.04121s.
FSSH-SHM in 632 fs: 0.04125s.
FSSH-SHM in 633 fs: 0.04122s.
FSSH-SHM in 634 fs: 0.04126s.
FSSH-SHM in 635 fs: 0.04206s.
FSSH-SHM in 636 fs: 0.04127s.
FSSH-SHM in 637 fs: 0.04152s.
FSSH-SHM in 638 fs: 0.04126s.
FSSH-SHM in 639 fs: 0.04119s.
FSSH-SHM in 640 fs: 0.04119s.
FSSH-SHM in 641 fs: 0.04119s.
FSSH-SHM in 642 fs: 0.04116s.
FSSH-SHM in 643 fs: 0.04116s.
FSSH-SHM in 644 fs: 0.04114s.
FSSH-SHM in 645 fs: 0.04112s.
FSSH-SHM in 646 fs: 0.04107s.
FSSH-SHM in 647 fs: 0.04111s.
FSSH-SHM in 648 fs: 0.04104s.
FSSH-SHM in 649 fs: 0.04111s.
FSSH-SHM in 650 fs: 0.04124s.
FSSH-SHM in 651 fs: 0.04114s.
FSSH-SHM in 652 fs: 0.04107s.
FSSH-SHM in 653 fs: 0.04120s.
FSSH-SHM in 654 fs: 0.04120s.
FSSH-SHM in 655 fs: 0.04108s.
FSSH-SHM in 656 fs: 0.04101s.
FSSH-SHM in 657 fs: 0.04121s.
FSSH-SHM in 658 fs: 0.04119s.
FSSH-SHM in 659 fs: 0.04131s.
FSSH-SHM in 660 fs: 0.04130s.
FSSH-SHM in 661 fs: 0.04139s.
FSSH-SHM in 662 fs: 0.04146s.
FSSH-SHM in 663 fs: 0.04138s.
FSSH-SHM in 664 fs: 0.04136s.
FSSH-SHM in 665 fs: 0.04175s.
FSSH-SHM in 666 fs: 0.04127s.
FSSH-SHM in 667 fs: 0.04134s.
FSSH-SHM in 668 fs: 0.04120s.
FSSH-SHM in 669 fs: 0.04103s.
FSSH-SHM in 670 fs: 0.04088s.
FSSH-SHM in 671 fs: 0.04098s.
FSSH-SHM in 672 fs: 0.04114s.
FSSH-SHM in 673 fs: 0.04158s.
FSSH-SHM in 674 fs: 0.04116s.
FSSH-SHM in 675 fs: 0.04128s.
FSSH-SHM in 676 fs: 0.04127s.
FSSH-SHM in 677 fs: 0.04121s.
FSSH-SHM in 678 fs: 0.04127s.
FSSH-SHM in 679 fs: 0.04129s.
FSSH-SHM in 680 fs: 0.04116s.
FSSH-SHM in 681 fs: 0.04116s.
FSSH-SHM in 682 fs: 0.04122s.
FSSH-SHM in 683 fs: 0.04127s.
FSSH-SHM in 684 fs: 0.04120s.
FSSH-SHM in 685 fs: 0.04128s.
FSSH-SHM in 686 fs: 0.04129s.
FSSH-SHM in 687 fs: 0.04107s.
FSSH-SHM in 688 fs: 0.04114s.
FSSH-SHM in 689 fs: 0.04118s.
FSSH-SHM in 690 fs: 0.04128s.
FSSH-SHM in 691 fs: 0.04132s.
FSSH-SHM in 692 fs: 0.04210s.
FSSH-SHM in 693 fs: 0.04205s.
FSSH-SHM in 694 fs: 0.04130s.
FSSH-SHM in 695 fs: 0.04137s.
FSSH-SHM in 696 fs: 0.04133s.
FSSH-SHM in 697 fs: 0.04131s.
FSSH-SHM in 698 fs: 0.04125s.
FSSH-SHM in 699 fs: 0.04119s.
FSSH-SHM in 700 fs: 0.04125s.
FSSH-SHM in 701 fs: 0.04133s.
FSSH-SHM in 702 fs: 0.04139s.
FSSH-SHM in 703 fs: 0.04130s.
FSSH-SHM in 704 fs: 0.04114s.
FSSH-SHM in 705 fs: 0.04106s.
FSSH-SHM in 706 fs: 0.04111s.
FSSH-SHM in 707 fs: 0.04109s.
FSSH-SHM in 708 fs: 0.04119s.
FSSH-SHM in 709 fs: 0.04133s.
FSSH-SHM in 710 fs: 0.04137s.
FSSH-SHM in 711 fs: 0.04117s.
FSSH-SHM in 712 fs: 0.04103s.
FSSH-SHM in 713 fs: 0.04097s.
FSSH-SHM in 714 fs: 0.04107s.
FSSH-SHM in 715 fs: 0.04124s.
FSSH-SHM in 716 fs: 0.04131s.
FSSH-SHM in 717 fs: 0.04122s.
FSSH-SHM in 718 fs: 0.04112s.
FSSH-SHM in 719 fs: 0.04117s.
FSSH-SHM in 720 fs: 0.04123s.
FSSH-SHM in 721 fs: 0.04121s.
FSSH-SHM in 722 fs: 0.04117s.
FSSH-SHM in 723 fs: 0.04119s.
FSSH-SHM in 724 fs: 0.04112s.
FSSH-SHM in 725 fs: 0.04109s.
FSSH-SHM in 726 fs: 0.04109s.
FSSH-SHM in 727 fs: 0.04090s.
FSSH-SHM in 728 fs: 0.04096s.
FSSH-SHM in 729 fs: 0.04113s.
FSSH-SHM in 730 fs: 0.04103s.
FSSH-SHM in 731 fs: 0.04096s.
FSSH-SHM in 732 fs: 0.04084s.
FSSH-SHM in 733 fs: 0.04087s.
FSSH-SHM in 734 fs: 0.04090s.
FSSH-SHM in 735 fs: 0.04097s.
FSSH-SHM in 736 fs: 0.04107s.
FSSH-SHM in 737 fs: 0.04114s.
FSSH-SHM in 738 fs: 0.04136s.
FSSH-SHM in 739 fs: 0.04121s.
FSSH-SHM in 740 fs: 0.04123s.
FSSH-SHM in 741 fs: 0.04125s.
FSSH-SHM in 742 fs: 0.04123s.
FSSH-SHM in 743 fs: 0.04122s.
FSSH-SHM in 744 fs: 0.04103s.
FSSH-SHM in 745 fs: 0.04100s.
FSSH-SHM in 746 fs: 0.04105s.
FSSH-SHM in 747 fs: 0.04117s.
FSSH-SHM in 748 fs: 0.04122s.
FSSH-SHM in 749 fs: 0.04121s.
FSSH-SHM in 750 fs: 0.04127s.
FSSH-SHM in 751 fs: 0.04126s.
FSSH-SHM in 752 fs: 0.04127s.
FSSH-SHM in 753 fs: 0.04137s.
FSSH-SHM in 754 fs: 0.04130s.
FSSH-SHM in 755 fs: 0.04112s.
FSSH-SHM in 756 fs: 0.04110s.
FSSH-SHM in 757 fs: 0.04117s.
FSSH-SHM in 758 fs: 0.04112s.
FSSH-SHM in 759 fs: 0.04128s.
FSSH-SHM in 760 fs: 0.04120s.
FSSH-SHM in 761 fs: 0.04129s.
FSSH-SHM in 762 fs: 0.04128s.
FSSH-SHM in 763 fs: 0.04136s.
FSSH-SHM in 764 fs: 0.04137s.
FSSH-SHM in 765 fs: 0.04126s.
FSSH-SHM in 766 fs: 0.04126s.
FSSH-SHM in 767 fs: 0.04132s.
FSSH-SHM in 768 fs: 0.04136s.
FSSH-SHM in 769 fs: 0.04126s.
FSSH-SHM in 770 fs: 0.04139s.
FSSH-SHM in 771 fs: 0.04146s.
FSSH-SHM in 772 fs: 0.04142s.
FSSH-SHM in 773 fs: 0.04138s.
FSSH-SHM in 774 fs: 0.04136s.
FSSH-SHM in 775 fs: 0.04141s.
FSSH-SHM in 776 fs: 0.04137s.
FSSH-SHM in 777 fs: 0.04140s.
FSSH-SHM in 778 fs: 0.04130s.
FSSH-SHM in 779 fs: 0.04119s.
FSSH-SHM in 780 fs: 0.04099s.
FSSH-SHM in 781 fs: 0.04106s.
FSSH-SHM in 782 fs: 0.04120s.
FSSH-SHM in 783 fs: 0.04126s.
FSSH-SHM in 784 fs: 0.04122s.
FSSH-SHM in 785 fs: 0.04132s.
FSSH-SHM in 786 fs: 0.04124s.
FSSH-SHM in 787 fs: 0.04121s.
FSSH-SHM in 788 fs: 0.04112s.
FSSH-SHM in 789 fs: 0.04108s.
FSSH-SHM in 790 fs: 0.04122s.
FSSH-SHM in 791 fs: 0.04128s.
FSSH-SHM in 792 fs: 0.04139s.
FSSH-SHM in 793 fs: 0.04132s.
FSSH-SHM in 794 fs: 0.04134s.
FSSH-SHM in 795 fs: 0.04129s.
FSSH-SHM in 796 fs: 0.04111s.
FSSH-SHM in 797 fs: 0.04095s.
FSSH-SHM in 798 fs: 0.04091s.
FSSH-SHM in 799 fs: 0.04086s.
FSSH-SHM in 800 fs: 0.04095s.
FSSH-SHM in 801 fs: 0.04099s.
FSSH-SHM in 802 fs: 0.04100s.
FSSH-SHM in 803 fs: 0.04118s.
FSSH-SHM in 804 fs: 0.04122s.
FSSH-SHM in 805 fs: 0.04123s.
FSSH-SHM in 806 fs: 0.04114s.
FSSH-SHM in 807 fs: 0.04121s.
FSSH-SHM in 808 fs: 0.04113s.
FSSH-SHM in 809 fs: 0.04115s.
FSSH-SHM in 810 fs: 0.04112s.
FSSH-SHM in 811 fs: 0.04122s.
FSSH-SHM in 812 fs: 0.04155s.
FSSH-SHM in 813 fs: 0.04124s.
FSSH-SHM in 814 fs: 0.04119s.
FSSH-SHM in 815 fs: 0.04122s.
FSSH-SHM in 816 fs: 0.04165s.
FSSH-SHM in 817 fs: 0.04147s.
FSSH-SHM in 818 fs: 0.04138s.
FSSH-SHM in 819 fs: 0.04137s.
FSSH-SHM in 820 fs: 0.04117s.
FSSH-SHM in 821 fs: 0.04114s.
FSSH-SHM in 822 fs: 0.04145s.
FSSH-SHM in 823 fs: 0.04134s.
FSSH-SHM in 824 fs: 0.04117s.
FSSH-SHM in 825 fs: 0.04125s.
FSSH-SHM in 826 fs: 0.04125s.
FSSH-SHM in 827 fs: 0.04123s.
FSSH-SHM in 828 fs: 0.04131s.
FSSH-SHM in 829 fs: 0.04137s.
FSSH-SHM in 830 fs: 0.04137s.
FSSH-SHM in 831 fs: 0.04128s.
FSSH-SHM in 832 fs: 0.04136s.
FSSH-SHM in 833 fs: 0.04121s.
FSSH-SHM in 834 fs: 0.04128s.
FSSH-SHM in 835 fs: 0.04109s.
FSSH-SHM in 836 fs: 0.04119s.
FSSH-SHM in 837 fs: 0.04133s.
FSSH-SHM in 838 fs: 0.04142s.
FSSH-SHM in 839 fs: 0.04144s.
FSSH-SHM in 840 fs: 0.04137s.
FSSH-SHM in 841 fs: 0.04145s.
FSSH-SHM in 842 fs: 0.04148s.
FSSH-SHM in 843 fs: 0.04148s.
FSSH-SHM in 844 fs: 0.04145s.
FSSH-SHM in 845 fs: 0.04147s.
FSSH-SHM in 846 fs: 0.04137s.
FSSH-SHM in 847 fs: 0.04148s.
FSSH-SHM in 848 fs: 0.04155s.
FSSH-SHM in 849 fs: 0.04140s.
FSSH-SHM in 850 fs: 0.04131s.
FSSH-SHM in 851 fs: 0.04129s.
FSSH-SHM in 852 fs: 0.04147s.
FSSH-SHM in 853 fs: 0.04150s.
FSSH-SHM in 854 fs: 0.04156s.
FSSH-SHM in 855 fs: 0.04139s.
FSSH-SHM in 856 fs: 0.04137s.
FSSH-SHM in 857 fs: 0.04134s.
FSSH-SHM in 858 fs: 0.04121s.
FSSH-SHM in 859 fs: 0.04129s.
FSSH-SHM in 860 fs: 0.04142s.
FSSH-SHM in 861 fs: 0.04145s.
FSSH-SHM in 862 fs: 0.04142s.
FSSH-SHM in 863 fs: 0.04129s.
FSSH-SHM in 864 fs: 0.04131s.
FSSH-SHM in 865 fs: 0.04140s.
FSSH-SHM in 866 fs: 0.04128s.
FSSH-SHM in 867 fs: 0.04135s.
FSSH-SHM in 868 fs: 0.04108s.
FSSH-SHM in 869 fs: 0.04132s.
FSSH-SHM in 870 fs: 0.04145s.
FSSH-SHM in 871 fs: 0.04130s.
FSSH-SHM in 872 fs: 0.04127s.
FSSH-SHM in 873 fs: 0.04119s.
FSSH-SHM in 874 fs: 0.04122s.
FSSH-SHM in 875 fs: 0.04141s.
FSSH-SHM in 876 fs: 0.04127s.
FSSH-SHM in 877 fs: 0.04120s.
FSSH-SHM in 878 fs: 0.04111s.
FSSH-SHM in 879 fs: 0.04123s.
FSSH-SHM in 880 fs: 0.04114s.
FSSH-SHM in 881 fs: 0.04106s.
FSSH-SHM in 882 fs: 0.04109s.
FSSH-SHM in 883 fs: 0.04113s.
FSSH-SHM in 884 fs: 0.04103s.
FSSH-SHM in 885 fs: 0.04099s.
FSSH-SHM in 886 fs: 0.04109s.
FSSH-SHM in 887 fs: 0.04095s.
FSSH-SHM in 888 fs: 0.04101s.
FSSH-SHM in 889 fs: 0.04107s.
FSSH-SHM in 890 fs: 0.04111s.
FSSH-SHM in 891 fs: 0.04122s.
FSSH-SHM in 892 fs: 0.04118s.
FSSH-SHM in 893 fs: 0.04106s.
FSSH-SHM in 894 fs: 0.04095s.
FSSH-SHM in 895 fs: 0.04087s.
FSSH-SHM in 896 fs: 0.04079s.
FSSH-SHM in 897 fs: 0.04102s.
FSSH-SHM in 898 fs: 0.04117s.
FSSH-SHM in 899 fs: 0.04120s.
FSSH-SHM in 900 fs: 0.04109s.
FSSH-SHM in 901 fs: 0.04098s.
FSSH-SHM in 902 fs: 0.04093s.
FSSH-SHM in 903 fs: 0.04107s.
FSSH-SHM in 904 fs: 0.04114s.
FSSH-SHM in 905 fs: 0.04127s.
FSSH-SHM in 906 fs: 0.04120s.
FSSH-SHM in 907 fs: 0.04119s.
FSSH-SHM in 908 fs: 0.04109s.
FSSH-SHM in 909 fs: 0.04131s.
FSSH-SHM in 910 fs: 0.04117s.
FSSH-SHM in 911 fs: 0.04119s.
FSSH-SHM in 912 fs: 0.04120s.
FSSH-SHM in 913 fs: 0.04111s.
FSSH-SHM in 914 fs: 0.04114s.
FSSH-SHM in 915 fs: 0.04111s.
FSSH-SHM in 916 fs: 0.04117s.
FSSH-SHM in 917 fs: 0.04119s.
FSSH-SHM in 918 fs: 0.04127s.
FSSH-SHM in 919 fs: 0.04125s.
FSSH-SHM in 920 fs: 0.04109s.
FSSH-SHM in 921 fs: 0.04110s.
FSSH-SHM in 922 fs: 0.04125s.
FSSH-SHM in 923 fs: 0.04110s.
FSSH-SHM in 924 fs: 0.04085s.
FSSH-SHM in 925 fs: 0.04083s.
FSSH-SHM in 926 fs: 0.04073s.
FSSH-SHM in 927 fs: 0.04087s.
FSSH-SHM in 928 fs: 0.04109s.
FSSH-SHM in 929 fs: 0.04118s.
FSSH-SHM in 930 fs: 0.04130s.
FSSH-SHM in 931 fs: 0.04146s.
FSSH-SHM in 932 fs: 0.04149s.
FSSH-SHM in 933 fs: 0.04136s.
FSSH-SHM in 934 fs: 0.04115s.
FSSH-SHM in 935 fs: 0.04113s.
FSSH-SHM in 936 fs: 0.04102s.
FSSH-SHM in 937 fs: 0.04104s.
FSSH-SHM in 938 fs: 0.04107s.
FSSH-SHM in 939 fs: 0.04125s.
FSSH-SHM in 940 fs: 0.04131s.
FSSH-SHM in 941 fs: 0.04127s.
FSSH-SHM in 942 fs: 0.04132s.
FSSH-SHM in 943 fs: 0.04126s.
FSSH-SHM in 944 fs: 0.04130s.
FSSH-SHM in 945 fs: 0.04121s.
FSSH-SHM in 946 fs: 0.04115s.
FSSH-SHM in 947 fs: 0.04118s.
FSSH-SHM in 948 fs: 0.04112s.
FSSH-SHM in 949 fs: 0.04116s.
FSSH-SHM in 950 fs: 0.04125s.
FSSH-SHM in 951 fs: 0.04140s.
FSSH-SHM in 952 fs: 0.04140s.
FSSH-SHM in 953 fs: 0.04120s.
FSSH-SHM in 954 fs: 0.04115s.
FSSH-SHM in 955 fs: 0.04106s.
FSSH-SHM in 956 fs: 0.04104s.
FSSH-SHM in 957 fs: 0.04107s.
FSSH-SHM in 958 fs: 0.04119s.
FSSH-SHM in 959 fs: 0.04124s.
FSSH-SHM in 960 fs: 0.04121s.
FSSH-SHM in 961 fs: 0.04111s.
FSSH-SHM in 962 fs: 0.04118s.
FSSH-SHM in 963 fs: 0.04116s.
FSSH-SHM in 964 fs: 0.04123s.
FSSH-SHM in 965 fs: 0.04122s.
FSSH-SHM in 966 fs: 0.04109s.
FSSH-SHM in 967 fs: 0.04126s.
FSSH-SHM in 968 fs: 0.04127s.
FSSH-SHM in 969 fs: 0.04140s.
FSSH-SHM in 970 fs: 0.04136s.
FSSH-SHM in 971 fs: 0.04128s.
FSSH-SHM in 972 fs: 0.04124s.
FSSH-SHM in 973 fs: 0.04129s.
FSSH-SHM in 974 fs: 0.04131s.
FSSH-SHM in 975 fs: 0.04129s.
FSSH-SHM in 976 fs: 0.04101s.
FSSH-SHM in 977 fs: 0.04096s.
FSSH-SHM in 978 fs: 0.04096s.
FSSH-SHM in 979 fs: 0.04126s.
FSSH-SHM in 980 fs: 0.04138s.
FSSH-SHM in 981 fs: 0.04131s.
FSSH-SHM in 982 fs: 0.04117s.
FSSH-SHM in 983 fs: 0.04124s.
FSSH-SHM in 984 fs: 0.04123s.
FSSH-SHM in 985 fs: 0.04115s.
FSSH-SHM in 986 fs: 0.04114s.
FSSH-SHM in 987 fs: 0.04110s.
FSSH-SHM in 988 fs: 0.04110s.
FSSH-SHM in 989 fs: 0.04107s.
FSSH-SHM in 990 fs: 0.04139s.
FSSH-SHM in 991 fs: 0.04122s.
FSSH-SHM in 992 fs: 0.04125s.
FSSH-SHM in 993 fs: 0.04125s.
FSSH-SHM in 994 fs: 0.04131s.
FSSH-SHM in 995 fs: 0.04137s.
FSSH-SHM in 996 fs: 0.04129s.
FSSH-SHM in 997 fs: 0.04137s.
FSSH-SHM in 998 fs: 0.04119s.
FSSH-SHM in 999 fs: 0.04115s.
Sample 0, FSSH time: 41.328845s.
FSSH time in sample 0: 42.381642s
